Component: ARM Compiler 5.06 update 7 (build 960) Tool: armlink [4d3601]

==============================================================================

Section Cross References

    startup_stm32f103xe.o(RESET) refers to startup_stm32f103xe.o(STACK) for __initial_sp
    startup_stm32f103xe.o(RESET) refers to startup_stm32f103xe.o(.text) for Reset_Handler
    startup_stm32f103xe.o(RESET) refers to stm32f1xx_it.o(i.NMI_Handler) for NMI_Handler
    startup_stm32f103xe.o(RESET) refers to stm32f1xx_it.o(i.HardFault_Handler) for HardFault_Handler
    startup_stm32f103xe.o(RESET) refers to stm32f1xx_it.o(i.MemManage_Handler) for MemManage_Handler
    startup_stm32f103xe.o(RESET) refers to stm32f1xx_it.o(i.BusFault_Handler) for BusFault_Handler
    startup_stm32f103xe.o(RESET) refers to stm32f1xx_it.o(i.UsageFault_Handler) for UsageFault_Handler
    startup_stm32f103xe.o(RESET) refers to stm32f1xx_it.o(i.SVC_Handler) for SVC_Handler
    startup_stm32f103xe.o(RESET) refers to stm32f1xx_it.o(i.DebugMon_Handler) for DebugMon_Handler
    startup_stm32f103xe.o(RESET) refers to stm32f1xx_it.o(i.PendSV_Handler) for PendSV_Handler
    startup_stm32f103xe.o(RESET) refers to stm32f1xx_it.o(i.SysTick_Handler) for SysTick_Handler
    startup_stm32f103xe.o(RESET) refers to stm32f1xx_it.o(i.EXTI0_IRQHandler) for EXTI0_IRQHandler
    startup_stm32f103xe.o(RESET) refers to stm32f1xx_it.o(i.EXTI1_IRQHandler) for EXTI1_IRQHandler
    startup_stm32f103xe.o(RESET) refers to stm32f1xx_it.o(i.EXTI4_IRQHandler) for EXTI4_IRQHandler
    startup_stm32f103xe.o(RESET) refers to stm32f1xx_it.o(i.USART1_IRQHandler) for USART1_IRQHandler
    startup_stm32f103xe.o(RESET) refers to stm32f1xx_it.o(i.UART4_IRQHandler) for UART4_IRQHandler
    startup_stm32f103xe.o(.text) refers to system_stm32f1xx.o(i.SystemInit) for SystemInit
    startup_stm32f103xe.o(.text) refers to entry.o(.ARM.Collect$$$$00000000) for __main
    myrtc.o(i.MyRTC_GetTime) refers to myrtc.o(i.rtc_is_leap_year) for rtc_is_leap_year
    myrtc.o(i.MyRTC_GetTime) refers to myrtc.o(i.rtc_get_week) for rtc_get_week
    myrtc.o(i.MyRTC_GetTime) refers to myrtc.o(.data) for .data
    myrtc.o(i.MyRTC_GetTime) refers to myrtc.o(.bss) for .bss
    myrtc.o(i.MyRTC_Init) refers to stm32f1xx_hal_pwr.o(i.HAL_PWR_EnableBkUpAccess) for HAL_PWR_EnableBkUpAccess
    myrtc.o(i.MyRTC_Init) refers to stm32f1xx_hal_rtc_ex.o(i.HAL_RTCEx_BKUPRead) for HAL_RTCEx_BKUPRead
    myrtc.o(i.MyRTC_Init) refers to stm32f1xx_hal_rtc_ex.o(i.HAL_RTCEx_BKUPWrite) for HAL_RTCEx_BKUPWrite
    myrtc.o(i.MyRTC_Init) refers to stm32f1xx_hal_rtc.o(i.HAL_RTC_Init) for HAL_RTC_Init
    myrtc.o(i.MyRTC_Init) refers to main.o(i.Error_Handler) for Error_Handler
    myrtc.o(i.MyRTC_Init) refers to memcpya.o(.text) for __aeabi_memcpy4
    myrtc.o(i.MyRTC_Init) refers to myrtc.o(i.MyRTC_SetTime) for MyRTC_SetTime
    myrtc.o(i.MyRTC_Init) refers to rtc.o(.bss) for hrtc
    myrtc.o(i.MyRTC_Init) refers to myrtc.o(.constdata) for .constdata
    myrtc.o(i.MyRTC_SetTime) refers to myrtc.o(i.rtc_date2sec) for rtc_date2sec
    myrtc.o(i.MyRTC_SetTime) refers to stm32f1xx_hal_pwr.o(i.HAL_PWR_EnableBkUpAccess) for HAL_PWR_EnableBkUpAccess
    myrtc.o(i.MyRTC_SetTime) refers to rtc.o(.bss) for hrtc
    myrtc.o(i.rtc_set_time) refers to myrtc.o(i.rtc_date2sec) for rtc_date2sec
    myrtc.o(i.rtc_set_time) refers to stm32f1xx_hal_pwr.o(i.HAL_PWR_EnableBkUpAccess) for HAL_PWR_EnableBkUpAccess
    myrtc.o(i.rtc_set_time) refers to rtc.o(.bss) for hrtc
    main.o(i.SystemClock_Config) refers to memseta.o(.text) for __aeabi_memclr4
    main.o(i.SystemClock_Config) refers to stm32f1xx_hal_rcc.o(i.HAL_RCC_OscConfig) for HAL_RCC_OscConfig
    main.o(i.SystemClock_Config) refers to stm32f1xx_hal_rcc.o(i.HAL_RCC_ClockConfig) for HAL_RCC_ClockConfig
    main.o(i.SystemClock_Config) refers to stm32f1xx_hal_rcc_ex.o(i.HAL_RCCEx_PeriphCLKConfig) for HAL_RCCEx_PeriphCLKConfig
    main.o(i.main) refers to stm32f1xx_hal.o(i.HAL_Init) for HAL_Init
    main.o(i.main) refers to main.o(i.SystemClock_Config) for SystemClock_Config
    main.o(i.main) refers to gpio.o(i.MX_GPIO_Init) for MX_GPIO_Init
    main.o(i.main) refers to usart.o(i.MX_USART1_UART_Init) for MX_USART1_UART_Init
    main.o(i.main) refers to usart.o(i.MX_UART4_Init) for MX_UART4_Init
    main.o(i.main) refers to spi.o(i.MX_SPI1_Init) for MX_SPI1_Init
    main.o(i.main) refers to rtc.o(i.MX_RTC_Init) for MX_RTC_Init
    main.o(i.main) refers to bsp_lcd_ili9341.o(i.LCD_Init) for LCD_Init
    main.o(i.main) refers to rc522.o(i.MFRC522_Init) for MFRC522_Init
    main.o(i.main) refers to myrtc.o(i.rtc_set_time) for rtc_set_time
    main.o(i.main) refers to myui.o(i.UI_Init) for UI_Init
    main.o(i.main) refers to wifi.o(i.TcpServe_Init) for TcpServe_Init
    main.o(i.main) refers to printfa.o(i.__0printf) for __2printf
    main.o(i.main) refers to rc522.o(i.MFRC522_Check) for MFRC522_Check
    main.o(i.main) refers to stm32f1xx_hal.o(i.HAL_GetTick) for HAL_GetTick
[...]
    ..\Drivers\STM32F1xx_HAL_Driver\Src\stm32f1xx_hal_pwr.c 0x00000000   Number         0  stm32f1xx_hal_pwr.o ABSOLUTE
    ..\Drivers\STM32F1xx_HAL_Driver\Src\stm32f1xx_hal_rcc.c 0x00000000   Number         0  stm32f1xx_hal_rcc.o ABSOLUTE
    ..\Drivers\STM32F1xx_HAL_Driver\Src\stm32f1xx_hal_rcc_ex.c 0x00000000   Number         0  stm32f1xx_hal_rcc_ex.o ABSOLUTE
    ..\Drivers\STM32F1xx_HAL_Driver\Src\stm32f1xx_hal_rtc.c 0x00000000   Number         0  stm32f1xx_hal_rtc.o ABSOLUTE
    ..\Drivers\STM32F1xx_HAL_Driver\Src\stm32f1xx_hal_rtc_ex.c 0x00000000   Number         0  stm32f1xx_hal_rtc_ex.o ABSOLUTE
    ..\Drivers\STM32F1xx_HAL_Driver\Src\stm32f1xx_hal_spi.c 0x00000000   Number         0  stm32f1xx_hal_spi.o ABSOLUTE
    ..\Drivers\STM32F1xx_HAL_Driver\Src\stm32f1xx_hal_tim.c 0x00000000   Number         0  stm32f1xx_hal_tim.o ABSOLUTE
    ..\Drivers\STM32F1xx_HAL_Driver\Src\stm32f1xx_hal_tim_ex.c 0x00000000   Number         0  stm32f1xx_hal_tim_ex.o ABSOLUTE
    ..\Drivers\STM32F1xx_HAL_Driver\Src\stm32f1xx_hal_uart.c 0x00000000   Number         0  stm32f1xx_hal_uart.o ABSOLUTE
    ..\Hardware\ESP32\esp32.c                0x00000000   Number         0  esp32.o ABSOLUTE
    ..\Hardware\Key\key.c                    0x00000000   Number         0  key.o ABSOLUTE
    ..\Hardware\LCD\MyUI.c                   0x00000000   Number         0  myui.o ABSOLUTE
    ..\Hardware\LCD\bsp_LCD_ILI9341.c        0x00000000   Number         0  bsp_lcd_ili9341.o ABSOLUTE
    ..\Hardware\Led\led.c                    0x00000000   Number         0  led.o ABSOLUTE
    ..\Hardware\RC522\rc522.c                0x00000000   Number         0  rc522.o ABSOLUTE
    ..\Hardware\WIFI\wifi.c                  0x00000000   Number         0  wifi.o ABSOLUTE
    ..\\Core\\Src\\MyRTC.c                   0x00000000   Number         0  myrtc.o ABSOLUTE
    ..\\Core\\Src\\systemfunction.c          0x00000000   Number         0  systemfunction.o ABSOLUTE
    ..\\Hardware\\ESP32\\esp32.c             0x00000000   Number         0  esp32.o ABSOLUTE
    ..\\Hardware\\Key\\key.c                 0x00000000   Number         0  key.o ABSOLUTE
    ..\\Hardware\\LCD\\MyUI.c                0x00000000   Number         0  myui.o ABSOLUTE
    ..\\Hardware\\LCD\\bsp_LCD_ILI9341.c     0x00000000   Number         0  bsp_lcd_ili9341.o ABSOLUTE
    ..\\Hardware\\Led\\led.c                 0x00000000   Number         0  led.o ABSOLUTE
    ..\\Hardware\\RC522\\rc522.c             0x00000000   Number         0  rc522.o ABSOLUTE
    ..\\Hardware\\WIFI\\wifi.c               0x00000000   Number         0  wifi.o ABSOLUTE
    cdrcmple.s                               0x00000000   Number         0  cdrcmple.o ABSOLUTE
    dc.s                                     0x00000000   Number         0  dc.o ABSOLUTE
    handlers.s                               0x00000000   Number         0  handlers.o ABSOLUTE
    init.s                                   0x00000000   Number         0  init.o ABSOLUTE
    startup_stm32f103xe.s                    0x00000000   Number         0  startup_stm32f103xe.o ABSOLUTE
    RESET                                    0x08000000   Section      304  startup_stm32f103xe.o(RESET)
    .ARM.Collect$$$$00000000                 0x08000130   Section        0  entry.o(.ARM.Collect$$$$00000000)
    .ARM.Collect$$$$00000001                 0x08000130   Section        4  entry2.o(.ARM.Collect$$$$00000001)
    .ARM.Collect$$$$00000004                 0x08000134   Section        4  entry5.o(.ARM.Collect$$$$00000004)
    .ARM.Collect$$$$00000008                 0x08000138   Section        0  entry7b.o(.ARM.Collect$$$$00000008)
    .ARM.Collect$$$$0000000A                 0x08000138   Section        0  entry8b.o(.ARM.Collect$$$$0000000A)
    .ARM.Collect$$$$0000000B                 0x08000138   Section        8  entry9a.o(.ARM.Collect$$$$0000000B)
    .ARM.Collect$$$$0000000E                 0x08000140   Section        4  entry12b.o(.ARM.Collect$$$$0000000E)
    .ARM.Collect$$$$0000000F                 0x08000144   Section        0  entry10a.o(.ARM.Collect$$$$0000000F)
    .ARM.Collect$$$$00000011                 0x08000144   Section        0  entry11a.o(.ARM.Collect$$$$00000011)
    .ARM.Collect$$$$00002712                 0x08000144   Section        4  entry2.o(.ARM.Collect$$$$00002712)
    __lit__00000000                          0x08000144   Data           4  entry2.o(.ARM.Collect$$$$00002712)
    .text                                    0x08000148   Section       36  startup_stm32f103xe.o(.text)
    .text                                    0x0800016c   Section        0  llushr.o(.text)
    .text                                    0x0800018c   Section        0  memcpya.o(.text)
    .text                                    0x080001b0   Section        0  memseta.o(.text)
    .text                                    0x080001d4   Section        0  strstr.o(.text)
    .text                                    0x080001f8   Section        0  strchr.o(.text)
    .text                                    0x0800020c   Section        0  strlen.o(.text)
    .text                                    0x0800021a   Section        0  memcmp.o(.text)
    .text                                    0x08000234   Section        0  strcpy.o(.text)
    .text                                    0x08000248   Section        0  __0sscanf.o(.text)
    .text                                    0x08000280   Section        0  _scanf_int.o(.text)
    .text                                    0x080003cc   Section        0  uidiv.o(.text)
    .text                                    0x080003f8   Section        0  uldiv.o(.text)
    .text                                    0x0800045a   Section        0  _chval.o(.text)
    .text                                    0x08000478   Section        0  scanf_char.o(.text)
    _scanf_char_input                        0x08000479   Thumb Code    12  scanf_char.o(.text)
    .text                                    0x080004a0   Section        0  _sgetc.o(.text)
    .text                                    0x080004e0   Section        0  dadd.o(.text)
    .text                                    0x080004e0   Section        0  iusefp.o(.text)
    .text                                    0x0800062e   Section        0  dmul.o(.text)
    .text                                    0x08000712   Section        0  ddiv.o(.text)
    .text                                    0x080007f0   Section        0  dfixul.o(.text)
    .text                                    0x08000820   Section       48  cdrcmple.o(.text)
    .text                                    0x08000850   Section       36  init.o(.text)
    .text                                    0x08000874   Section        0  llshl.o(.text)
    .text                                    0x08000892   Section        0  llsshr.o(.text)
    .text                                    0x080008b6   Section        0  isspace_c.o(.text)
    .text                                    0x080008c0   Section        0  _scanf.o(.text)
    .text                                    0x08000bf0   Section        0  depilogue.o(.text)
    .text                                    0x08000cac   Section        0  ctype_c.o(.text)
    .text                                    0x08000cd4   Section        0  __dczerorl2.o(.text)
    i.BusFault_Handler                       0x08000d2a   Section        0  stm32f1xx_it.o(i.BusFault_Handler)
    i.DebugMon_Handler                       0x08000d2c   Section        0  stm32f1xx_it.o(i.DebugMon_Handler)
    i.ESP32_SendCmd                          0x08000d30   Section        0  esp32.o(i.ESP32_SendCmd)
    i.EXTI0_IRQHandler                       0x08000e38   Section        0  stm32f1xx_it.o(i.EXTI0_IRQHandler)
    i.EXTI1_IRQHandler                       0x08000e3e   Section        0  stm32f1xx_it.o(i.EXTI1_IRQHandler)
    i.EXTI4_IRQHandler                       0x08000e44   Section        0  stm32f1xx_it.o(i.EXTI4_IRQHandler)
    i.Error_Handler                          0x08000e4a   Section        0  main.o(i.Error_Handler)
    i.HAL_DMA_Abort                          0x08000e4e   Section        0  stm32f1xx_hal_dma.o(i.HAL_DMA_Abort)
    i.HAL_DMA_Abort_IT                       0x08000e94   Section        0  stm32f1xx_hal_dma.o(i.HAL_DMA_Abort_IT)
    i.HAL_Delay                              0x08000fc4   Section        0  stm32f1xx_hal.o(i.HAL_Delay)
    i.HAL_GPIO_EXTI_Callback                 0x08000fe8   Section        0  key.o(i.HAL_GPIO_EXTI_Callback)
    i.HAL_GPIO_EXTI_IRQHandler               0x08001008   Section        0  stm32f1xx_hal_gpio.o(i.HAL_GPIO_EXTI_IRQHandler)
    i.HAL_GPIO_Init                          0x08001020   Section        0  stm32f1xx_hal_gpio.o(i.HAL_GPIO_Init)
    i.HAL_GPIO_ReadPin                       0x08001218   Section        0  stm32f1xx_hal_gpio.o(i.HAL_GPIO_ReadPin)
    i.HAL_GPIO_WritePin                      0x08001222   Section        0  stm32f1xx_hal_gpio.o(i.HAL_GPIO_WritePin)
    i.HAL_GetTick                            0x0800122c   Section        0  stm32f1xx_hal.o(i.HAL_GetTick)
    i.HAL_IncTick                            0x08001238   Section        0  stm32f1xx_hal.o(i.HAL_IncTick)
    i.HAL_Init                               0x08001248   Section        0  stm32f1xx_hal.o(i.HAL_Init)
    i.HAL_InitTick                           0x0800126c   Section        0  stm32f1xx_hal.o(i.HAL_InitTick)
    i.HAL_MspInit                            0x080012ac   Section        0  stm32f1xx_hal_msp.o(i.HAL_MspInit)
    i.HAL_NVIC_EnableIRQ                     0x080012e8   Section        0  stm32f1xx_hal_cortex.o(i.HAL_NVIC_EnableIRQ)
    i.HAL_NVIC_SetPriority                   0x08001304   Section        0  stm32f1xx_hal_cortex.o(i.HAL_NVIC_SetPriority)
    i.HAL_NVIC_SetPriorityGrouping           0x08001344   Section        0  stm32f1xx_hal_cortex.o(i.HAL_NVIC_SetPriorityGrouping)
    i.HAL_PWR_EnableBkUpAccess               0x08001368   Section        0  stm32f1xx_hal_pwr.o(i.HAL_PWR_EnableBkUpAccess)
    i.HAL_RCCEx_GetPeriphCLKFreq             0x08001374   Section        0  stm32f1xx_hal_rcc_ex.o(i.HAL_RCCEx_GetPeriphCLKFreq)
    i.HAL_RCCEx_PeriphCLKConfig              0x0800142c   Section        0  stm32f1xx_hal_rcc_ex.o(i.HAL_RCCEx_PeriphCLKConfig)
    i.HAL_RCC_ClockConfig                    0x08001518   Section        0  stm32f1xx_hal_rcc.o(i.HAL_RCC_ClockConfig)
    i.HAL_RCC_GetPCLK1Freq                   0x08001644   Section        0  stm32f1xx_hal_rcc.o(i.HAL_RCC_GetPCLK1Freq)
    i.HAL_RCC_GetPCLK2Freq                   0x08001664   Section        0  stm32f1xx_hal_rcc.o(i.HAL_RCC_GetPCLK2Freq)
    i.HAL_RCC_GetSysClockFreq                0x08001684   Section        0  stm32f1xx_hal_rcc.o(i.HAL_RCC_GetSysClockFreq)
    i.HAL_RCC_OscConfig                      0x080016d0   Section        0  stm32f1xx_hal_rcc.o(i.HAL_RCC_OscConfig)
    i.HAL_RTCEx_BKUPRead                     0x080019f0   Section        0  stm32f1xx_hal_rtc_ex.o(i.HAL_RTCEx_BKUPRead)
    i.HAL_RTCEx_BKUPWrite                    0x08001a00   Section        0  stm32f1xx_hal_rtc_ex.o(i.HAL_RTCEx_BKUPWrite)
    i.HAL_RTC_Init                           0x08001a10   Section        0  stm32f1xx_hal_rtc.o(i.HAL_RTC_Init)
    i.HAL_RTC_MspInit                        0x08001aa4   Section        0  rtc.o(i.HAL_RTC_MspInit)
    i.HAL_RTC_WaitForSynchro                 0x08001ad8   Section        0  stm32f1xx_hal_rtc.o(i.HAL_RTC_WaitForSynchro)
    i.HAL_SPI_Init                           0x08001b12   Section        0  stm32f1xx_hal_spi.o(i.HAL_SPI_Init)
    i.HAL_SPI_MspInit                        0x08001bc4   Section        0  spi.o(i.HAL_SPI_MspInit)
    i.HAL_SPI_TransmitReceive                0x08001c34   Section        0  stm32f1xx_hal_spi.o(i.HAL_SPI_TransmitReceive)
    i.HAL_SYSTICK_Config                     0x08001e24   Section        0  stm32f1xx_hal_cortex.o(i.HAL_SYSTICK_Config)
    i.HAL_UARTEx_ReceiveToIdle               0x08001e4c   Section        0  stm32f1xx_hal_uart.o(i.HAL_UARTEx_ReceiveToIdle)
    i.HAL_UARTEx_RxEventCallback             0x08001f3c   Section        0  stm32f1xx_hal_uart.o(i.HAL_UARTEx_RxEventCallback)
    i.HAL_UART_ErrorCallback                 0x08001f3e   Section        0  stm32f1xx_hal_uart.o(i.HAL_UART_ErrorCallback)
    i.HAL_UART_IRQHandler                    0x08001f40   Section        0  stm32f1xx_hal_uart.o(i.HAL_UART_IRQHandler)
    i.HAL_UART_Init                          0x080021ac   Section        0  stm32f1xx_hal_uart.o(i.HAL_UART_Init)
    i.HAL_UART_MspInit                       0x08002210   Section        0  usart.o(i.HAL_UART_MspInit)
    i.HAL_UART_Receive_IT                    0x080022ec   Section        0  stm32f1xx_hal_uart.o(i.HAL_UART_Receive_IT)
    i.HAL_UART_RxCpltCallback                0x08002308   Section        0  wifi.o(i.HAL_UART_RxCpltCallback)
    i.HAL_UART_Transmit                      0x08002384   Section        0  stm32f1xx_hal_uart.o(i.HAL_UART_Transmit)
    i.HAL_UART_TxCpltCallback                0x08002424   Section        0  stm32f1xx_hal_uart.o(i.HAL_UART_TxCpltCallback)
    i.HardFault_Handler                      0x08002426   Section        0  stm32f1xx_it.o(i.HardFault_Handler)
    i.Key3_Status                            0x08002428   Section        0  key.o(i.Key3_Status)
    i.LCD_DrawPoint                          0x08002450   Section        0  bsp_lcd_ili9341.o(i.LCD_DrawPoint)
    i.LCD_Fill                               0x080024bc   Section        0  bsp_lcd_ili9341.o(i.LCD_Fill)
    i.LCD_Init                               0x080024f8   Section        0  bsp_lcd_ili9341.o(i.LCD_Init)
    i.LCD_SetDir                             0x08002830   Section        0  bsp_lcd_ili9341.o(i.LCD_SetDir)
    i.LCD_ShowChinese                        0x08002894   Section        0  bsp_lcd_ili9341.o(i.LCD_ShowChinese)
    i.LCD_String                             0x0800296c   Section        0  bsp_lcd_ili9341.o(i.LCD_String)
    i.MFRC522_AntennaOn                      0x08002a04   Section        0  rc522.o(i.MFRC522_AntennaOn)
    i.MFRC522_Anticoll                       0x08002a1e   Section        0  rc522.o(i.MFRC522_Anticoll)
    i.MFRC522_CalculateCRC                   0x08002a60   Section        0  rc522.o(i.MFRC522_CalculateCRC)
    i.MFRC522_Check                          0x08002abe   Section        0  rc522.o(i.MFRC522_Check)
    i.MFRC522_ClearBitMask                   0x08002ade   Section        0  rc522.o(i.MFRC522_ClearBitMask)
    i.MFRC522_Halt                           0x08002af6   Section        0  rc522.o(i.MFRC522_Halt)
    i.MFRC522_Init                           0x08002b22   Section        0  rc522.o(i.MFRC522_Init)
    i.MFRC522_ReadRegister                   0x08002b70   Section        0  rc522.o(i.MFRC522_ReadRegister)
    i.MFRC522_Request                        0x08002b7e   Section        0  rc522.o(i.MFRC522_Request)
    i.MFRC522_Reset                          0x08002bac   Section        0  rc522.o(i.MFRC522_Reset)
    i.MFRC522_SelectTag                      0x08002bb4   Section        0  rc522.o(i.MFRC522_SelectTag)
    i.MFRC522_SetBitMask                     0x08002c06   Section        0  rc522.o(i.MFRC522_SetBitMask)
    i.MFRC522_ToCard                         0x08002c1e   Section        0  rc522.o(i.MFRC522_ToCard)
    i.MFRC522_WriteRegister                  0x08002d32   Section        0  rc522.o(i.MFRC522_WriteRegister)
    i.MX_GPIO_Init                           0x08002d3c   Section        0  gpio.o(i.MX_GPIO_Init)
    i.MX_RTC_Init                            0x08002e5c   Section        0  rtc.o(i.MX_RTC_Init)
    i.MX_SPI1_Init                           0x08002e7c   Section        0  spi.o(i.MX_SPI1_Init)
    i.MX_UART4_Init                          0x08002ec4   Section        0  usart.o(i.MX_UART4_Init)
    i.MX_USART1_UART_Init                    0x08002efc   Section        0  usart.o(i.MX_USART1_UART_Init)
    i.MemManage_Handler                      0x08002f34   Section        0  stm32f1xx_it.o(i.MemManage_Handler)
    i.MyRTC_GetTime                          0x08002f38   Section        0  myrtc.o(i.MyRTC_GetTime)
    i.MyRTC_Init                             0x08003028   Section        0  myrtc.o(i.MyRTC_Init)
    i.MyRTC_SetTime                          0x08003094   Section        0  myrtc.o(i.MyRTC_SetTime)
    i.NMI_Handler                            0x0800311c   Section        0  stm32f1xx_it.o(i.NMI_Handler)
    i.PendSV_Handler                         0x0800311e   Section        0  stm32f1xx_it.o(i.PendSV_Handler)
    i.RTC_EnterInitMode                      0x08003120   Section        0  stm32f1xx_hal_rtc.o(i.RTC_EnterInitMode)
    RTC_EnterInitMode                        0x08003121   Thumb Code    52  stm32f1xx_hal_rtc.o(i.RTC_EnterInitMode)
    i.RTC_ExitInitMode                       0x08003154   Section        0  stm32f1xx_hal_rtc.o(i.RTC_ExitInitMode)
    RTC_ExitInitMode                         0x08003155   Thumb Code    54  stm32f1xx_hal_rtc.o(i.RTC_ExitInitMode)
    i.SPI1SendByte                           0x0800318c   Section        0  rc522.o(i.SPI1SendByte)
    i.SPI1_ReadReg                           0x080031ac   Section        0  rc522.o(i.SPI1_ReadReg)
    i.SPI1_WriteReg                          0x080031dc   Section        0  rc522.o(i.SPI1_WriteReg)
    i.SPI_EndRxTxTransaction                 0x0800320c   Section        0  stm32f1xx_hal_spi.o(i.SPI_EndRxTxTransaction)
    SPI_EndRxTxTransaction                   0x0800320d   Thumb Code    52  stm32f1xx_hal_spi.o(i.SPI_EndRxTxTransaction)
    i.SPI_WaitFlagStateUntilTimeout          0x08003240   Section        0  stm32f1xx_hal_spi.o(i.SPI_WaitFlagStateUntilTimeout)
    SPI_WaitFlagStateUntilTimeout            0x08003241   Thumb Code   180  stm32f1xx_hal_spi.o(i.SPI_WaitFlagStateUntilTimeout)
    i.SVC_Handler                            0x080032f8   Section        0  stm32f1xx_it.o(i.SVC_Handler)
    i.String_Index                           0x080032fc   Section        0  bsp_lcd_ili9341.o(i.String_Index)
    i.SysTick_Handler                        0x08003344   Section        0  stm32f1xx_it.o(i.SysTick_Handler)
    i.SystemClock_Config                     0x08003348   Section        0  main.o(i.SystemClock_Config)
    i.SystemInit                             0x080033c8   Section        0  system_stm32f1xx.o(i.SystemInit)
    i.TcpServe_Init                          0x080033cc   Section        0  wifi.o(i.TcpServe_Init)
    i.UART4_IRQHandler                       0x080034f4   Section        0  stm32f1xx_it.o(i.UART4_IRQHandler)
    i.UART_DMAAbortOnError                   0x08003500   Section        0  stm32f1xx_hal_uart.o(i.UART_DMAAbortOnError)
    UART_DMAAbortOnError                     0x08003501   Thumb Code    16  stm32f1xx_hal_uart.o(i.UART_DMAAbortOnError)
    i.UART_EndRxTransfer                     0x08003510   Section        0  stm32f1xx_hal_uart.o(i.UART_EndRxTransfer)
    UART_EndRxTransfer                       0x08003511   Thumb Code    78  stm32f1xx_hal_uart.o(i.UART_EndRxTransfer)
    i.UART_Receive_IT                        0x0800355e   Section        0  stm32f1xx_hal_uart.o(i.UART_Receive_IT)
    UART_Receive_IT                          0x0800355f   Thumb Code   194  stm32f1xx_hal_uart.o(i.UART_Receive_IT)
    i.UART_SetConfig                         0x08003620   Section        0  stm32f1xx_hal_uart.o(i.UART_SetConfig)
    UART_SetConfig                           0x08003621   Thumb Code   178  stm32f1xx_hal_uart.o(i.UART_SetConfig)
    i.UART_Start_Receive_IT                  0x080036d8   Section        0  stm32f1xx_hal_uart.o(i.UART_Start_Receive_IT)
    i.UART_WaitOnFlagUntilTimeout            0x0800370e   Section        0  stm32f1xx_hal_uart.o(i.UART_WaitOnFlagUntilTimeout)
    UART_WaitOnFlagUntilTimeout              0x0800370f   Thumb Code   114  stm32f1xx_hal_uart.o(i.UART_WaitOnFlagUntilTimeout)
    i.UI_Init                                0x08003780   Section        0  myui.o(i.UI_Init)
    i.UI_ShowCardID                          0x080038f8   Section        0  myui.o(i.UI_ShowCardID)
    i.UI_ShowState                           0x08003926   Section        0  myui.o(i.UI_ShowState)
    i.UI_ShowString                          0x08003954   Section        0  myui.o(i.UI_ShowString)
    i.UI_ShowTime                            0x08003994   Section        0  myui.o(i.UI_ShowTime)
    i.UI_Success                             0x080039f0   Section        0  myui.o(i.UI_Success)
    i.UI_UpdateRecord                        0x08003a34   Section        0  myui.o(i.UI_UpdateRecord)
    i.UI_Waiting                             0x08003a7c   Section        0  myui.o(i.UI_Waiting)
    i.USART1_IRQHandler                      0x08003ac4   Section        0  stm32f1xx_it.o(i.USART1_IRQHandler)
    i.UsageFault_Handler                     0x08003ad0   Section        0  stm32f1xx_it.o(i.UsageFault_Handler)
    i.WIFI_AP_Mode                           0x08003ad4   Section        0  wifi.o(i.WIFI_AP_Mode)
    WIFI_AP_Mode                             0x08003ad5   Thumb Code   138  wifi.o(i.WIFI_AP_Mode)
    i.WIFI_TCP_SendData                      0x08003cbc   Section        0  wifi.o(i.WIFI_TCP_SendData)
    i.WIFI_TCP_ServerStart                   0x08003d48   Section        0  wifi.o(i.WIFI_TCP_ServerStart)
    i.__0printf                              0x08003eb8   Section        0  printfa.o(i.__0printf)
    i.__0snprintf                            0x08003ed8   Section        0  printfa.o(i.__0snprintf)
    i.__0sprintf                             0x08003f0c   Section        0  printfa.o(i.__0sprintf)
    i.__NVIC_SetPriority                     0x08003f34   Section        0  stm32f1xx_hal_cortex.o(i.__NVIC_SetPriority)
    __NVIC_SetPriority                       0x08003f35   Thumb Code    32  stm32f1xx_hal_cortex.o(i.__NVIC_SetPriority)
    i.__scatterload_copy                     0x08003f54   Section       14  handlers.o(i.__scatterload_copy)
    i.__scatterload_null                     0x08003f62   Section        2  handlers.o(i.__scatterload_null)
    i.__scatterload_zeroinit                 0x08003f64   Section       14  handlers.o(i.__scatterload_zeroinit)
    i._fp_digits                             0x08003f74   Section        0  printfa.o(i._fp_digits)
    _fp_digits                               0x08003f75   Thumb Code   366  printfa.o(i._fp_digits)
    i._printf_core                           0x080040f8   Section        0  printfa.o(i._printf_core)
    _printf_core                             0x080040f9   Thumb Code  1704  printfa.o(i._printf_core)
    i._printf_post_padding                   0x080047ac   Section        0  printfa.o(i._printf_post_padding)
    _printf_post_padding                     0x080047ad   Thumb Code    36  printfa.o(i._printf_post_padding)
    i._printf_pre_padding                    0x080047d0   Section        0  printfa.o(i._printf_pre_padding)
    _printf_pre_padding                      0x080047d1   Thumb Code    46  printfa.o(i._printf_pre_padding)
    i._snputc                                0x080047fe   Section        0  printfa.o(i._snputc)
    _snputc                                  0x080047ff   Thumb Code    22  printfa.o(i._snputc)
    i._sputc                                 0x08004814   Section        0  printfa.o(i._sputc)
    _sputc                                   0x08004815   Thumb Code    10  printfa.o(i._sputc)
    i.checkCard                              0x08004820   Section        0  systemfunction.o(i.checkCard)
    i.delay_ms                               0x080049e0   Section        0  bsp_lcd_ili9341.o(i.delay_ms)
    delay_ms                                 0x080049e1   Thumb Code    24  bsp_lcd_ili9341.o(i.delay_ms)
    i.drawAscii                              0x080049fc   Section        0  bsp_lcd_ili9341.o(i.drawAscii)
    i.fputc                                  0x08004ad8   Section        0  usart.o(i.fputc)
    i.main                                   0x08004af0   Section        0  main.o(i.main)
    i.readData                               0x08004bfc   Section        0  bsp_lcd_ili9341.o(i.readData)
    i.rtc_date2sec                           0x08004c44   Section        0  myrtc.o(i.rtc_date2sec)
    rtc_date2sec                             0x08004c45   Thumb Code   104  myrtc.o(i.rtc_date2sec)
    i.rtc_get_week                           0x08004cb0   Section        0  myrtc.o(i.rtc_get_week)
    i.rtc_is_leap_year                       0x08004cf8   Section        0  myrtc.o(i.rtc_is_leap_year)
    rtc_is_leap_year                         0x08004cf9   Thumb Code    38  myrtc.o(i.rtc_is_leap_year)
    i.rtc_set_time                           0x08004d20   Section        0  myrtc.o(i.rtc_set_time)
    i.sendDataShort                          0x08004d90   Section        0  bsp_lcd_ili9341.o(i.sendDataShort)
    i.sendOrder                              0x08004db4   Section        0  bsp_lcd_ili9341.o(i.sendOrder)
    i.setCursor                              0x08004dd8   Section        0  bsp_lcd_ili9341.o(i.setCursor)
    i.systemRTCInit                          0x08004e60   Section        0  systemfunction.o(i.systemRTCInit)
    .constdata                               0x08004fa0   Section       44  myrtc.o(.constdata)
    .constdata                               0x08004fcc   Section       18  stm32f1xx_hal_rcc.o(.constdata)
    aPredivFactorTable                       0x08004fcc   Data           2  stm32f1xx_hal_rcc.o(.constdata)
    aPLLMULFactorTable                       0x08004fce   Data          16  stm32f1xx_hal_rcc.o(.constdata)
    .constdata                               0x08004fde   Section       18  stm32f1xx_hal_rcc_ex.o(.constdata)
    aPredivFactorTable                       0x08004fde   Data           2  stm32f1xx_hal_rcc_ex.o(.constdata)
    aPLLMULFactorTable                       0x08004fe0   Data          16  stm32f1xx_hal_rcc_ex.o(.constdata)
    .constdata                               0x08004ff0   Section       16  system_stm32f1xx.o(.constdata)
    .constdata                               0x08005000   Section        8  system_stm32f1xx.o(.constdata)
    .constdata                               0x08005008   Section    13128  bsp_lcd_ili9341.o(.constdata)
    .constdata                               0x08008350   Section       64  ctype_c.o(.constdata)
    .data                                    0x20000000   Section        2  myrtc.o(.data)
    daycnt                                   0x20000000   Data           2  myrtc.o(.data)
    .data                                    0x20000004   Section        8  main.o(.data)
    lastNoCardTime                           0x20000008   Data           4  main.o(.data)
    .data                                    0x2000000c   Section      137  systemfunction.o(.data)
    lastUID                                  0x20000010   Data           4  systemfunction.o(.data)
    lastDetectTime                           0x20000014   Data           4  systemfunction.o(.data)
    .data                                    0x20000098   Section       12  stm32f1xx_hal.o(.data)
    .data                                    0x200000a4   Section        4  system_stm32f1xx.o(.data)
    .data                                    0x200000a8   Section        3  key.o(.data)
    .data                                    0x200000ac   Section      144  bsp_lcd_ili9341.o(.data)
    temp                                     0x200000ac   Data           1  bsp_lcd_ili9341.o(.data)
    csize                                    0x200000ad   Data           1  bsp_lcd_ili9341.o(.data)
    y0                                       0x200000ae   Data           2  bsp_lcd_ili9341.o(.data)
    ulTimesMS                                0x200000b0   Data           4  bsp_lcd_ili9341.o(.data)
    .data                                    0x2000013c   Section        4  wifi.o(.data)
    .data                                    0x20000140   Section        4  stdout.o(.data)
    .bss                                     0x20000144   Section       10  myrtc.o(.bss)
    .bss                                     0x20000150   Section       20  rtc.o(.bss)
    .bss                                     0x20000164   Section       88  spi.o(.bss)
    .bss                                     0x200001bc   Section      144  usart.o(.bss)
    .bss                                     0x2000024c   Section     1088  systemfunction.o(.bss)
    .bss                                     0x2000068c   Section       10  bsp_lcd_ili9341.o(.bss)
    .bss                                     0x20000696   Section     1024  wifi.o(.bss)
    STACK                                    0x20000a98   Section     1024  startup_stm32f103xe.o(STACK)

    Global Symbols

    Symbol Name                              Value     Ov Type        Size  Object(Section)

    BuildAttributes$$THM_ISAv4$P$D$K$B$S$PE$A:L22UL41UL21$X:L11$S22US41US21$IEEE1$IW$USESV6$~STKCKD$USESV7$~SHL$OSPACE$ROPI$EBA8$MICROLIB$REQ8$PRES8$EABIv2 0x00000000   Number         0  anon$$obj.o ABSOLUTE
    __ARM_use_no_argv                        0x00000000   Number         0  main.o ABSOLUTE
    _printf_a                                0x00000000   Number         0  stubs.o ABSOLUTE
    _printf_c                                0x00000000   Number         0  stubs.o ABSOLUTE
    _printf_charcount                        0x00000000   Number         0  stubs.o ABSOLUTE
    _printf_d                                0x00000000   Number         0  stubs.o ABSOLUTE
    _printf_e                                0x00000000   Number         0  stubs.o ABSOLUTE
    _printf_f                                0x00000000   Number         0  stubs.o ABSOLUTE
    _printf_flags                            0x00000000   Number         0  stubs.o ABSOLUTE
    _printf_fp_dec                           0x00000000   Number         0  stubs.o ABSOLUTE
    _printf_fp_hex                           0x00000000   Number         0  stubs.o ABSOLUTE
    _printf_g                                0x00000000   Number         0  stubs.o ABSOLUTE
    _printf_i                                0x00000000   Number         0  stubs.o ABSOLUTE
    _printf_int_dec                          0x00000000   Number         0  stubs.o ABSOLUTE
    _printf_l                                0x00000000   Number         0  stubs.o ABSOLUTE
    _printf_lc                               0x00000000   Number         0  stubs.o ABSOLUTE
    _printf_ll                               0x00000000   Number         0  stubs.o ABSOLUTE
    _printf_lld                              0x00000000   Number         0  stubs.o ABSOLUTE
    _printf_lli                              0x00000000   Number         0  stubs.o ABSOLUTE
    _printf_llo                              0x00000000   Number         0  stubs.o ABSOLUTE
    _printf_llu                              0x00000000   Number         0  stubs.o ABSOLUTE
    _printf_llx                              0x00000000   Number         0  stubs.o ABSOLUTE
    _printf_longlong_dec                     0x00000000   Number         0  stubs.o ABSOLUTE
    _printf_longlong_hex                     0x00000000   Number         0  stubs.o ABSOLUTE
    _printf_longlong_oct                     0x00000000   Number         0  stubs.o ABSOLUTE
    _printf_ls                               0x00000000   Number         0  stubs.o ABSOLUTE
    _printf_mbtowc                           0x00000000   Number         0  stubs.o ABSOLUTE
    _printf_n                                0x00000000   Number         0  stubs.o ABSOLUTE
    _printf_o                                0x00000000   Number         0  stubs.o ABSOLUTE
    _printf_p                                0x00000000   Number         0  stubs.o ABSOLUTE
    _printf_percent                          0x00000000   Number         0  stubs.o ABSOLUTE
    _printf_pre_padding                      0x00000000   Number         0  stubs.o ABSOLUTE
    _printf_return_value                     0x00000000   Number         0  stubs.o ABSOLUTE
    _printf_s                                0x00000000   Number         0  stubs.o ABSOLUTE
    _printf_sizespec                         0x00000000   Number         0  stubs.o ABSOLUTE
    _printf_str                              0x00000000   Number         0  stubs.o ABSOLUTE
    _printf_truncate_signed                  0x00000000   Number         0  stubs.o ABSOLUTE
    _printf_truncate_unsigned                0x00000000   Number         0  stubs.o ABSOLUTE
    _printf_u                                0x00000000   Number         0  stubs.o ABSOLUTE
    _printf_wc                               0x00000000   Number         0  stubs.o ABSOLUTE
    _printf_wctomb                           0x00000000   Number         0  stubs.o ABSOLUTE
    _printf_widthprec                        0x00000000   Number         0  stubs.o ABSOLUTE
    _printf_x                                0x00000000   Number         0  stubs.o ABSOLUTE
    __arm_fini_                               - Undefined Weak Reference
    __cpp_initialize__aeabi_                  - Undefined Weak Reference
    __cxa_finalize                            - Undefined Weak Reference
    _clock_init                               - Undefined Weak Reference
    _microlib_exit                            - Undefined Weak Reference
    _scanf_longlong                           - Undefined Weak Reference
    _scanf_real                               - Undefined Weak Reference
    __Vectors_Size                           0x00000130   Number         0  startup_stm32f103xe.o ABSOLUTE
    __Vectors                                0x08000000   Data           4  startup_stm32f103xe.o(RESET)
    __Vectors_End                            0x08000130   Data           0  startup_stm32f103xe.o(RESET)
    __main                                   0x08000131   Thumb Code     0  entry.o(.ARM.Collect$$$$00000000)
    _main_stk                                0x08000131   Thumb Code     0  entry2.o(.ARM.Collect$$$$00000001)
    _main_scatterload                        0x08000135   Thumb Code     0  entry5.o(.ARM.Collect$$$$00000004)
    __main_after_scatterload                 0x08000139   Thumb Code     0  entry5.o(.ARM.Collect$$$$00000004)
    _main_clock                              0x08000139   Thumb Code     0  entry7b.o(.ARM.Collect$$$$00000008)
    _main_cpp_init                           0x08000139   Thumb Code     0  entry8b.o(.ARM.Collect$$$$0000000A)
    _main_init                               0x08000139   Thumb Code     0  entry9a.o(.ARM.Collect$$$$0000000B)
    __rt_lib_shutdown_fini                   0x08000141   Thumb Code     0  entry12b.o(.ARM.Collect$$$$0000000E)
    __rt_final_cpp                           0x08000145   Thumb Code     0  entry10a.o(.ARM.Collect$$$$0000000F)
    __rt_final_exit                          0x08000145   Thumb Code     0  entry11a.o(.ARM.Collect$$$$00000011)
    Reset_Handler                            0x08000149   Thumb Code     8  startup_stm32f103xe.o(.text)
    ADC1_2_IRQHandler                        0x08000163   Thumb Code     0  startup_stm32f103xe.o(.text)
    ADC3_IRQHandler                          0x08000163   Thumb Code     0  startup_stm32f103xe.o(.text)
    CAN1_RX1_IRQHandler                      0x08000163   Thumb Code     0  startup_stm32f103xe.o(.text)
    CAN1_SCE_IRQHandler                      0x08000163   Thumb Code     0  startup_stm32f103xe.o(.text)
    DMA1_Channel1_IRQHandler                 0x08000163   Thumb Code     0  startup_stm32f103xe.o(.text)
    DMA1_Channel2_IRQHandler                 0x08000163   Thumb Code     0  startup_stm32f103xe.o(.text)
    DMA1_Channel3_IRQHandler                 0x08000163   Thumb Code     0  startup_stm32f103xe.o(.text)
    DMA1_Channel4_IRQHandler                 0x08000163   Thumb Code     0  startup_stm32f103xe.o(.text)
    DMA1_Channel5_IRQHandler                 0x08000163   Thumb Code     0  startup_stm32f103xe.o(.text)
    DMA1_Channel6_IRQHandler                 0x08000163   Thumb Code     0  startup_stm32f103xe.o(.text)
    DMA1_Channel7_IRQHandler                 0x08000163   Thumb Code     0  startup_stm32f103xe.o(.text)
    DMA2_Channel1_IRQHandler                 0x08000163   Thumb Code     0  startup_stm32f103xe.o(.text)
    DMA2_Channel2_IRQHandler                 0x08000163   Thumb Code     0  startup_stm32f103xe.o(.text)
    DMA2_Channel3_IRQHandler                 0x08000163   Thumb Code     0  startup_stm32f103xe.o(.text)
    DMA2_Channel4_5_IRQHandler               0x08000163   Thumb Code     0  startup_stm32f103xe.o(.text)
    EXTI15_10_IRQHandler                     0x08000163   Thumb Code     0  startup_stm32f103xe.o(.text)
    EXTI2_IRQHandler                         0x08000163   Thumb Code     0  startup_stm32f103xe.o(.text)
    EXTI3_IRQHandler                         0x08000163   Thumb Code     0  startup_stm32f103xe.o(.text)
    EXTI9_5_IRQHandler                       0x08000163   Thumb Code     0  startup_stm32f103xe.o(.text)
    FLASH_IRQHandler                         0x08000163   Thumb Code     0  startup_stm32f103xe.o(.text)
    FSMC_IRQHandler                          0x08000163   Thumb Code     0  startup_stm32f103xe.o(.text)
    I2C1_ER_IRQHandler                       0x08000163   Thumb Code     0  startup_stm32f103xe.o(.text)
    I2C1_EV_IRQHandler                       0x08000163   Thumb Code     0  startup_stm32f103xe.o(.text)
    I2C2_ER_IRQHandler                       0x08000163   Thumb Code     0  startup_stm32f103xe.o(.text)
    I2C2_EV_IRQHandler                       0x08000163   Thumb Code     0  startup_stm32f103xe.o(.text)
    PVD_IRQHandler                           0x08000163   Thumb Code     0  startup_stm32f103xe.o(.text)
    RCC_IRQHandler                           0x08000163   Thumb Code     0  startup_stm32f103xe.o(.text)
    RTC_Alarm_IRQHandler                     0x08000163   Thumb Code     0  startup_stm32f103xe.o(.text)
    RTC_IRQHandler                           0x08000163   Thumb Code     0  startup_stm32f103xe.o(.text)
    SDIO_IRQHandler                          0x08000163   Thumb Code     0  startup_stm32f103xe.o(.text)
    SPI1_IRQHandler                          0x08000163   Thumb Code     0  startup_stm32f103xe.o(.text)
    SPI2_IRQHandler                          0x08000163   Thumb Code     0  startup_stm32f103xe.o(.text)
    SPI3_IRQHandler                          0x08000163   Thumb Code     0  startup_stm32f103xe.o(.text)
    TAMPER_IRQHandler                        0x08000163   Thumb Code     0  startup_stm32f103xe.o(.text)
    TIM1_BRK_IRQHandler                      0x08000163   Thumb Code     0  startup_stm32f103xe.o(.text)
    TIM1_CC_IRQHandler                       0x08000163   Thumb Code     0  startup_stm32f103xe.o(.text)
    TIM1_TRG_COM_IRQHandler                  0x08000163   Thumb Code     0  startup_stm32f103xe.o(.text)
    TIM1_UP_IRQHandler                       0x08000163   Thumb Code     0  startup_stm32f103xe.o(.text)
    TIM2_IRQHandler                          0x08000163   Thumb Code     0  startup_stm32f103xe.o(.text)
    TIM3_IRQHandler                          0x08000163   Thumb Code     0  startup_stm32f103xe.o(.text)
    TIM4_IRQHandler                          0x08000163   Thumb Code     0  startup_stm32f103xe.o(.text)
    TIM5_IRQHandler                          0x08000163   Thumb Code     0  startup_stm32f103xe.o(.text)
    TIM6_IRQHandler                          0x08000163   Thumb Code     0  startup_stm32f103xe.o(.text)
    TIM7_IRQHandler                          0x08000163   Thumb Code     0  startup_stm32f103xe.o(.text)
    TIM8_BRK_IRQHandler                      0x08000163   Thumb Code     0  startup_stm32f103xe.o(.text)
    TIM8_CC_IRQHandler                       0x08000163   Thumb Code     0  startup_stm32f103xe.o(.text)
    TIM8_TRG_COM_IRQHandler                  0x08000163   Thumb Code     0  startup_stm32f103xe.o(.text)
    TIM8_UP_IRQHandler                       0x08000163   Thumb Code     0  startup_stm32f103xe.o(.text)
    UART5_IRQHandler                         0x08000163   Thumb Code     0  startup_stm32f103xe.o(.text)
    USART2_IRQHandler                        0x08000163   Thumb Code     0  startup_stm32f103xe.o(.text)
    USART3_IRQHandler                        0x08000163   Thumb Code     0  startup_stm32f103xe.o(.text)
    USBWakeUp_IRQHandler                     0x08000163   Thumb Code     0  startup_stm32f103xe.o(.text)
    USB_HP_CAN1_TX_IRQHandler                0x08000163   Thumb Code     0  startup_stm32f103xe.o(.text)
    USB_LP_CAN1_RX0_IRQHandler               0x08000163   Thumb Code     0  startup_stm32f103xe.o(.text)
    WWDG_IRQHandler                          0x08000163   Thumb Code     0  startup_stm32f103xe.o(.text)
    __aeabi_llsr                             0x0800016d   Thumb Code    32  llushr.o(.text)
    _ll_ushift_r                             0x0800016d   Thumb Code     0  llushr.o(.text)
    __aeabi_memcpy                           0x0800018d   Thumb Code    36  memcpya.o(.text)
    __aeabi_memcpy4                          0x0800018d   Thumb Code     0  memcpya.o(.text)
    __aeabi_memcpy8                          0x0800018d   Thumb Code     0  memcpya.o(.text)
    __aeabi_memset                           0x080001b1   Thumb Code    14  memseta.o(.text)
    __aeabi_memset4                          0x080001b1   Thumb Code     0  memseta.o(.text)
    __aeabi_memset8                          0x080001b1   Thumb Code     0  memseta.o(.text)
    __aeabi_memclr                           0x080001bf   Thumb Code     4  memseta.o(.text)
    __aeabi_memclr4                          0x080001bf   Thumb Code     0  memseta.o(.text)
    __aeabi_memclr8                          0x080001bf   Thumb Code     0  memseta.o(.text)
    _memset$wrapper                          0x080001c3   Thumb Code    18  memseta.o(.text)
    strstr                                   0x080001d5   Thumb Code    36  strstr.o(.text)
    strchr                                   0x080001f9   Thumb Code    20  strchr.o(.text)
    strlen                                   0x0800020d   Thumb Code    14  strlen.o(.text)
    memcmp                                   0x0800021b   Thumb Code    26  memcmp.o(.text)
    strcpy                                   0x08000235   Thumb Code    18  strcpy.o(.text)
    __0sscanf                                0x08000249   Thumb Code    48  __0sscanf.o(.text)
    _scanf_int                               0x08000281   Thumb Code   332  _scanf_int.o(.text)
    __aeabi_uidiv                            0x080003cd   Thumb Code     0  uidiv.o(.text)
    __aeabi_uidivmod                         0x080003cd   Thumb Code    44  uidiv.o(.text)
    __aeabi_uldivmod                         0x080003f9   Thumb Code    98  uldiv.o(.text)
    _chval                                   0x0800045b   Thumb Code    28  _chval.o(.text)
    __vfscanf_char                           0x08000485   Thumb Code    20  scanf_char.o(.text)
    _sgetc                                   0x080004a1   Thumb Code    30  _sgetc.o(.text)
    _sbackspace                              0x080004bf   Thumb Code    34  _sgetc.o(.text)
    __I$use$fp                               0x080004e1   Thumb Code     0  iusefp.o(.text)
    __aeabi_dadd                             0x080004e1   Thumb Code   322  dadd.o(.text)
    __aeabi_dsub                             0x08000623   Thumb Code     6  dadd.o(.text)
    __aeabi_drsub                            0x08000629   Thumb Code     6  dadd.o(.text)
    __aeabi_dmul                             0x0800062f   Thumb Code   228  dmul.o(.text)
    __aeabi_ddiv                             0x08000713   Thumb Code   222  ddiv.o(.text)
    __aeabi_d2ulz                            0x080007f1   Thumb Code    48  dfixul.o(.text)
    __aeabi_cdrcmple                         0x08000821   Thumb Code    48  cdrcmple.o(.text)
    __scatterload                            0x08000851   Thumb Code    28  init.o(.text)
    __scatterload_rt2                        0x08000851   Thumb Code     0  init.o(.text)
    __aeabi_llsl                             0x08000875   Thumb Code    30  llshl.o(.text)
    _ll_shift_l                              0x08000875   Thumb Code     0  llshl.o(.text)
    __aeabi_lasr                             0x08000893   Thumb Code    36  llsshr.o(.text)
    _ll_sshift_r                             0x08000893   Thumb Code     0  llsshr.o(.text)
    isspace                                  0x080008b7   Thumb Code    10  isspace_c.o(.text)
    __vfscanf                                0x080008c1   Thumb Code   810  _scanf.o(.text)
    _double_round                            0x08000bf1   Thumb Code    30  depilogue.o(.text)
    _double_epilogue                         0x08000c0f   Thumb Code   156  depilogue.o(.text)
    __ctype_lookup                           0x08000cad   Thumb Code    34  ctype_c.o(.text)
    __decompress                             0x08000cd5   Thumb Code     0  __dczerorl2.o(.text)
    __decompress1                            0x08000cd5   Thumb Code    86  __dczerorl2.o(.text)
    BusFault_Handler                         0x08000d2b   Thumb Code     2  stm32f1xx_it.o(i.BusFault_Handler)
    DebugMon_Handler                         0x08000d2d   Thumb Code     2  stm32f1xx_it.o(i.DebugMon_Handler)
    ESP32_SendCmd                            0x08000d31   Thumb Code   146  esp32.o(i.ESP32_SendCmd)
    EXTI0_IRQHandler                         0x08000e39   Thumb Code     6  stm32f1xx_it.o(i.EXTI0_IRQHandler)
    EXTI1_IRQHandler                         0x08000e3f   Thumb Code     6  stm32f1xx_it.o(i.EXTI1_IRQHandler)
    EXTI4_IRQHandler                         0x08000e45   Thumb Code     6  stm32f1xx_it.o(i.EXTI4_IRQHandler)
    Error_Handler                            0x08000e4b   Thumb Code     4  main.o(i.Error_Handler)
    HAL_DMA_Abort                            0x08000e4f   Thumb Code    70  stm32f1xx_hal_dma.o(i.HAL_DMA_Abort)
    HAL_DMA_Abort_IT                         0x08000e95   Thumb Code   296  stm32f1xx_hal_dma.o(i.HAL_DMA_Abort_IT)
    HAL_Delay                                0x08000fc5   Thumb Code    32  stm32f1xx_hal.o(i.HAL_Delay)
    HAL_GPIO_EXTI_Callback                   0x08000fe9   Thumb Code    28  key.o(i.HAL_GPIO_EXTI_Callback)
    HAL_GPIO_EXTI_IRQHandler                 0x08001009   Thumb Code    18  stm32f1xx_hal_gpio.o(i.HAL_GPIO_EXTI_IRQHandler)
    HAL_GPIO_Init                            0x08001021   Thumb Code   462  stm32f1xx_hal_gpio.o(i.HAL_GPIO_Init)
    HAL_GPIO_ReadPin                         0x08001219   Thumb Code    10  stm32f1xx_hal_gpio.o(i.HAL_GPIO_ReadPin)
    HAL_GPIO_WritePin                        0x08001223   Thumb Code    10  stm32f1xx_hal_gpio.o(i.HAL_GPIO_WritePin)
    HAL_GetTick                              0x0800122d   Thumb Code     6  stm32f1xx_hal.o(i.HAL_GetTick)
    HAL_IncTick                              0x08001239   Thumb Code    12  stm32f1xx_hal.o(i.HAL_IncTick)
    HAL_Init                                 0x08001249   Thumb Code    32  stm32f1xx_hal.o(i.HAL_Init)
    HAL_InitTick                             0x0800126d   Thumb Code    54  stm32f1xx_hal.o(i.HAL_InitTick)
    HAL_MspInit                              0x080012ad   Thumb Code    52  stm32f1xx_hal_msp.o(i.HAL_MspInit)
    HAL_NVIC_EnableIRQ                       0x080012e9   Thumb Code    26  stm32f1xx_hal_cortex.o(i.HAL_NVIC_EnableIRQ)
    HAL_NVIC_SetPriority                     0x08001305   Thumb Code    60  stm32f1xx_hal_cortex.o(i.HAL_NVIC_SetPriority)
    HAL_NVIC_SetPriorityGrouping             0x08001345   Thumb Code    26  stm32f1xx_hal_cortex.o(i.HAL_NVIC_SetPriorityGrouping)
    HAL_PWR_EnableBkUpAccess                 0x08001369   Thumb Code     8  stm32f1xx_hal_pwr.o(i.HAL_PWR_EnableBkUpAccess)
    HAL_RCCEx_GetPeriphCLKFreq               0x08001375   Thumb Code   166  stm32f1xx_hal_rcc_ex.o(i.HAL_RCCEx_GetPeriphCLKFreq)
    HAL_RCCEx_PeriphCLKConfig                0x0800142d   Thumb Code   224  stm32f1xx_hal_rcc_ex.o(i.HAL_RCCEx_PeriphCLKConfig)
    HAL_RCC_ClockConfig                      0x08001519   Thumb Code   280  stm32f1xx_hal_rcc.o(i.HAL_RCC_ClockConfig)
    HAL_RCC_GetPCLK1Freq                     0x08001645   Thumb Code    20  stm32f1xx_hal_rcc.o(i.HAL_RCC_GetPCLK1Freq)
    HAL_RCC_GetPCLK2Freq                     0x08001665   Thumb Code    20  stm32f1xx_hal_rcc.o(i.HAL_RCC_GetPCLK2Freq)
    HAL_RCC_GetSysClockFreq                  0x08001685   Thumb Code    58  stm32f1xx_hal_rcc.o(i.HAL_RCC_GetSysClockFreq)
    HAL_RCC_OscConfig                        0x080016d1   Thumb Code   778  stm32f1xx_hal_rcc.o(i.HAL_RCC_OscConfig)
    HAL_RTCEx_BKUPRead                       0x080019f1   Thumb Code    10  stm32f1xx_hal_rtc_ex.o(i.HAL_RTCEx_BKUPRead)
    HAL_RTCEx_BKUPWrite                      0x08001a01   Thumb Code    12  stm32f1xx_hal_rtc_ex.o(i.HAL_RTCEx_BKUPWrite)
    HAL_RTC_Init                             0x08001a11   Thumb Code   144  stm32f1xx_hal_rtc.o(i.HAL_RTC_Init)
    HAL_RTC_MspInit                          0x08001aa5   Thumb Code    40  rtc.o(i.HAL_RTC_MspInit)
    HAL_RTC_WaitForSynchro                   0x08001ad9   Thumb Code    58  stm32f1xx_hal_rtc.o(i.HAL_RTC_WaitForSynchro)
    HAL_SPI_Init                             0x08001b13   Thumb Code   178  stm32f1xx_hal_spi.o(i.HAL_SPI_Init)
    HAL_SPI_MspInit                          0x08001bc5   Thumb Code    98  spi.o(i.HAL_SPI_MspInit)
    HAL_SPI_TransmitReceive                  0x08001c35   Thumb Code   496  stm32f1xx_hal_spi.o(i.HAL_SPI_TransmitReceive)
    HAL_SYSTICK_Config                       0x08001e25   Thumb Code    40  stm32f1xx_hal_cortex.o(i.HAL_SYSTICK_Config)
    HAL_UARTEx_ReceiveToIdle                 0x08001e4d   Thumb Code   240  stm32f1xx_hal_uart.o(i.HAL_UARTEx_ReceiveToIdle)
    HAL_UARTEx_RxEventCallback               0x08001f3d   Thumb Code     2  stm32f1xx_hal_uart.o(i.HAL_UARTEx_RxEventCallback)
    HAL_UART_ErrorCallback                   0x08001f3f   Thumb Code     2  stm32f1xx_hal_uart.o(i.HAL_UART_ErrorCallback)
    HAL_UART_IRQHandler                      0x08001f41   Thumb Code   616  stm32f1xx_hal_uart.o(i.HAL_UART_IRQHandler)
    HAL_UART_Init                            0x080021ad   Thumb Code   100  stm32f1xx_hal_uart.o(i.HAL_UART_Init)
    HAL_UART_MspInit                         0x08002211   Thumb Code   198  usart.o(i.HAL_UART_MspInit)
    HAL_UART_Receive_IT                      0x080022ed   Thumb Code    28  stm32f1xx_hal_uart.o(i.HAL_UART_Receive_IT)
    HAL_UART_RxCpltCallback                  0x08002309   Thumb Code    90  wifi.o(i.HAL_UART_RxCpltCallback)
    HAL_UART_Transmit                        0x08002385   Thumb Code   160  stm32f1xx_hal_uart.o(i.HAL_UART_Transmit)
    HAL_UART_TxCpltCallback                  0x08002425   Thumb Code     2  stm32f1xx_hal_uart.o(i.HAL_UART_TxCpltCallback)
    HardFault_Handler                        0x08002427   Thumb Code     2  stm32f1xx_it.o(i.HardFault_Handler)
    Key3_Status                              0x08002429   Thumb Code    34  key.o(i.Key3_Status)
    LCD_DrawPoint                            0x08002451   Thumb Code    98  bsp_lcd_ili9341.o(i.LCD_DrawPoint)
    LCD_Fill                                 0x080024bd   Thumb Code    50  bsp_lcd_ili9341.o(i.LCD_Fill)
    LCD_Init                                 0x080024f9   Thumb Code   802  bsp_lcd_ili9341.o(i.LCD_Init)
    LCD_SetDir                               0x08002831   Thumb Code    96  bsp_lcd_ili9341.o(i.LCD_SetDir)
    LCD_ShowChinese                          0x08002895   Thumb Code   202  bsp_lcd_ili9341.o(i.LCD_ShowChinese)
    LCD_String                               0x0800296d   Thumb Code   148  bsp_lcd_ili9341.o(i.LCD_String)
    MFRC522_AntennaOn                        0x08002a05   Thumb Code    26  rc522.o(i.MFRC522_AntennaOn)
    MFRC522_Anticoll                         0x08002a1f   Thumb Code    66  rc522.o(i.MFRC522_Anticoll)
    MFRC522_CalculateCRC                     0x08002a61   Thumb Code    94  rc522.o(i.MFRC522_CalculateCRC)
    MFRC522_Check                            0x08002abf   Thumb Code    32  rc522.o(i.MFRC522_Check)
    MFRC522_ClearBitMask                     0x08002adf   Thumb Code    24  rc522.o(i.MFRC522_ClearBitMask)
    MFRC522_Halt                             0x08002af7   Thumb Code    44  rc522.o(i.MFRC522_Halt)
    MFRC522_Init                             0x08002b23   Thumb Code    78  rc522.o(i.MFRC522_Init)
    MFRC522_ReadRegister                     0x08002b71   Thumb Code    14  rc522.o(i.MFRC522_ReadRegister)
    MFRC522_Request                          0x08002b7f   Thumb Code    46  rc522.o(i.MFRC522_Request)
    MFRC522_Reset                            0x08002bad   Thumb Code     8  rc522.o(i.MFRC522_Reset)
    MFRC522_SelectTag                        0x08002bb5   Thumb Code    82  rc522.o(i.MFRC522_SelectTag)
    MFRC522_SetBitMask                       0x08002c07   Thumb Code    24  rc522.o(i.MFRC522_SetBitMask)
    MFRC522_ToCard                           0x08002c1f   Thumb Code   276  rc522.o(i.MFRC522_ToCard)
    MFRC522_WriteRegister                    0x08002d33   Thumb Code    10  rc522.o(i.MFRC522_WriteRegister)
    MX_GPIO_Init                             0x08002d3d   Thumb Code   264  gpio.o(i.MX_GPIO_Init)
    MX_RTC_Init                              0x08002e5d   Thumb Code    22  rtc.o(i.MX_RTC_Init)
    MX_SPI1_Init                             0x08002e7d   Thumb Code    62  spi.o(i.MX_SPI1_Init)
    MX_UART4_Init                            0x08002ec5   Thumb Code    48  usart.o(i.MX_UART4_Init)
    MX_USART1_UART_Init                      0x08002efd   Thumb Code    48  usart.o(i.MX_USART1_UART_Init)
    MemManage_Handler                        0x08002f35   Thumb Code     2  stm32f1xx_it.o(i.MemManage_Handler)
    MyRTC_GetTime                            0x08002f39   Thumb Code   212  myrtc.o(i.MyRTC_GetTime)
    MyRTC_Init                               0x08003029   Thumb Code    90  myrtc.o(i.MyRTC_Init)
    MyRTC_SetTime                            0x08003095   Thumb Code   122  myrtc.o(i.MyRTC_SetTime)
    NMI_Handler                              0x0800311d   Thumb Code     2  stm32f1xx_it.o(i.NMI_Handler)
    PendSV_Handler                           0x0800311f   Thumb Code     2  stm32f1xx_it.o(i.PendSV_Handler)
    SPI1SendByte                             0x0800318d   Thumb Code    28  rc522.o(i.SPI1SendByte)
    SPI1_ReadReg                             0x080031ad   Thumb Code    44  rc522.o(i.SPI1_ReadReg)
    SPI1_WriteReg                            0x080031dd   Thumb Code    44  rc522.o(i.SPI1_WriteReg)
    SVC_Handler                              0x080032f9   Thumb Code     2  stm32f1xx_it.o(i.SVC_Handler)
    String_Index                             0x080032fd   Thumb Code    66  bsp_lcd_ili9341.o(i.String_Index)
    SysTick_Handler                          0x08003345   Thumb Code     4  stm32f1xx_it.o(i.SysTick_Handler)
    SystemClock_Config                       0x08003349   Thumb Code   128  main.o(i.SystemClock_Config)
    SystemInit                               0x080033c9   Thumb Code     2  system_stm32f1xx.o(i.SystemInit)
    TcpServe_Init                            0x080033cd   Thumb Code   100  wifi.o(i.TcpServe_Init)
    UART4_IRQHandler                         0x080034f5   Thumb Code     6  stm32f1xx_it.o(i.UART4_IRQHandler)
    UART_Start_Receive_IT                    0x080036d9   Thumb Code    54  stm32f1xx_hal_uart.o(i.UART_Start_Receive_IT)
    UI_Init                                  0x08003781   Thumb Code   250  myui.o(i.UI_Init)
    UI_ShowCardID                            0x080038f9   Thumb Code    46  myui.o(i.UI_ShowCardID)
    UI_ShowState                             0x08003927   Thumb Code    46  myui.o(i.UI_ShowState)
    UI_ShowString                            0x08003955   Thumb Code    62  myui.o(i.UI_ShowString)
    UI_ShowTime                              0x08003995   Thumb Code    72  myui.o(i.UI_ShowTime)
    UI_Success                               0x080039f1   Thumb Code    56  myui.o(i.UI_Success)
    UI_UpdateRecord                          0x08003a35   Thumb Code    68  myui.o(i.UI_UpdateRecord)
    UI_Waiting                               0x08003a7d   Thumb Code    60  myui.o(i.UI_Waiting)
    USART1_IRQHandler                        0x08003ac5   Thumb Code     6  stm32f1xx_it.o(i.USART1_IRQHandler)
    UsageFault_Handler                       0x08003ad1   Thumb Code     2  stm32f1xx_it.o(i.UsageFault_Handler)
    WIFI_TCP_SendData                        0x08003cbd   Thumb Code    74  wifi.o(i.WIFI_TCP_SendData)
    WIFI_TCP_ServerStart                     0x08003d49   Thumb Code   120  wifi.o(i.WIFI_TCP_ServerStart)
    __0printf                                0x08003eb9   Thumb Code    22  printfa.o(i.__0printf)
    __1printf                                0x08003eb9   Thumb Code     0  printfa.o(i.__0printf)
    __2printf                                0x08003eb9   Thumb Code     0  printfa.o(i.__0printf)
    __c89printf                              0x08003eb9   Thumb Code     0  printfa.o(i.__0printf)
    printf                                   0x08003eb9   Thumb Code     0  printfa.o(i.__0printf)
    __0snprintf                              0x08003ed9   Thumb Code    48  printfa.o(i.__0snprintf)
    __1snprintf                              0x08003ed9   Thumb Code     0  printfa.o(i.__0snprintf)
    __2snprintf                              0x08003ed9   Thumb Code     0  printfa.o(i.__0snprintf)
    __c89snprintf                            0x08003ed9   Thumb Code     0  printfa.o(i.__0snprintf)
    snprintf                                 0x08003ed9   Thumb Code     0  printfa.o(i.__0snprintf)
    __0sprintf                               0x08003f0d   Thumb Code    34  printfa.o(i.__0sprintf)
    __1sprintf                               0x08003f0d   Thumb Code     0  printfa.o(i.__0sprintf)
    __2sprintf                               0x08003f0d   Thumb Code     0  printfa.o(i.__0sprintf)
    __c89sprintf                             0x08003f0d   Thumb Code     0  printfa.o(i.__0sprintf)
    sprintf                                  0x08003f0d   Thumb Code     0  printfa.o(i.__0sprintf)
    __scatterload_copy                       0x08003f55   Thumb Code    14  handlers.o(i.__scatterload_copy)
    __scatterload_null                       0x08003f63   Thumb Code     2  handlers.o(i.__scatterload_null)
    __scatterload_zeroinit                   0x08003f65   Thumb Code    14  handlers.o(i.__scatterload_zeroinit)
    checkCard                                0x08004821   Thumb Code   280  systemfunction.o(i.checkCard)
    drawAscii                                0x080049fd   Thumb Code   196  bsp_lcd_ili9341.o(i.drawAscii)
    fputc                                    0x08004ad9   Thumb Code    20  usart.o(i.fputc)
    main                                     0x08004af1   Thumb Code   178  main.o(i.main)
    readData                                 0x08004bfd   Thumb Code    64  bsp_lcd_ili9341.o(i.readData)
    rtc_get_week                             0x08004cb1   Thumb Code    72  myrtc.o(i.rtc_get_week)
    rtc_set_time                             0x08004d21   Thumb Code   100  myrtc.o(i.rtc_set_time)
    sendDataShort                            0x08004d91   Thumb Code    26  bsp_lcd_ili9341.o(i.sendDataShort)
    sendOrder                                0x08004db5   Thumb Code    26  bsp_lcd_ili9341.o(i.sendOrder)
    setCursor                                0x08004dd9   Thumb Code   126  bsp_lcd_ili9341.o(i.setCursor)
    systemRTCInit                            0x08004e61   Thumb Code   224  systemfunction.o(i.systemRTCInit)
    AHBPrescTable                            0x08004ff0   Data          16  system_stm32f1xx.o(.constdata)
    APBPrescTable                            0x08005000   Data           8  system_stm32f1xx.o(.constdata)
    aFontChinese12                           0x08005008   Data          96  bsp_lcd_ili9341.o(.constdata)
    aFontChinese24                           0x08005068   Data         360  bsp_lcd_ili9341.o(.constdata)
    aFontChinese32                           0x080051d0   Data         512  bsp_lcd_ili9341.o(.constdata)
    aFontASCII12                             0x080053d0   Data        1140  bsp_lcd_ili9341.o(.constdata)
    aFontASCII16                             0x08005844   Data        1520  bsp_lcd_ili9341.o(.constdata)
    aFontASCII24                             0x08005e34   Data        3420  bsp_lcd_ili9341.o(.constdata)
    aFontASCII32                             0x08006b90   Data        6080  bsp_lcd_ili9341.o(.constdata)
    __ctype_categories                       0x08008350   Data          64  ctype_c.o(.constdata)
    Region$$Table$$Base                      0x08008390   Number         0  anon$$obj.o(Region$$Table)
    Region$$Table$$Limit                     0x080083b0   Number         0  anon$$obj.o(Region$$Table)
    RTC_Request                              0x20000004   Data           1  main.o(.data)
    clientId                                 0x2000000c   Data           1  systemfunction.o(.data)
    rxLen                                    0x2000000e   Data           2  systemfunction.o(.data)
    uid                                      0x20000018   Data           5  systemfunction.o(.data)
    g_records                                0x2000001d   Data         120  systemfunction.o(.data)
    uwTickFreq                               0x20000098   Data           1  stm32f1xx_hal.o(.data)
    uwTickPrio                               0x2000009c   Data           4  stm32f1xx_hal.o(.data)
    uwTick                                   0x200000a0   Data           4  stm32f1xx_hal.o(.data)
    SystemCoreClock                          0x200000a4   Data           4  system_stm32f1xx.o(.data)
    key1_flag                                0x200000a8   Data           1  key.o(.data)
    key2_flag                                0x200000a9   Data           1  key.o(.data)
    key3_flag                                0x200000aa   Data           1  key.o(.data)
    z_GB_16                                  0x200000b4   Data         136  bsp_lcd_ili9341.o(.data)
    data_ready_flag                          0x2000013c   Data           1  wifi.o(.data)
    uart_rx_byte                             0x2000013d   Data           1  wifi.o(.data)
    uart_rx_index                            0x2000013e   Data           2  wifi.o(.data)
    __stdout                                 0x20000140   Data           4  stdout.o(.data)
    calendar                                 0x20000144   Data          10  myrtc.o(.bss)
    hrtc                                     0x20000150   Data          20  rtc.o(.bss)
    hspi1                                    0x20000164   Data          88  spi.o(.bss)
    huart4                                   0x200001bc   Data          72  usart.o(.bss)
    huart1                                   0x20000204   Data          72  usart.o(.bss)
    CardMessage                              0x2000024c   Data          64  systemfunction.o(.bss)
    rxBuff                                   0x2000028c   Data        1024  systemfunction.o(.bss)
    xLCD                                     0x2000068c   Data          10  bsp_lcd_ili9341.o(.bss)
    uart_rx_buffer                           0x20000696   Data        1024  wifi.o(.bss)
    __initial_sp                             0x20000e98   Data           0  startup_stm32f103xe.o(STACK)



==============================================================================

Memory Map of the image

  Image Entry point : 0x08000131

  Load Region LR_IROM1 (Base: 0x08000000, Size: 0x000084f4, Max: 0x00040000, ABSOLUTE, COMPRESSED[0x00008448])

    Execution Region ER_IROM1 (Exec base: 0x08000000, Load base: 0x08000000, Size: 0x000083b0, Max: 0x00040000, ABSOLUTE)

    Exec Addr    Load Addr    Size         Type   Attr      Idx    E Section Name        Object

    0x08000000   0x08000000   0x00000130   Data   RO            3    RESET               startup_stm32f103xe.o
    0x08000130   0x08000130   0x00000000   Code   RO         3298  * .ARM.Collect$$$$00000000  mc_w.l(entry.o)
    0x08000130   0x08000130   0x00000004   Code   RO         3586    .ARM.Collect$$$$00000001  mc_w.l(entry2.o)
    0x08000134   0x08000134   0x00000004   Code   RO         3589    .ARM.Collect$$$$00000004  mc_w.l(entry5.o)
    0x08000138   0x08000138   0x00000000   Code   RO         3591    .ARM.Collect$$$$00000008  mc_w.l(entry7b.o)
    0x08000138   0x08000138   0x00000000   Code   RO         3593    .ARM.Collect$$$$0000000A  mc_w.l(entry8b.o)
    0x08000138   0x08000138   0x00000008   Code   RO         3594    .ARM.Collect$$$$0000000B  mc_w.l(entry9a.o)
    0x08000140   0x08000140   0x00000004   Code   RO         3601    .ARM.Collect$$$$0000000E  mc_w.l(entry12b.o)
    0x08000144   0x08000144   0x00000000   Code   RO         3596    .ARM.Collect$$$$0000000F  mc_w.l(entry10a.o)
    0x08000144   0x08000144   0x00000000   Code   RO         3598    .ARM.Collect$$$$00000011  mc_w.l(entry11a.o)
    0x08000144   0x08000144   0x00000004   Code   RO         3587    .ARM.Collect$$$$00002712  mc_w.l(entry2.o)
    0x08000148   0x08000148   0x00000024   Code   RO            4    .text               startup_stm32f103xe.o
    0x0800016c   0x0800016c   0x00000020   Code   RO         3301    .text               mc_w.l(llushr.o)
    0x0800018c   0x0800018c   0x00000024   Code   RO         3303    .text               mc_w.l(memcpya.o)
    0x080001b0   0x080001b0   0x00000024   Code   RO         3305    .text               mc_w.l(memseta.o)
    0x080001d4   0x080001d4   0x00000024   Code   RO         3307    .text               mc_w.l(strstr.o)
    0x080001f8   0x080001f8   0x00000014   Code   RO         3309    .text               mc_w.l(strchr.o)
    0x0800020c   0x0800020c   0x0000000e   Code   RO         3311    .text               mc_w.l(strlen.o)
    0x0800021a   0x0800021a   0x0000001a   Code   RO         3313    .text               mc_w.l(memcmp.o)
    0x08000234   0x08000234   0x00000012   Code   RO         3315    .text               mc_w.l(strcpy.o)
    0x08000246   0x08000246   0x00000002   PAD
    0x08000248   0x08000248   0x00000038   Code   RO         3580    .text               mc_w.l(__0sscanf.o)
    0x08000280   0x08000280   0x0000014c   Code   RO         3582    .text               mc_w.l(_scanf_int.o)
    0x080003cc   0x080003cc   0x0000002c   Code   RO         3603    .text               mc_w.l(uidiv.o)
    0x080003f8   0x080003f8   0x00000062   Code   RO         3605    .text               mc_w.l(uldiv.o)
    0x0800045a   0x0800045a   0x0000001c   Code   RO         3607    .text               mc_w.l(_chval.o)
    0x08000476   0x08000476   0x00000002   PAD
    0x08000478   0x08000478   0x00000028   Code   RO         3609    .text               mc_w.l(scanf_char.o)
    0x080004a0   0x080004a0   0x00000040   Code   RO         3611    .text               mc_w.l(_sgetc.o)
    0x080004e0   0x080004e0   0x00000000   Code   RO         3613    .text               mc_w.l(iusefp.o)
    0x080004e0   0x080004e0   0x0000014e   Code   RO         3614    .text               mf_w.l(dadd.o)
    0x0800062e   0x0800062e   0x000000e4   Code   RO         3616    .text               mf_w.l(dmul.o)
    0x08000712   0x08000712   0x000000de   Code   RO         3618    .text               mf_w.l(ddiv.o)
    0x080007f0   0x080007f0   0x00000030   Code   RO         3620    .text               mf_w.l(dfixul.o)
    0x08000820   0x08000820   0x00000030   Code   RO         3622    .text               mf_w.l(cdrcmple.o)
    0x08000850   0x08000850   0x00000024   Code   RO         3624    .text               mc_w.l(init.o)
    0x08000874   0x08000874   0x0000001e   Code   RO         3626    .text               mc_w.l(llshl.o)
    0x08000892   0x08000892   0x00000024   Code   RO         3628    .text               mc_w.l(llsshr.o)
    0x080008b6   0x080008b6   0x0000000a   Code   RO         3630    .text               mc_w.l(isspace_c.o)
    0x080008c0   0x080008c0   0x00000330   Code   RO         3632    .text               mc_w.l(_scanf.o)
    0x08000bf0   0x08000bf0   0x000000ba   Code   RO         3634    .text               mf_w.l(depilogue.o)
    0x08000caa   0x08000caa   0x00000002   PAD
    0x08000cac   0x08000cac   0x00000028   Code   RO         3636    .text               mc_w.l(ctype_c.o)
    0x08000cd4   0x08000cd4   0x00000056   Code   RO         3647    .text               mc_w.l(__dczerorl2.o)
    0x08000d2a   0x08000d2a   0x00000002   Code   RO          442    i.BusFault_Handler  stm32f1xx_it.o
    0x08000d2c   0x08000d2c   0x00000002   Code   RO          443    i.DebugMon_Handler  stm32f1xx_it.o
    0x08000d2e   0x08000d2e   0x00000002   PAD
    0x08000d30   0x08000d30   0x00000108   Code   RO         3042    i.ESP32_SendCmd     esp32.o
    0x08000e38   0x08000e38   0x00000006   Code   RO          444    i.EXTI0_IRQHandler  stm32f1xx_it.o
    0x08000e3e   0x08000e3e   0x00000006   Code   RO          445    i.EXTI1_IRQHandler  stm32f1xx_it.o
    0x08000e44   0x08000e44   0x00000006   Code   RO          446    i.EXTI4_IRQHandler  stm32f1xx_it.o
    0x08000e4a   0x08000e4a   0x00000004   Code   RO          177    i.Error_Handler     main.o
    0x08000e4e   0x08000e4e   0x00000046   Code   RO         1304    i.HAL_DMA_Abort     stm32f1xx_hal_dma.o
    0x08000e94   0x08000e94   0x00000130   Code   RO         1305    i.HAL_DMA_Abort_IT  stm32f1xx_hal_dma.o
    0x08000fc4   0x08000fc4   0x00000024   Code   RO          930    i.HAL_Delay         stm32f1xx_hal.o
    0x08000fe8   0x08000fe8   0x00000020   Code   RO         2714    i.HAL_GPIO_EXTI_Callback  key.o
    0x08001008   0x08001008   0x00000018   Code   RO         1239    i.HAL_GPIO_EXTI_IRQHandler  stm32f1xx_hal_gpio.o
    0x08001020   0x08001020   0x000001f8   Code   RO         1240    i.HAL_GPIO_Init     stm32f1xx_hal_gpio.o
    0x08001218   0x08001218   0x0000000a   Code   RO         1242    i.HAL_GPIO_ReadPin  stm32f1xx_hal_gpio.o
    0x08001222   0x08001222   0x0000000a   Code   RO         1244    i.HAL_GPIO_WritePin  stm32f1xx_hal_gpio.o
    0x0800122c   0x0800122c   0x0000000c   Code   RO          934    i.HAL_GetTick       stm32f1xx_hal.o
    0x08001238   0x08001238   0x00000010   Code   RO          940    i.HAL_IncTick       stm32f1xx_hal.o
    0x08001248   0x08001248   0x00000024   Code   RO          941    i.HAL_Init          stm32f1xx_hal.o
    0x0800126c   0x0800126c   0x00000040   Code   RO          942    i.HAL_InitTick      stm32f1xx_hal.o
    0x080012ac   0x080012ac   0x0000003c   Code   RO          548    i.HAL_MspInit       stm32f1xx_hal_msp.o
    0x080012e8   0x080012e8   0x0000001a   Code   RO         1400    i.HAL_NVIC_EnableIRQ  stm32f1xx_hal_cortex.o
    0x08001302   0x08001302   0x00000002   PAD
    0x08001304   0x08001304   0x00000040   Code   RO         1406    i.HAL_NVIC_SetPriority  stm32f1xx_hal_cortex.o
    0x08001344   0x08001344   0x00000024   Code   RO         1407    i.HAL_NVIC_SetPriorityGrouping  stm32f1xx_hal_cortex.o
    0x08001368   0x08001368   0x0000000c   Code   RO         1522    i.HAL_PWR_EnableBkUpAccess  stm32f1xx_hal_pwr.o
    0x08001374   0x08001374   0x000000b8   Code   RO         1201    i.HAL_RCCEx_GetPeriphCLKFreq  stm32f1xx_hal_rcc_ex.o
    0x0800142c   0x0800142c   0x000000ec   Code   RO         1202    i.HAL_RCCEx_PeriphCLKConfig  stm32f1xx_hal_rcc_ex.o
    0x08001518   0x08001518   0x0000012c   Code   RO         1098    i.HAL_RCC_ClockConfig  stm32f1xx_hal_rcc.o
    0x08001644   0x08001644   0x00000020   Code   RO         1105    i.HAL_RCC_GetPCLK1Freq  stm32f1xx_hal_rcc.o
    0x08001664   0x08001664   0x00000020   Code   RO         1106    i.HAL_RCC_GetPCLK2Freq  stm32f1xx_hal_rcc.o
    0x08001684   0x08001684   0x0000004c   Code   RO         1107    i.HAL_RCC_GetSysClockFreq  stm32f1xx_hal_rcc.o
    0x080016d0   0x080016d0   0x00000320   Code   RO         1110    i.HAL_RCC_OscConfig  stm32f1xx_hal_rcc.o
    0x080019f0   0x080019f0   0x00000010   Code   RO          821    i.HAL_RTCEx_BKUPRead  stm32f1xx_hal_rtc_ex.o
    0x08001a00   0x08001a00   0x00000010   Code   RO          822    i.HAL_RTCEx_BKUPWrite  stm32f1xx_hal_rtc_ex.o
    0x08001a10   0x08001a10   0x00000094   Code   RO          659    i.HAL_RTC_Init      stm32f1xx_hal_rtc.o
    0x08001aa4   0x08001aa4   0x00000034   Code   RO          292    i.HAL_RTC_MspInit   rtc.o
    0x08001ad8   0x08001ad8   0x0000003a   Code   RO          667    i.HAL_RTC_WaitForSynchro  stm32f1xx_hal_rtc.o
    0x08001b12   0x08001b12   0x000000b2   Code   RO         1911    i.HAL_SPI_Init      stm32f1xx_hal_spi.o
    0x08001bc4   0x08001bc4   0x00000070   Code   RO          334    i.HAL_SPI_MspInit   spi.o
    0x08001c34   0x08001c34   0x000001f0   Code   RO         1920    i.HAL_SPI_TransmitReceive  stm32f1xx_hal_spi.o
    0x08001e24   0x08001e24   0x00000028   Code   RO         1411    i.HAL_SYSTICK_Config  stm32f1xx_hal_cortex.o
    0x08001e4c   0x08001e4c   0x000000f0   Code   RO         2267    i.HAL_UARTEx_ReceiveToIdle  stm32f1xx_hal_uart.o
    0x08001f3c   0x08001f3c   0x00000002   Code   RO         2270    i.HAL_UARTEx_RxEventCallback  stm32f1xx_hal_uart.o
    0x08001f3e   0x08001f3e   0x00000002   Code   RO         2284    i.HAL_UART_ErrorCallback  stm32f1xx_hal_uart.o
    0x08001f40   0x08001f40   0x0000026c   Code   RO         2287    i.HAL_UART_IRQHandler  stm32f1xx_hal_uart.o
    0x080021ac   0x080021ac   0x00000064   Code   RO         2288    i.HAL_UART_Init     stm32f1xx_hal_uart.o
    0x08002210   0x08002210   0x000000dc   Code   RO          377    i.HAL_UART_MspInit  usart.o
    0x080022ec   0x080022ec   0x0000001c   Code   RO         2293    i.HAL_UART_Receive_IT  stm32f1xx_hal_uart.o
    0x08002308   0x08002308   0x0000007c   Code   RO         3083    i.HAL_UART_RxCpltCallback  wifi.o
    0x08002384   0x08002384   0x000000a0   Code   RO         2296    i.HAL_UART_Transmit  stm32f1xx_hal_uart.o
    0x08002424   0x08002424   0x00000002   Code   RO         2299    i.HAL_UART_TxCpltCallback  stm32f1xx_hal_uart.o
    0x08002426   0x08002426   0x00000002   Code   RO          447    i.HardFault_Handler  stm32f1xx_it.o
    0x08002428   0x08002428   0x00000028   Code   RO         2717    i.Key3_Status       key.o
    0x08002450   0x08002450   0x0000006c   Code   RO         2768    i.LCD_DrawPoint     bsp_lcd_ili9341.o
    0x080024bc   0x080024bc   0x0000003c   Code   RO         2769    i.LCD_Fill          bsp_lcd_ili9341.o
    0x080024f8   0x080024f8   0x00000338   Code   RO         2775    i.LCD_Init          bsp_lcd_ili9341.o
    0x08002830   0x08002830   0x00000064   Code   RO         2779    i.LCD_SetDir        bsp_lcd_ili9341.o
    0x08002894   0x08002894   0x000000d8   Code   RO         2780    i.LCD_ShowChinese   bsp_lcd_ili9341.o
    0x0800296c   0x0800296c   0x00000098   Code   RO         2781    i.LCD_String        bsp_lcd_ili9341.o
    0x08002a04   0x08002a04   0x0000001a   Code   RO         3158    i.MFRC522_AntennaOn  rc522.o
    0x08002a1e   0x08002a1e   0x00000042   Code   RO         3159    i.MFRC522_Anticoll  rc522.o
    0x08002a60   0x08002a60   0x0000005e   Code   RO         3161    i.MFRC522_CalculateCRC  rc522.o
    0x08002abe   0x08002abe   0x00000020   Code   RO         3162    i.MFRC522_Check     rc522.o
    0x08002ade   0x08002ade   0x00000018   Code   RO         3163    i.MFRC522_ClearBitMask  rc522.o
    0x08002af6   0x08002af6   0x0000002c   Code   RO         3165    i.MFRC522_Halt      rc522.o
    0x08002b22   0x08002b22   0x0000004e   Code   RO         3166    i.MFRC522_Init      rc522.o
    0x08002b70   0x08002b70   0x0000000e   Code   RO         3168    i.MFRC522_ReadRegister  rc522.o
    0x08002b7e   0x08002b7e   0x0000002e   Code   RO         3169    i.MFRC522_Request   rc522.o
    0x08002bac   0x08002bac   0x00000008   Code   RO         3170    i.MFRC522_Reset     rc522.o
    0x08002bb4   0x08002bb4   0x00000052   Code   RO         3171    i.MFRC522_SelectTag  rc522.o
    0x08002c06   0x08002c06   0x00000018   Code   RO         3172    i.MFRC522_SetBitMask  rc522.o
    0x08002c1e   0x08002c1e   0x00000114   Code   RO         3173    i.MFRC522_ToCard    rc522.o
    0x08002d32   0x08002d32   0x0000000a   Code   RO         3175    i.MFRC522_WriteRegister  rc522.o
    0x08002d3c   0x08002d3c   0x00000120   Code   RO          267    i.MX_GPIO_Init      gpio.o
    0x08002e5c   0x08002e5c   0x00000020   Code   RO          293    i.MX_RTC_Init       rtc.o
    0x08002e7c   0x08002e7c   0x00000048   Code   RO          335    i.MX_SPI1_Init      spi.o
    0x08002ec4   0x08002ec4   0x00000038   Code   RO          378    i.MX_UART4_Init     usart.o
    0x08002efc   0x08002efc   0x00000038   Code   RO          379    i.MX_USART1_UART_Init  usart.o
    0x08002f34   0x08002f34   0x00000002   Code   RO          448    i.MemManage_Handler  stm32f1xx_it.o
    0x08002f36   0x08002f36   0x00000002   PAD
    0x08002f38   0x08002f38   0x000000f0   Code   RO           13    i.MyRTC_GetTime     myrtc.o
    0x08003028   0x08003028   0x0000006c   Code   RO           14    i.MyRTC_Init        myrtc.o
    0x08003094   0x08003094   0x00000088   Code   RO           15    i.MyRTC_SetTime     myrtc.o
    0x0800311c   0x0800311c   0x00000002   Code   RO          449    i.NMI_Handler       stm32f1xx_it.o
    0x0800311e   0x0800311e   0x00000002   Code   RO          450    i.PendSV_Handler    stm32f1xx_it.o
    0x08003120   0x08003120   0x00000034   Code   RO          671    i.RTC_EnterInitMode  stm32f1xx_hal_rtc.o
    0x08003154   0x08003154   0x00000036   Code   RO          672    i.RTC_ExitInitMode  stm32f1xx_hal_rtc.o
    0x0800318a   0x0800318a   0x00000002   PAD
    0x0800318c   0x0800318c   0x00000020   Code   RO         3176    i.SPI1SendByte      rc522.o
    0x080031ac   0x080031ac   0x00000030   Code   RO         3177    i.SPI1_ReadReg      rc522.o
    0x080031dc   0x080031dc   0x00000030   Code   RO         3178    i.SPI1_WriteReg     rc522.o
    0x0800320c   0x0800320c   0x00000034   Code   RO         1949    i.SPI_EndRxTxTransaction  stm32f1xx_hal_spi.o
    0x08003240   0x08003240   0x000000b8   Code   RO         1954    i.SPI_WaitFlagStateUntilTimeout  stm32f1xx_hal_spi.o
    0x080032f8   0x080032f8   0x00000002   Code   RO          451    i.SVC_Handler       stm32f1xx_it.o
    0x080032fa   0x080032fa   0x00000002   PAD
    0x080032fc   0x080032fc   0x00000048   Code   RO         2782    i.String_Index      bsp_lcd_ili9341.o
    0x08003344   0x08003344   0x00000004   Code   RO          452    i.SysTick_Handler   stm32f1xx_it.o
    0x08003348   0x08003348   0x00000080   Code   RO          178    i.SystemClock_Config  main.o
    0x080033c8   0x080033c8   0x00000002   Code   RO         2622    i.SystemInit        system_stm32f1xx.o
    0x080033ca   0x080033ca   0x00000002   PAD
    0x080033cc   0x080033cc   0x00000128   Code   RO         3084    i.TcpServe_Init     wifi.o
    0x080034f4   0x080034f4   0x0000000c   Code   RO          453    i.UART4_IRQHandler  stm32f1xx_it.o
    0x08003500   0x08003500   0x00000010   Code   RO         2301    i.UART_DMAAbortOnError  stm32f1xx_hal_uart.o
    0x08003510   0x08003510   0x0000004e   Code   RO         2311    i.UART_EndRxTransfer  stm32f1xx_hal_uart.o
    0x0800355e   0x0800355e   0x000000c2   Code   RO         2313    i.UART_Receive_IT   stm32f1xx_hal_uart.o
    0x08003620   0x08003620   0x000000b8   Code   RO         2314    i.UART_SetConfig    stm32f1xx_hal_uart.o
    0x080036d8   0x080036d8   0x00000036   Code   RO         2316    i.UART_Start_Receive_IT  stm32f1xx_hal_uart.o
    0x0800370e   0x0800370e   0x00000072   Code   RO         2317    i.UART_WaitOnFlagUntilTimeout  stm32f1xx_hal_uart.o
    0x08003780   0x08003780   0x00000178   Code   RO         2970    i.UI_Init           myui.o
    0x080038f8   0x080038f8   0x0000002e   Code   RO         2971    i.UI_ShowCardID     myui.o
    0x08003926   0x08003926   0x0000002e   Code   RO         2972    i.UI_ShowState      myui.o
    0x08003954   0x08003954   0x0000003e   Code   RO         2973    i.UI_ShowString     myui.o
    0x08003992   0x08003992   0x00000002   PAD
    0x08003994   0x08003994   0x0000005c   Code   RO         2974    i.UI_ShowTime       myui.o
    0x080039f0   0x080039f0   0x00000044   Code   RO         2975    i.UI_Success        myui.o
    0x08003a34   0x08003a34   0x00000048   Code   RO         2976    i.UI_UpdateRecord   myui.o
    0x08003a7c   0x08003a7c   0x00000048   Code   RO         2977    i.UI_Waiting        myui.o
    0x08003ac4   0x08003ac4   0x0000000c   Code   RO          454    i.USART1_IRQHandler  stm32f1xx_it.o
    0x08003ad0   0x08003ad0   0x00000002   Code   RO          455    i.UsageFault_Handler  stm32f1xx_it.o
    0x08003ad2   0x08003ad2   0x00000002   PAD
    0x08003ad4   0x08003ad4   0x000001e8   Code   RO         3085    i.WIFI_AP_Mode      wifi.o
    0x08003cbc   0x08003cbc   0x0000008c   Code   RO         3089    i.WIFI_TCP_SendData  wifi.o
    0x08003d48   0x08003d48   0x00000170   Code   RO         3090    i.WIFI_TCP_ServerStart  wifi.o
    0x08003eb8   0x08003eb8   0x00000020   Code   RO         3552    i.__0printf         mc_w.l(printfa.o)
    0x08003ed8   0x08003ed8   0x00000034   Code   RO         3553    i.__0snprintf       mc_w.l(printfa.o)
    0x08003f0c   0x08003f0c   0x00000028   Code   RO         3554    i.__0sprintf        mc_w.l(printfa.o)
    0x08003f34   0x08003f34   0x00000020   Code   RO         1413    i.__NVIC_SetPriority  stm32f1xx_hal_cortex.o
    0x08003f54   0x08003f54   0x0000000e   Code   RO         3641    i.__scatterload_copy  mc_w.l(handlers.o)
    0x08003f62   0x08003f62   0x00000002   Code   RO         3642    i.__scatterload_null  mc_w.l(handlers.o)
    0x08003f64   0x08003f64   0x0000000e   Code   RO         3643    i.__scatterload_zeroinit  mc_w.l(handlers.o)
    0x08003f72   0x08003f72   0x00000002   PAD
    0x08003f74   0x08003f74   0x00000184   Code   RO         3559    i._fp_digits        mc_w.l(printfa.o)
    0x080040f8   0x080040f8   0x000006b4   Code   RO         3560    i._printf_core      mc_w.l(printfa.o)
    0x080047ac   0x080047ac   0x00000024   Code   RO         3561    i._printf_post_padding  mc_w.l(printfa.o)
    0x080047d0   0x080047d0   0x0000002e   Code   RO         3562    i._printf_pre_padding  mc_w.l(printfa.o)
    0x080047fe   0x080047fe   0x00000016   Code   RO         3563    i._snputc           mc_w.l(printfa.o)
    0x08004814   0x08004814   0x0000000a   Code   RO         3564    i._sputc            mc_w.l(printfa.o)
    0x0800481e   0x0800481e   0x00000002   PAD
    0x08004820   0x08004820   0x000001c0   Code   RO          572    i.checkCard         systemfunction.o
    0x080049e0   0x080049e0   0x0000001c   Code   RO         2783    i.delay_ms          bsp_lcd_ili9341.o
    0x080049fc   0x080049fc   0x000000dc   Code   RO         2784    i.drawAscii         bsp_lcd_ili9341.o
    0x08004ad8   0x08004ad8   0x00000018   Code   RO          380    i.fputc             usart.o
    0x08004af0   0x08004af0   0x0000010c   Code   RO          179    i.main              main.o
    0x08004bfc   0x08004bfc   0x00000048   Code   RO         2786    i.readData          bsp_lcd_ili9341.o
    0x08004c44   0x08004c44   0x0000006c   Code   RO           16    i.rtc_date2sec      myrtc.o
    0x08004cb0   0x08004cb0   0x00000048   Code   RO           17    i.rtc_get_week      myrtc.o
    0x08004cf8   0x08004cf8   0x00000026   Code   RO           18    i.rtc_is_leap_year  myrtc.o
    0x08004d1e   0x08004d1e   0x00000002   PAD
    0x08004d20   0x08004d20   0x00000070   Code   RO           19    i.rtc_set_time      myrtc.o
    0x08004d90   0x08004d90   0x00000024   Code   RO         2788    i.sendDataShort     bsp_lcd_ili9341.o
    0x08004db4   0x08004db4   0x00000024   Code   RO         2789    i.sendOrder         bsp_lcd_ili9341.o
    0x08004dd8   0x08004dd8   0x00000088   Code   RO         2790    i.setCursor         bsp_lcd_ili9341.o
    0x08004e60   0x08004e60   0x00000140   Code   RO          573    i.systemRTCInit     systemfunction.o
    0x08004fa0   0x08004fa0   0x0000002c   Data   RO           21    .constdata          myrtc.o
    0x08004fcc   0x08004fcc   0x00000012   Data   RO         1111    .constdata          stm32f1xx_hal_rcc.o
    0x08004fde   0x08004fde   0x00000012   Data   RO         1203    .constdata          stm32f1xx_hal_rcc_ex.o
    0x08004ff0   0x08004ff0   0x00000010   Data   RO         2623    .constdata          system_stm32f1xx.o
    0x08005000   0x08005000   0x00000008   Data   RO         2624    .constdata          system_stm32f1xx.o
    0x08005008   0x08005008   0x00003348   Data   RO         2792    .constdata          bsp_lcd_ili9341.o
    0x08008350   0x08008350   0x00000040   Data   RO         3637    .constdata          mc_w.l(ctype_c.o)
    0x08008390   0x08008390   0x00000020   Data   RO         3639    Region$$Table       anon$$obj.o


    Execution Region RW_IRAM1 (Exec base: 0x20000000, Load base: 0x080083b0, Size: 0x00000e98, Max: 0x0000c000, ABSOLUTE, COMPRESSED[0x00000098])

    Exec Addr    Load Addr    Size         Type   Attr      Idx    E Section Name        Object

    0x20000000   COMPRESSED   0x00000002   Data   RW           22    .data               myrtc.o
    0x20000002   COMPRESSED   0x00000002   PAD
    0x20000004   COMPRESSED   0x00000008   Data   RW          180    .data               main.o
    0x2000000c   COMPRESSED   0x00000089   Data   RW          577    .data               systemfunction.o
    0x20000095   COMPRESSED   0x00000003   PAD
    0x20000098   COMPRESSED   0x0000000c   Data   RW          948    .data               stm32f1xx_hal.o
    0x200000a4   COMPRESSED   0x00000004   Data   RW         2625    .data               system_stm32f1xx.o
    0x200000a8   COMPRESSED   0x00000003   Data   RW         2718    .data               key.o
    0x200000ab   COMPRESSED   0x00000001   PAD
    0x200000ac   COMPRESSED   0x00000090   Data   RW         2794    .data               bsp_lcd_ili9341.o
    0x2000013c   COMPRESSED   0x00000004   Data   RW         3093    .data               wifi.o
    0x20000140   COMPRESSED   0x00000004   Data   RW         3602    .data               mc_w.l(stdout.o)
    0x20000144        -       0x0000000a   Zero   RW           20    .bss                myrtc.o
    0x2000014e   COMPRESSED   0x00000002   PAD
    0x20000150        -       0x00000014   Zero   RW          294    .bss                rtc.o
    0x20000164        -       0x00000058   Zero   RW          336    .bss                spi.o
    0x200001bc        -       0x00000090   Zero   RW          381    .bss                usart.o
    0x2000024c        -       0x00000440   Zero   RW          574    .bss                systemfunction.o
    0x2000068c        -       0x0000000a   Zero   RW         2791    .bss                bsp_lcd_ili9341.o
    0x20000696        -       0x00000400   Zero   RW         3091    .bss                wifi.o
    0x20000a96   COMPRESSED   0x00000002   PAD
    0x20000a98        -       0x00000400   Zero   RW            1    STACK               startup_stm32f103xe.o


==============================================================================

Image component sizes


      Code (inc. data)   RO Data    RW Data    ZI Data      Debug   Object Name

      2060        136      13128        144         10      11935   bsp_lcd_ili9341.o
       264        118          0          0          0       1248   esp32.o
       288         24          0          0          0       1019   gpio.o
        72         10          0          3          0       1623   key.o
       400         90          0          8          0       3135   main.o
       814         76         44          2         10     476354   myrtc.o
       834        174          0          0          0       4444   myui.o
       952         12          0          0          0      10828   rc522.o
        84         22          0          0         20       1455   rtc.o
       184         24          0          0         88       1653   spi.o
        36          8        304          0       1024        804   startup_stm32f103xe.o
       164         28          0         12          0       6509   stm32f1xx_hal.o
       198         14          0          0          0      28951   stm32f1xx_hal_cortex.o
       374          8          0          0          0       1835   stm32f1xx_hal_dma.o
       548         48          0          0          0       4130   stm32f1xx_hal_gpio.o
        60          8          0          0          0        870   stm32f1xx_hal_msp.o
        12          4          0          0          0        515   stm32f1xx_hal_pwr.o
      1240         84         18          0          0       5112   stm32f1xx_hal_rcc.o
       420         30         18          0          0       2513   stm32f1xx_hal_rcc_ex.o
       312          4          0          0          0       3712   stm32f1xx_hal_rtc.o
        32         10          0          0          0       1635   stm32f1xx_hal_rtc_ex.o
       910          4          0          0          0       4665   stm32f1xx_hal_spi.o
      1794         10          0          0          0      12291   stm32f1xx_hal_uart.o
        62         12          0          0          0       6026   stm32f1xx_it.o
         2          0         24          4          0       1119   system_stm32f1xx.o
       768        264          0        137       1088       3123   systemfunction.o
       356         42          0          0        144       4789   usart.o
      1416        894          0          4       1024       3914   wifi.o

    ----------------------------------------------------------------------
     14674       2158      13568        320       3412     606207   Object Totals
         0          0         32          0          0          0   (incl. Generated)
        18          0          0          6          4          0   (incl. Padding)

    ----------------------------------------------------------------------

      Code (inc. data)   RO Data    RW Data    ZI Data      Debug   Library Member Name

        56          8          0          0          0         84   __0sscanf.o
        86          0          0          0          0          0   __dczerorl2.o
        28          0          0          0          0         68   _chval.o
       816          6          0          0          0        112   _scanf.o
       332          0          0          0          0         96   _scanf_int.o
        64          0          0          0          0         84   _sgetc.o
        40          6         64          0          0         68   ctype_c.o
         0          0          0          0          0          0   entry.o
         0          0          0          0          0          0   entry10a.o
         0          0          0          0          0          0   entry11a.o
         4          0          0          0          0          0   entry12b.o
         8          4          0          0          0          0   entry2.o
         4          0          0          0          0          0   entry5.o
         0          0          0          0          0          0   entry7b.o
         0          0          0          0          0          0   entry8b.o
         8          4          0          0          0          0   entry9a.o
        30          0          0          0          0          0   handlers.o
        36          8          0          0          0         68   init.o
        10          0          0          0          0         68   isspace_c.o
         0          0          0          0          0          0   iusefp.o
        30          0          0          0          0         68   llshl.o
        36          0          0          0          0         68   llsshr.o
        32          0          0          0          0         68   llushr.o
        26          0          0          0          0         80   memcmp.o
        36          0          0          0          0         68   memcpya.o
        36          0          0          0          0        108   memseta.o
      2342        100          0          0          0        772   printfa.o
        40          8          0          0          0         84   scanf_char.o
         0          0          0          4          0          0   stdout.o
        20          0          0          0          0         68   strchr.o
        18          0          0          0          0         68   strcpy.o
        14          0          0          0          0         68   strlen.o
        36          0          0          0          0         80   strstr.o
        44          0          0          0          0         80   uidiv.o
        98          0          0          0          0         92   uldiv.o
        48          0          0          0          0         68   cdrcmple.o
       334          0          0          0          0        148   dadd.o
       222          0          0          0          0        100   ddiv.o
       186          0          0          0          0        176   depilogue.o
        48          0          0          0          0         68   dfixul.o
       228          0          0          0          0         96   dmul.o

    ----------------------------------------------------------------------
      5406        144         64          4          0       3076   Library Totals
        10          0          0          0          0          0   (incl. Padding)

    ----------------------------------------------------------------------

      Code (inc. data)   RO Data    RW Data    ZI Data      Debug   Library Name

      4330        144         64          4          0       2420   mc_w.l
      1066          0          0          0          0        656   mf_w.l

    ----------------------------------------------------------------------
      5406        144         64          4          0       3076   Library Totals

    ----------------------------------------------------------------------

==============================================================================


      Code (inc. data)   RO Data    RW Data    ZI Data      Debug   

     20080       2302      13632        324       3412     601143   Grand Totals
     20080       2302      13632        152       3412     601143   ELF Image Totals (compressed)
     20080       2302      13632        152          0          0   ROM Totals

==============================================================================

    Total RO  Size (Code + RO Data)                33712 (  32.92kB)
    Total RW  Size (RW Data + ZI Data)              3736 (   3.65kB)
    Total ROM Size (Code + RO Data + RW Data)      33864 (  33.07kB)

==============================================================================

