<html>
<body>
<pre>
<h1>µVision Build Log</h1>
<h2>Tool Versions:</h2>
IDE-Version: ¦ÌVision V5.40.0.0
Copyright (C) 2024 ARM Ltd and ARM Germany GmbH. All rights reserved.
License Information: ÎÄ Ö¹Ä«, www, LIC=EPPLD-8B5EH-VJQ6J-U8VF5-ZMP3J-ML96H
 
Tool Versions:
Toolchain:       MDK-ARM Professional  Version: 5.40.0.3
Toolchain Path:  D:\Keil_v5\ARM\ARMCLANG\Bin
C Compiler:      ArmClang.exe V6.22
Assembler:       Armasm.exe V6.22
Linker/Locator:  ArmLink.exe V6.22
Library Manager: ArmAr.exe V6.22
Hex Converter:   FromElf.exe V6.22
CPU DLL:         SARMCM3.DLL V5.40.0.3
Dialog DLL:      DCM.DLL V1.17.5.0
Target DLL:      STLink\ST-LINKIII-KEIL_SWO.dll V3.3.0.0
Dialog DLL:      TCM.DLL V1.56.4.0
 
<h2>Project:</h2>
E:\projects\STM32\MyProject\7.5PS2ÊÖ±úÒ¡¸ËÌ°³ÔÉß\Projects\MDK-ARM\atk_f103.uvprojx
Project File Date:  12/01/2025

<h2>Output:</h2>
*** Using Compiler 'V6.22', folder: 'D:\Keil_v5\ARM\ARMCLANG\Bin'
Build target 'Template'
compiling main.c...
compiling stm32f1xx_it.c...
compiling system_stm32f1xx.c...
compiling stm32f1xx_hal_gpio_ex.c...
compiling delay.c...
compiling usart.c...
compiling stm32f1xx_hal.c...
compiling sys.c...
compiling stm32f1xx_hal_cortex.c...
compiling stm32f1xx_hal_gpio.c...
compiling stm32f1xx_hal_iwdg.c...
compiling stm32f1xx_hal_rcc_ex.c...
compiling stm32f1xx_hal_dma.c...
compiling stm32f1xx_hal_rcc.c...
compiling stm32f1xx_ll_adc.c...
compiling stm32f1xx_hal_wwdg.c...
compiling stm32f1xx_hal_usart.c...
compiling stm32f1xx_hal_uart.c...
compiling beep.c...
compiling exti.c...
compiling stm32f1xx_hal_adc_ex.c...
compiling key.c...
compiling stm32f1xx_hal_tim_ex.c...
compiling led.c...
compiling stm32f1xx_hal_adc.c...
../../Drivers/BSP/OLED/OLED_Data.c(337): warning: illegal character encoding in string literal [-Winvalid-source-encoding]
  337 |         "<A3><AC>",
      |          ^~~~~~~~
../../Drivers/BSP/OLED/OLED_Data.c(341): warning: illegal character encoding in string literal [-Winvalid-source-encoding]
  341 |         "<A1><A3>",
      |          ^~~~~~~~
../../Drivers/BSP/OLED/OLED_Data.c(345): warning: illegal character encoding in string literal [-Winvalid-source-encoding]
  345 |         "<C4><E3>",
      |          ^~~~~~~~
../../Drivers/BSP/OLED/OLED_Data.c(349): warning: illegal character encoding in string literal [-Winvalid-source-encoding]
  349 |         "<BA><C3>",
      |          ^~~~~~~~
../../Drivers/BSP/OLED/OLED_Data.c(353): warning: illegal character encoding in string literal [-Winvalid-source-encoding]
  353 |         "<CA><C0>",
      |          ^~~~~~~~
../../Drivers/BSP/OLED/OLED_Data.c(357): warning: illegal character encoding in string literal [-Winvalid-source-encoding]
  357 |         "<BD><E7>",
      |          ^~~~~~~~
6 warnings generated.
compiling OLED_Data.c...
compiling wdg.c...
compiling gtim.c...
compiling btim.c...
compiling DHT11.c...
compiling adc.c...
compiling snake.c...
compiling stm32f1xx_hal_tim.c...
compiling OLED.c...
linking...
Program Size: Code=23984 RO-data=3268 RW-data=28 ZI-data=5004  
FromELF: creating hex file...
"..\..\Output\atk_f103.axf" - 0 Error(s), 6 Warning(s).

<h2>Software Packages used:</h2>

Package Vendor: Keil
                https://www.keil.com/pack/Keil.STM32F1xx_DFP.2.4.1.pack
                Keil::STM32F1xx_DFP@2.4.1
                STMicroelectronics STM32F1 Series Device Support, Drivers and Examples

<h2>Collection of Component include folders:</h2>
  D:/Arm/Packs/Keil/STM32F1xx_DFP/2.4.1/Device/Include

<h2>Collection of Component Files used:</h2>
Build Time Elapsed:  00:00:03
</pre>
</body>
</html>
