Component: Arm Compiler for Embedded 6.22 Tool: armlink [5ee90200]

==============================================================================

Section Cross References

    startup_stm32f103xe.o(STACK) refers (Special) to heapauxi.o(.text) for __use_two_region_memory
    startup_stm32f103xe.o(HEAP) refers (Special) to heapauxi.o(.text) for __use_two_region_memory
    startup_stm32f103xe.o(RESET) refers (Special) to heapauxi.o(.text) for __use_two_region_memory
    startup_stm32f103xe.o(RESET) refers to startup_stm32f103xe.o(STACK) for __initial_sp
    startup_stm32f103xe.o(RESET) refers to startup_stm32f103xe.o(.text) for Reset_Handler
    startup_stm32f103xe.o(RESET) refers to stm32f1xx_it.o(.text.NMI_Handler) for NMI_Handler
    startup_stm32f103xe.o(RESET) refers to stm32f1xx_it.o(.text.HardFault_Handler) for HardFault_Handler
    startup_stm32f103xe.o(RESET) refers to stm32f1xx_it.o(.text.MemManage_Handler) for MemManage_Handler
    startup_stm32f103xe.o(RESET) refers to stm32f1xx_it.o(.text.BusFault_Handler) for BusFault_Handler
    startup_stm32f103xe.o(RESET) refers to stm32f1xx_it.o(.text.UsageFault_Handler) for UsageFault_Handler
    startup_stm32f103xe.o(RESET) refers to stm32f1xx_it.o(.text.SVC_Handler) for SVC_Handler
    startup_stm32f103xe.o(RESET) refers to stm32f1xx_it.o(.text.DebugMon_Handler) for DebugMon_Handler
    startup_stm32f103xe.o(RESET) refers to stm32f1xx_it.o(.text.PendSV_Handler) for PendSV_Handler
    startup_stm32f103xe.o(RESET) refers to stm32f1xx_it.o(.text.SysTick_Handler) for SysTick_Handler
    startup_stm32f103xe.o(RESET) refers to exti.o(.text.EXTI0_IRQHandler) for EXTI0_IRQHandler
    startup_stm32f103xe.o(RESET) refers to exti.o(.text.EXTI3_IRQHandler) for EXTI3_IRQHandler
    startup_stm32f103xe.o(RESET) refers to exti.o(.text.EXTI4_IRQHandler) for EXTI4_IRQHandler
    startup_stm32f103xe.o(RESET) refers to gtim.o(.text.TIM2_IRQHandler) for TIM2_IRQHandler
    startup_stm32f103xe.o(RESET) refers to gtim.o(.text.TIM3_IRQHandler) for TIM3_IRQHandler
    startup_stm32f103xe.o(RESET) refers to gtim.o(.text.TIM4_IRQHandler) for TIM4_IRQHandler
    startup_stm32f103xe.o(RESET) refers to stm32f1xx_it.o(.text.USART1_IRQHandler) for USART1_IRQHandler
    startup_stm32f103xe.o(RESET) refers to stm32f1xx_it.o(.text.USART2_IRQHandler) for USART2_IRQHandler
    startup_stm32f103xe.o(RESET) refers to btim.o(.text.TIM6_IRQHandler) for TIM6_IRQHandler
    startup_stm32f103xe.o(RESET) refers to btim.o(.text.TIM7_IRQHandler) for TIM7_IRQHandler
    startup_stm32f103xe.o(.text) refers (Special) to heapauxi.o(.text) for __use_two_region_memory
    startup_stm32f103xe.o(.text) refers to system_stm32f1xx.o(.text.SystemInit) for SystemInit
    startup_stm32f103xe.o(.text) refers to __main.o(!!!main) for __main
    startup_stm32f103xe.o(.text) refers to startup_stm32f103xe.o(HEAP) for Heap_Mem
    startup_stm32f103xe.o(.text) refers to startup_stm32f103xe.o(STACK) for Stack_Mem
    stm32f1xx_it.o(.ARM.exidx.text.NMI_Handler) refers to stm32f1xx_it.o(.text.NMI_Handler) for [Anonymous Symbol]
    stm32f1xx_it.o(.ARM.exidx.text.HardFault_Handler) refers to stm32f1xx_it.o(.text.HardFault_Handler) for [Anonymous Symbol]
    stm32f1xx_it.o(.ARM.exidx.text.MemManage_Handler) refers to stm32f1xx_it.o(.text.MemManage_Handler) for [Anonymous Symbol]
    stm32f1xx_it.o(.ARM.exidx.text.BusFault_Handler) refers to stm32f1xx_it.o(.text.BusFault_Handler) for [Anonymous Symbol]
    stm32f1xx_it.o(.ARM.exidx.text.UsageFault_Handler) refers to stm32f1xx_it.o(.text.UsageFault_Handler) for [Anonymous Symbol]
    stm32f1xx_it.o(.ARM.exidx.text.SVC_Handler) refers to stm32f1xx_it.o(.text.SVC_Handler) for [Anonymous Symbol]
    stm32f1xx_it.o(.ARM.exidx.text.DebugMon_Handler) refers to stm32f1xx_it.o(.text.DebugMon_Handler) for [Anonymous Symbol]
    stm32f1xx_it.o(.ARM.exidx.text.PendSV_Handler) refers to stm32f1xx_it.o(.text.PendSV_Handler) for [Anonymous Symbol]
    stm32f1xx_it.o(.text.SysTick_Handler) refers to stm32f1xx_hal.o(.text.HAL_IncTick) for HAL_IncTick
    stm32f1xx_it.o(.ARM.exidx.text.SysTick_Handler) refers to stm32f1xx_it.o(.text.SysTick_Handler) for [Anonymous Symbol]
    stm32f1xx_it.o(.text.USART1_IRQHandler) refers to usart.o(.bss.g_uartx_handle) for g_uartx_handle
    stm32f1xx_it.o(.text.USART1_IRQHandler) refers to stm32f1xx_hal_uart.o(.text.HAL_UART_IRQHandler) for HAL_UART_IRQHandler
    stm32f1xx_it.o(.ARM.exidx.text.USART1_IRQHandler) refers to stm32f1xx_it.o(.text.USART1_IRQHandler) for [Anonymous Symbol]
    stm32f1xx_it.o(.text.USART2_IRQHandler) refers to usart.o(.bss.g_uartx_handle) for g_uartx_handle
    stm32f1xx_it.o(.text.USART2_IRQHandler) refers to stm32f1xx_hal_uart.o(.text.HAL_UART_IRQHandler) for HAL_UART_IRQHandler
    stm32f1xx_it.o(.text.USART2_IRQHandler) refers to usart.o(.bss.g_uart2_rx_buffer) for g_uart2_rx_buffer
    stm32f1xx_it.o(.text.USART2_IRQHandler) refers to esp8266.o(.bss.strEsp8266_Fram_Record) for strEsp8266_Fram_Record
[...]
    [Anonymous Symbol]                       0x080036f8   Section        0  lcd.o(.text.lcd_clear)
    [Anonymous Symbol]                       0x08003730   Section        0  lcd.o(.text.lcd_ex_ili9341_reginit)
    [Anonymous Symbol]                       0x08003e54   Section        0  lcd.o(.text.lcd_ex_ili9806_reginit)
    [Anonymous Symbol]                       0x080048c8   Section        0  lcd.o(.text.lcd_ex_nt35310_reginit)
    [Anonymous Symbol]                       0x080077ec   Section        0  lcd.o(.text.lcd_ex_nt35510_reginit)
    [Anonymous Symbol]                       0x0800859c   Section        0  lcd.o(.text.lcd_ex_ssd1963_reginit)
    [Anonymous Symbol]                       0x08008a04   Section        0  lcd.o(.text.lcd_ex_st7789_reginit)
    [Anonymous Symbol]                       0x08008f84   Section        0  lcd.o(.text.lcd_ex_st7796_reginit)
    [Anonymous Symbol]                       0x08009560   Section        0  lcd.o(.text.lcd_init)
    [Anonymous Symbol]                       0x08009b40   Section        0  lcd.o(.text.lcd_scan_dir)
    [Anonymous Symbol]                       0x08009e28   Section        0  lcd.o(.text.lcd_set_cursor)
    [Anonymous Symbol]                       0x0800a0b0   Section        0  led.o(.text.led_init)
    [Anonymous Symbol]                       0x0800a128   Section        0  main.o(.text.main)
    [Anonymous Symbol]                       0x0800a1e0   Section        0  usart.o(.text.my_USART_printf)
    [Anonymous Symbol]                       0x0800a218   Section        0  sys.o(.text.sys_stm32_clock_init)
    [Anonymous Symbol]                       0x0800a274   Section        0  usart.o(.text.usart_init)
    CL$$btod_d2e                             0x0800a2a8   Section       62  btod.o(CL$$btod_d2e)
    CL$$btod_d2e_denorm_low                  0x0800a2e6   Section       70  btod.o(CL$$btod_d2e_denorm_low)
    CL$$btod_d2e_norm_op1                    0x0800a32c   Section       96  btod.o(CL$$btod_d2e_norm_op1)
    CL$$btod_div_common                      0x0800a38c   Section      824  btod.o(CL$$btod_div_common)
    CL$$btod_e2e                             0x0800a6c4   Section      220  btod.o(CL$$btod_e2e)
    CL$$btod_ediv                            0x0800a7a0   Section       42  btod.o(CL$$btod_ediv)
    CL$$btod_emul                            0x0800a7ca   Section       42  btod.o(CL$$btod_emul)
    CL$$btod_mult_common                     0x0800a7f4   Section      580  btod.o(CL$$btod_mult_common)
    i.__ARM_fpclassify                       0x0800aa38   Section        0  fpclassify.o(i.__ARM_fpclassify)
    i._is_digit                              0x0800aa60   Section        0  __printf_wp.o(i._is_digit)
    locale$$code                             0x0800aa70   Section       44  lc_numeric_c.o(locale$$code)
    locale$$code                             0x0800aa9c   Section       44  lc_ctype_c.o(locale$$code)
    x$fpl$printf1                            0x0800aac8   Section        4  printf1.o(x$fpl$printf1)
    x$fpl$printf2                            0x0800aacc   Section        4  printf2.o(x$fpl$printf2)
    maptable                                 0x0800aad0   Data          17  __printf_flags_ss_wp.o(.constdata)
    .constdata                               0x0800aad0   Section       17  __printf_flags_ss_wp.o(.constdata)
    x$fpl$usenofp                            0x0800aad0   Section        0  usenofp.o(x$fpl$usenofp)
    initial_mbstate                          0x0800aae4   Data           8  _printf_wctomb.o(.constdata)
    .constdata                               0x0800aae4   Section        8  _printf_wctomb.o(.constdata)
    uc_hextab                                0x0800aaec   Data          20  _printf_hex_int_ll_ptr.o(.constdata)
    .constdata                               0x0800aaec   Section       40  _printf_hex_int_ll_ptr.o(.constdata)
    lc_hextab                                0x0800ab00   Data          20  _printf_hex_int_ll_ptr.o(.constdata)
    lc_hextab                                0x0800ab14   Data          19  _printf_fp_hex.o(.constdata)
    .constdata                               0x0800ab14   Section       38  _printf_fp_hex.o(.constdata)
    uc_hextab                                0x0800ab27   Data          19  _printf_fp_hex.o(.constdata)
    tenpwrs_x                                0x0800ab3c   Data          60  bigflt0.o(.constdata)
    .constdata                               0x0800ab3c   Section      148  bigflt0.o(.constdata)
    tenpwrs_i                                0x0800ab78   Data          64  bigflt0.o(.constdata)
    .L__const.HAL_RCC_GetSysClockFreq.aPredivFactorTable 0x0800abd0   Data           2  stm32f1xx_hal_rcc.o(.rodata..L__const.HAL_RCC_GetSysClockFreq.aPredivFactorTable)
    .Lswitch.table.lcd_scan_dir.1            0x0800abd2   Data          14  lcd.o(.rodata..Lswitch.table.lcd_scan_dir.1)
    .L__const.HAL_RCC_GetSysClockFreq.aPLLMULFactorTable 0x0800abf8   Data          16  stm32f1xx_hal_rcc.o(.rodata.cst16)
    .Lswitch.table.HAL_TIM_IC_Start_IT       0x0800ac08   Data          16  stm32f1xx_hal_tim.o(.rodata.cst16)
    .Lswitch.table.HAL_TIM_IC_Stop_IT        0x0800ac18   Data          16  stm32f1xx_hal_tim.o(.rodata.cst16)
    .Lswitch.table.HAL_TIM_IC_Stop_DMA       0x0800ac28   Data          16  stm32f1xx_hal_tim.o(.rodata.cst16)
    .L.str.9                                 0x0800ac38   Data          17  esp8266.o(.rodata.str1.1)
    [Anonymous Symbol]                       0x0800ac38   Section        0  esp8266.o(.rodata.str1.1)
    .L.str.10                                0x0800ac44   Data           5  esp8266.o(.rodata.str1.1)
    .L.str.16                                0x0800ac49   Data          23  esp8266.o(.rodata.str1.1)
    .L.str.12                                0x0800ac60   Data          12  esp8266.o(.rodata.str1.1)
    .L.str.6                                 0x0800ac6c   Data          12  esp8266.o(.rodata.str1.1)
    .L.str.7                                 0x0800ac90   Data          20  esp8266.o(.rodata.str1.1)
    .L.str.5                                 0x0800aca4   Data           3  esp8266.o(.rodata.str1.1)
    .L.str.4                                 0x0800aca7   Data           9  esp8266.o(.rodata.str1.1)
    .L.str.11                                0x0800acbd   Data           3  esp8266.o(.rodata.str1.1)
    .L.str.18                                0x0800acc2   Data          13  esp8266.o(.rodata.str1.1)
    .L.str.13                                0x0800accd   Data          10  esp8266.o(.rodata.str1.1)
    .L.str.25                                0x0800accf   Data          19  esp8266.o(.rodata.str1.1)
    .L.str.27                                0x0800ace2   Data          13  esp8266.o(.rodata.str1.1)
    locale$$data                             0x0800ad0c   Section       28  lc_numeric_c.o(locale$$data)
    __lcnum_c_name                           0x0800ad10   Data           2  lc_numeric_c.o(locale$$data)
    __lcnum_c_start                          0x0800ad18   Data           0  lc_numeric_c.o(locale$$data)
    __lcnum_c_point                          0x0800ad24   Data           0  lc_numeric_c.o(locale$$data)
    __lcnum_c_thousands                      0x0800ad26   Data           0  lc_numeric_c.o(locale$$data)
    __lcnum_c_grouping                       0x0800ad27   Data           0  lc_numeric_c.o(locale$$data)
    __lcnum_c_end                            0x0800ad28   Data           0  lc_numeric_c.o(locale$$data)
    locale$$data                             0x0800ad28   Section      272  lc_ctype_c.o(locale$$data)
    __lcctype_c_name                         0x0800ad2c   Data           2  lc_ctype_c.o(locale$$data)
    __lcctype_c_start                        0x0800ad34   Data           0  lc_ctype_c.o(locale$$data)
    __lcctype_c_end                          0x0800ae38   Data           0  lc_ctype_c.o(locale$$data)
    .bss                                     0x20000028   Section       96  libspace.o(.bss)
    g_fac_us                                 0x200000e8   Data           4  delay.o(.bss.g_fac_us)
    [Anonymous Symbol]                       0x200000e8   Section        0  delay.o(.bss.g_fac_us)
    Heap_Mem                                 0x20000888   Data         512  startup_stm32f103xe.o(HEAP)
    HEAP                                     0x20000888   Section      512  startup_stm32f103xe.o(HEAP)
    Stack_Mem                                0x20000a88   Data        1024  startup_stm32f103xe.o(STACK)
    STACK                                    0x20000a88   Section     1024  startup_stm32f103xe.o(STACK)
    __initial_sp                             0x20000e88   Data           0  startup_stm32f103xe.o(STACK)

    Global Symbols

    Symbol Name                              Value     Ov Type        Size  Object(Section)

    BuildAttributes$$THM_ISAv4$P$D$K$B$S$PE$A:L22UL41UL21$X:L11$S22US41US21$IEEE1$IW$~IW$USESV6$~STKCKD$USESV7$~SHL$OTIME$ROPI$IEEEX$EBA8$UX$STANDARDLIB$REQ8$PRES8$EABIv2 0x00000000   Number         0  anon$$obj.o ABSOLUTE
    __fp_init_empty                          0x00000000   Number         0  fpinit_empty.o ABSOLUTE
    _printf_flags                            0x00000000   Number         0  printf_stubs.o ABSOLUTE
    _printf_return_value                     0x00000000   Number         0  printf_stubs.o ABSOLUTE
    _printf_sizespec                         0x00000000   Number         0  printf_stubs.o ABSOLUTE
    _printf_widthprec                        0x00000000   Number         0  printf_stubs.o ABSOLUTE
    __ARM_exceptions_init                     - Undefined Weak Reference
    __alloca_initialize                       - Undefined Weak Reference
    __arm_preinit_                            - Undefined Weak Reference
    __arm_relocate_pie_                       - Undefined Weak Reference
    __cpp_initialize__aeabi_                  - Undefined Weak Reference
    __cxa_finalize                            - Undefined Weak Reference
    __sigvec_lookup                           - Undefined Weak Reference
    _atexit_init                              - Undefined Weak Reference
    _call_atexit_fns                          - Undefined Weak Reference
    _clock_init                               - Undefined Weak Reference
    _fp_trap_init                             - Undefined Weak Reference
    _fp_trap_shutdown                         - Undefined Weak Reference
    _get_lc_collate                           - Undefined Weak Reference
    _get_lc_monetary                          - Undefined Weak Reference
    _get_lc_time                              - Undefined Weak Reference
    _getenv_init                              - Undefined Weak Reference
    _handle_redirection                       - Undefined Weak Reference
    _init_alloc                               - Undefined Weak Reference
    _init_user_alloc                          - Undefined Weak Reference
    _initio                                   - Undefined Weak Reference
    _mutex_acquire                            - Undefined Weak Reference
    _mutex_release                            - Undefined Weak Reference
    _printf_mbtowc                            - Undefined Weak Reference
    _printf_wc                                - Undefined Weak Reference
    _rand_init                                - Undefined Weak Reference
    _signal_finish                            - Undefined Weak Reference
    _signal_init                              - Undefined Weak Reference
    _terminate_alloc                          - Undefined Weak Reference
    _terminate_user_alloc                     - Undefined Weak Reference
    _terminateio                              - Undefined Weak Reference
    __Vectors_Size                           0x00000130   Number         0  startup_stm32f103xe.o ABSOLUTE
    __Vectors                                0x08000000   Data           4  startup_stm32f103xe.o(RESET)
    __Vectors_End                            0x08000130   Data           0  startup_stm32f103xe.o(RESET)
    __main                                   0x08000131   Thumb Code     8  __main.o(!!!main)
    __scatterload                            0x08000139   Thumb Code     0  __scatter.o(!!!scatter)
    __scatterload_rt2                        0x08000139   Thumb Code    84  __scatter.o(!!!scatter)
    __scatterload_rt2_thumb_only             0x08000139   Thumb Code     0  __scatter.o(!!!scatter)
    __scatterload_loop                       0x08000143   Thumb Code     0  __scatter.o(!!!scatter)
    __scatterload_copy                       0x08000195   Thumb Code    26  __scatter_copy.o(!!handler_copy)
    __scatterload_null                       0x080001b1   Thumb Code     2  __scatter.o(!!handler_null)
    __scatterload_zeroinit                   0x080001b5   Thumb Code    28  __scatter_zi.o(!!handler_zi)
    _printf_n                                0x080001d1   Thumb Code     0  _printf_n.o(.ARM.Collect$$_printf_percent$$00000001)
    _printf_percent                          0x080001d1   Thumb Code     0  _printf_percent.o(.ARM.Collect$$_printf_percent$$00000000)
    _printf_p                                0x080001d7   Thumb Code     0  _printf_p.o(.ARM.Collect$$_printf_percent$$00000002)
    _printf_f                                0x080001dd   Thumb Code     0  _printf_f.o(.ARM.Collect$$_printf_percent$$00000003)
    _printf_e                                0x080001e3   Thumb Code     0  _printf_e.o(.ARM.Collect$$_printf_percent$$00000004)
    _printf_g                                0x080001e9   Thumb Code     0  _printf_g.o(.ARM.Collect$$_printf_percent$$00000005)
    _printf_a                                0x080001ef   Thumb Code     0  _printf_a.o(.ARM.Collect$$_printf_percent$$00000006)
    _printf_ll                               0x080001f5   Thumb Code     0  _printf_ll.o(.ARM.Collect$$_printf_percent$$00000007)
    _printf_i                                0x080001ff   Thumb Code     0  _printf_i.o(.ARM.Collect$$_printf_percent$$00000008)
    _printf_d                                0x08000205   Thumb Code     0  _printf_d.o(.ARM.Collect$$_printf_percent$$00000009)
    _printf_u                                0x0800020b   Thumb Code     0  _printf_u.o(.ARM.Collect$$_printf_percent$$0000000A)
    _printf_o                                0x08000211   Thumb Code     0  _printf_o.o(.ARM.Collect$$_printf_percent$$0000000B)
    _printf_x                                0x08000217   Thumb Code     0  _printf_x.o(.ARM.Collect$$_printf_percent$$0000000C)
    _printf_lli                              0x0800021d   Thumb Code     0  _printf_lli.o(.ARM.Collect$$_printf_percent$$0000000D)
    _printf_lld                              0x08000223   Thumb Code     0  _printf_lld.o(.ARM.Collect$$_printf_percent$$0000000E)
    _printf_llu                              0x08000229   Thumb Code     0  _printf_llu.o(.ARM.Collect$$_printf_percent$$0000000F)
    _printf_llo                              0x0800022f   Thumb Code     0  _printf_llo.o(.ARM.Collect$$_printf_percent$$00000010)
    _printf_llx                              0x08000235   Thumb Code     0  _printf_llx.o(.ARM.Collect$$_printf_percent$$00000011)
    _printf_l                                0x0800023b   Thumb Code     0  _printf_l.o(.ARM.Collect$$_printf_percent$$00000012)
    _printf_c                                0x08000245   Thumb Code     0  _printf_c.o(.ARM.Collect$$_printf_percent$$00000013)
    _printf_s                                0x0800024b   Thumb Code     0  _printf_s.o(.ARM.Collect$$_printf_percent$$00000014)
    _printf_lc                               0x08000251   Thumb Code     0  _printf_lc.o(.ARM.Collect$$_printf_percent$$00000015)
    _printf_ls                               0x08000257   Thumb Code     0  _printf_ls.o(.ARM.Collect$$_printf_percent$$00000016)
    _printf_percent_end                      0x0800025d   Thumb Code     0  _printf_percent_end.o(.ARM.Collect$$_printf_percent$$00000017)
    __rt_lib_init                            0x08000261   Thumb Code     0  libinit.o(.ARM.Collect$$libinit$$00000000)
    __rt_lib_init_fp_1                       0x08000263   Thumb Code     0  libinit2.o(.ARM.Collect$$libinit$$00000002)
    __rt_lib_init_heap_1                     0x08000263   Thumb Code     0  libinit2.o(.ARM.Collect$$libinit$$0000000C)
    __rt_lib_init_lc_common                  0x08000263   Thumb Code     0  libinit2.o(.ARM.Collect$$libinit$$00000011)
    __rt_lib_init_preinit_1                  0x08000263   Thumb Code     0  libinit2.o(.ARM.Collect$$libinit$$00000006)
    __rt_lib_init_rand_1                     0x08000263   Thumb Code     0  libinit2.o(.ARM.Collect$$libinit$$00000010)
    __rt_lib_init_relocate_pie_1             0x08000263   Thumb Code     0  libinit2.o(.ARM.Collect$$libinit$$00000004)
    __rt_lib_init_user_alloc_1               0x08000263   Thumb Code     0  libinit2.o(.ARM.Collect$$libinit$$0000000E)
    __rt_lib_init_lc_collate_1               0x08000269   Thumb Code     0  libinit2.o(.ARM.Collect$$libinit$$00000013)
    __rt_lib_init_lc_ctype_2                 0x08000269   Thumb Code     0  libinit2.o(.ARM.Collect$$libinit$$00000014)
    __rt_lib_init_lc_ctype_1                 0x08000275   Thumb Code     0  libinit2.o(.ARM.Collect$$libinit$$00000015)
    __rt_lib_init_lc_monetary_1              0x08000275   Thumb Code     0  libinit2.o(.ARM.Collect$$libinit$$00000017)
    __rt_lib_init_lc_numeric_2               0x08000275   Thumb Code     0  libinit2.o(.ARM.Collect$$libinit$$00000018)
    __rt_lib_init_alloca_1                   0x0800027f   Thumb Code     0  libinit2.o(.ARM.Collect$$libinit$$00000030)
    __rt_lib_init_argv_1                     0x0800027f   Thumb Code     0  libinit2.o(.ARM.Collect$$libinit$$0000002E)
    __rt_lib_init_atexit_1                   0x0800027f   Thumb Code     0  libinit2.o(.ARM.Collect$$libinit$$0000001D)
    __rt_lib_init_clock_1                    0x0800027f   Thumb Code     0  libinit2.o(.ARM.Collect$$libinit$$00000023)
    __rt_lib_init_cpp_1                      0x0800027f   Thumb Code     0  libinit2.o(.ARM.Collect$$libinit$$00000034)
    __rt_lib_init_exceptions_1               0x0800027f   Thumb Code     0  libinit2.o(.ARM.Collect$$libinit$$00000032)
    __rt_lib_init_fp_trap_1                  0x0800027f   Thumb Code     0  libinit2.o(.ARM.Collect$$libinit$$00000021)
    __rt_lib_init_getenv_1                   0x0800027f   Thumb Code     0  libinit2.o(.ARM.Collect$$libinit$$00000025)
    __rt_lib_init_lc_numeric_1               0x0800027f   Thumb Code     0  libinit2.o(.ARM.Collect$$libinit$$00000019)
    __rt_lib_init_lc_time_1                  0x0800027f   Thumb Code     0  libinit2.o(.ARM.Collect$$libinit$$0000001B)
    __rt_lib_init_return                     0x0800027f   Thumb Code     0  libinit2.o(.ARM.Collect$$libinit$$00000035)
    __rt_lib_init_signal_1                   0x0800027f   Thumb Code     0  libinit2.o(.ARM.Collect$$libinit$$0000001F)
    __rt_lib_init_stdio_1                    0x0800027f   Thumb Code     0  libinit2.o(.ARM.Collect$$libinit$$00000027)
    __rt_lib_shutdown                        0x08000281   Thumb Code     0  libshutdown.o(.ARM.Collect$$libshutdown$$00000000)
    __rt_lib_shutdown_cpp_1                  0x08000283   Thumb Code     0  libshutdown2.o(.ARM.Collect$$libshutdown$$00000002)
    __rt_lib_shutdown_fp_trap_1              0x08000283   Thumb Code     0  libshutdown2.o(.ARM.Collect$$libshutdown$$00000007)
    __rt_lib_shutdown_heap_1                 0x08000283   Thumb Code     0  libshutdown2.o(.ARM.Collect$$libshutdown$$0000000F)
    __rt_lib_shutdown_return                 0x08000283   Thumb Code     0  libshutdown2.o(.ARM.Collect$$libshutdown$$00000010)
    __rt_lib_shutdown_signal_1               0x08000283   Thumb Code     0  libshutdown2.o(.ARM.Collect$$libshutdown$$0000000A)
    __rt_lib_shutdown_stdio_1                0x08000283   Thumb Code     0  libshutdown2.o(.ARM.Collect$$libshutdown$$00000004)
    __rt_lib_shutdown_user_alloc_1           0x08000283   Thumb Code     0  libshutdown2.o(.ARM.Collect$$libshutdown$$0000000C)
    __rt_entry                               0x08000285   Thumb Code     0  __rtentry.o(.ARM.Collect$$rtentry$$00000000)
    __rt_entry_presh_1                       0x08000285   Thumb Code     0  __rtentry2.o(.ARM.Collect$$rtentry$$00000002)
    __rt_entry_sh                            0x08000285   Thumb Code     0  __rtentry4.o(.ARM.Collect$$rtentry$$00000004)
    __rt_entry_li                            0x0800028b   Thumb Code     0  __rtentry2.o(.ARM.Collect$$rtentry$$0000000A)
    __rt_entry_postsh_1                      0x0800028b   Thumb Code     0  __rtentry2.o(.ARM.Collect$$rtentry$$00000009)
    __rt_entry_main                          0x0800028f   Thumb Code     0  __rtentry2.o(.ARM.Collect$$rtentry$$0000000D)
    __rt_entry_postli_1                      0x0800028f   Thumb Code     0  __rtentry2.o(.ARM.Collect$$rtentry$$0000000C)
    __rt_exit                                0x08000297   Thumb Code     0  rtexit.o(.ARM.Collect$$rtexit$$00000000)
    __rt_exit_ls                             0x08000299   Thumb Code     0  rtexit2.o(.ARM.Collect$$rtexit$$00000003)
    __rt_exit_prels_1                        0x08000299   Thumb Code     0  rtexit2.o(.ARM.Collect$$rtexit$$00000002)
    __rt_exit_exit                           0x0800029d   Thumb Code     0  rtexit2.o(.ARM.Collect$$rtexit$$00000004)
    Reset_Handler                            0x080002a5   Thumb Code     8  startup_stm32f103xe.o(.text)
    ADC1_2_IRQHandler                        0x080002bf   Thumb Code     0  startup_stm32f103xe.o(.text)
    ADC3_IRQHandler                          0x080002bf   Thumb Code     0  startup_stm32f103xe.o(.text)
    CAN1_RX1_IRQHandler                      0x080002bf   Thumb Code     0  startup_stm32f103xe.o(.text)
    CAN1_SCE_IRQHandler                      0x080002bf   Thumb Code     0  startup_stm32f103xe.o(.text)
    DMA1_Channel1_IRQHandler                 0x080002bf   Thumb Code     0  startup_stm32f103xe.o(.text)
    DMA1_Channel2_IRQHandler                 0x080002bf   Thumb Code     0  startup_stm32f103xe.o(.text)
    DMA1_Channel3_IRQHandler                 0x080002bf   Thumb Code     0  startup_stm32f103xe.o(.text)
    DMA1_Channel4_IRQHandler                 0x080002bf   Thumb Code     0  startup_stm32f103xe.o(.text)
    DMA1_Channel5_IRQHandler                 0x080002bf   Thumb Code     0  startup_stm32f103xe.o(.text)
    DMA1_Channel6_IRQHandler                 0x080002bf   Thumb Code     0  startup_stm32f103xe.o(.text)
    DMA1_Channel7_IRQHandler                 0x080002bf   Thumb Code     0  startup_stm32f103xe.o(.text)
    DMA2_Channel1_IRQHandler                 0x080002bf   Thumb Code     0  startup_stm32f103xe.o(.text)
    DMA2_Channel2_IRQHandler                 0x080002bf   Thumb Code     0  startup_stm32f103xe.o(.text)
    DMA2_Channel3_IRQHandler                 0x080002bf   Thumb Code     0  startup_stm32f103xe.o(.text)
    DMA2_Channel4_5_IRQHandler               0x080002bf   Thumb Code     0  startup_stm32f103xe.o(.text)
    EXTI15_10_IRQHandler                     0x080002bf   Thumb Code     0  startup_stm32f103xe.o(.text)
    EXTI1_IRQHandler                         0x080002bf   Thumb Code     0  startup_stm32f103xe.o(.text)
    EXTI2_IRQHandler                         0x080002bf   Thumb Code     0  startup_stm32f103xe.o(.text)
    EXTI9_5_IRQHandler                       0x080002bf   Thumb Code     0  startup_stm32f103xe.o(.text)
    FLASH_IRQHandler                         0x080002bf   Thumb Code     0  startup_stm32f103xe.o(.text)
    FSMC_IRQHandler                          0x080002bf   Thumb Code     0  startup_stm32f103xe.o(.text)
    I2C1_ER_IRQHandler                       0x080002bf   Thumb Code     0  startup_stm32f103xe.o(.text)
    I2C1_EV_IRQHandler                       0x080002bf   Thumb Code     0  startup_stm32f103xe.o(.text)
    I2C2_ER_IRQHandler                       0x080002bf   Thumb Code     0  startup_stm32f103xe.o(.text)
    I2C2_EV_IRQHandler                       0x080002bf   Thumb Code     0  startup_stm32f103xe.o(.text)
    PVD_IRQHandler                           0x080002bf   Thumb Code     0  startup_stm32f103xe.o(.text)
    RCC_IRQHandler                           0x080002bf   Thumb Code     0  startup_stm32f103xe.o(.text)
    RTC_Alarm_IRQHandler                     0x080002bf   Thumb Code     0  startup_stm32f103xe.o(.text)
    RTC_IRQHandler                           0x080002bf   Thumb Code     0  startup_stm32f103xe.o(.text)
    SDIO_IRQHandler                          0x080002bf   Thumb Code     0  startup_stm32f103xe.o(.text)
    SPI1_IRQHandler                          0x080002bf   Thumb Code     0  startup_stm32f103xe.o(.text)
    SPI2_IRQHandler                          0x080002bf   Thumb Code     0  startup_stm32f103xe.o(.text)
    SPI3_IRQHandler                          0x080002bf   Thumb Code     0  startup_stm32f103xe.o(.text)
    TAMPER_IRQHandler                        0x080002bf   Thumb Code     0  startup_stm32f103xe.o(.text)
    TIM1_BRK_IRQHandler                      0x080002bf   Thumb Code     0  startup_stm32f103xe.o(.text)
    TIM1_CC_IRQHandler                       0x080002bf   Thumb Code     0  startup_stm32f103xe.o(.text)
    TIM1_TRG_COM_IRQHandler                  0x080002bf   Thumb Code     0  startup_stm32f103xe.o(.text)
    TIM1_UP_IRQHandler                       0x080002bf   Thumb Code     0  startup_stm32f103xe.o(.text)
    TIM5_IRQHandler                          0x080002bf   Thumb Code     0  startup_stm32f103xe.o(.text)
    TIM8_BRK_IRQHandler                      0x080002bf   Thumb Code     0  startup_stm32f103xe.o(.text)
    TIM8_CC_IRQHandler                       0x080002bf   Thumb Code     0  startup_stm32f103xe.o(.text)
    TIM8_TRG_COM_IRQHandler                  0x080002bf   Thumb Code     0  startup_stm32f103xe.o(.text)
    TIM8_UP_IRQHandler                       0x080002bf   Thumb Code     0  startup_stm32f103xe.o(.text)
    UART4_IRQHandler                         0x080002bf   Thumb Code     0  startup_stm32f103xe.o(.text)
    UART5_IRQHandler                         0x080002bf   Thumb Code     0  startup_stm32f103xe.o(.text)
    USART3_IRQHandler                        0x080002bf   Thumb Code     0  startup_stm32f103xe.o(.text)
    USBWakeUp_IRQHandler                     0x080002bf   Thumb Code     0  startup_stm32f103xe.o(.text)
    USB_HP_CAN1_TX_IRQHandler                0x080002bf   Thumb Code     0  startup_stm32f103xe.o(.text)
    USB_LP_CAN1_RX0_IRQHandler               0x080002bf   Thumb Code     0  startup_stm32f103xe.o(.text)
    WWDG_IRQHandler                          0x080002bf   Thumb Code     0  startup_stm32f103xe.o(.text)
    __user_initial_stackheap                 0x080002c1   Thumb Code     0  startup_stm32f103xe.o(.text)
    __use_no_semihosting                     0x080002e5   Thumb Code     2  use_no_semi_2.o(.text)
    vprintf                                  0x080002e9   Thumb Code     8  vprintf.o(.text)
    __2sprintf                               0x080002f5   Thumb Code    38  __2sprintf.o(.text)
    _printf_str                              0x08000321   Thumb Code    82  _printf_str.o(.text)
    _printf_int_dec                          0x08000375   Thumb Code   104  _printf_dec.o(.text)
    __printf                                 0x080003ed   Thumb Code   388  __printf_flags_ss_wp.o(.text)
    puts                                     0x08000575   Thumb Code    40  puts.o(.text)
    strstr                                   0x080005a1   Thumb Code    36  strstr.o(.text)
    __aeabi_memclr4                          0x080005c5   Thumb Code     0  rt_memclr_w.o(.text)
    __aeabi_memclr8                          0x080005c5   Thumb Code     0  rt_memclr_w.o(.text)
    __rt_memclr_w                            0x080005c5   Thumb Code     0  rt_memclr_w.o(.text)
    _memset_w                                0x080005c9   Thumb Code    74  rt_memclr_w.o(.text)
    strcmp                                   0x08000615   Thumb Code   128  strcmpv7m.o(.text)
    __use_two_region_memory                  0x08000695   Thumb Code     2  heapauxi.o(.text)
    __rt_heap_escrow$2region                 0x08000697   Thumb Code     2  heapauxi.o(.text)
    __rt_heap_expand$2region                 0x08000699   Thumb Code     2  heapauxi.o(.text)
    __semihosting$guard                      0x0800069b   Thumb Code     0  use_no_semi.o(.text)
    __use_no_semihosting_swi                 0x0800069b   Thumb Code     2  use_no_semi.o(.text)
    _printf_pre_padding                      0x0800069d   Thumb Code    44  _printf_pad.o(.text)
    _printf_post_padding                     0x080006c9   Thumb Code    34  _printf_pad.o(.text)
    _printf_truncate_signed                  0x080006eb   Thumb Code    18  _printf_truncate.o(.text)
    _printf_truncate_unsigned                0x080006fd   Thumb Code    18  _printf_truncate.o(.text)
    _printf_int_common                       0x0800070f   Thumb Code   178  _printf_intcommon.o(.text)
    _printf_charcount                        0x080007c1   Thumb Code    40  _printf_charcount.o(.text)
    _printf_char_common                      0x080007f3   Thumb Code    32  _printf_char_common.o(.text)
    _sputc                                   0x08000819   Thumb Code    10  _sputc.o(.text)
    _printf_cs_common                        0x08000823   Thumb Code    20  _printf_char.o(.text)
    _printf_char                             0x08000837   Thumb Code    16  _printf_char.o(.text)
    _printf_string                           0x08000847   Thumb Code     8  _printf_char.o(.text)
    _printf_char_file                        0x08000851   Thumb Code    32  _printf_char_file.o(.text)
    _printf_wctomb                           0x08000875   Thumb Code   182  _printf_wctomb.o(.text)
    _printf_longlong_dec                     0x08000931   Thumb Code   108  _printf_longlong_dec.o(.text)
    _printf_longlong_oct                     0x080009ad   Thumb Code    68  _printf_oct_int_ll.o(.text)
    _printf_int_oct                          0x080009f1   Thumb Code    24  _printf_oct_int_ll.o(.text)
    _printf_ll_oct                           0x08000a09   Thumb Code    12  _printf_oct_int_ll.o(.text)
    _printf_longlong_hex                     0x08000a1d   Thumb Code    86  _printf_hex_int_ll_ptr.o(.text)
    _printf_int_hex                          0x08000a73   Thumb Code    28  _printf_hex_int_ll_ptr.o(.text)
    _printf_ll_hex                           0x08000a8f   Thumb Code    12  _printf_hex_int_ll_ptr.o(.text)
    _printf_hex_ptr                          0x08000a9b   Thumb Code    18  _printf_hex_int_ll_ptr.o(.text)
    _ll_udiv10                               0x08000ab1   Thumb Code   138  lludiv10.o(.text)
    _printf_fp_dec_real                      0x08000ceb   Thumb Code   620  _printf_fp_dec.o(.text)
    _printf_fp_hex_real                      0x08000f59   Thumb Code   756  _printf_fp_hex.o(.text)
    _printf_lcs_common                       0x08001255   Thumb Code    20  _printf_wchar.o(.text)
    _printf_wchar                            0x08001269   Thumb Code    16  _printf_wchar.o(.text)
    _printf_wstring                          0x08001279   Thumb Code     8  _printf_wchar.o(.text)
    ferror                                   0x08001281   Thumb Code     8  ferror.o(.text)
    _c16rtomb                                0x08001289   Thumb Code    72  _c16rtomb.o(.text)
    _wcrtomb                                 0x08001289   Thumb Code     0  _c16rtomb.o(.text)
    __user_libspace                          0x080012d1   Thumb Code     8  libspace.o(.text)
    __user_perproc_libspace                  0x080012d1   Thumb Code     0  libspace.o(.text)
    __user_perthread_libspace                0x080012d1   Thumb Code     0  libspace.o(.text)
    __user_setup_stackheap                   0x080012d9   Thumb Code    74  sys_stackheap_outer.o(.text)
    __rt_ctype_table                         0x08001325   Thumb Code    16  rt_ctype_table.o(.text)
    __rt_locale                              0x08001335   Thumb Code     8  rt_locale_intlibspace.o(.text)
    _printf_fp_infnan                        0x0800133d   Thumb Code   112  _printf_fp_infnan.o(.text)
    _btod_etento                             0x080013bd   Thumb Code   224  bigflt0.o(.text)
    exit                                     0x080014a1   Thumb Code    18  exit.o(.text)
    BusFault_Handler                         0x080014b5   Thumb Code     2  stm32f1xx_it.o(.text.BusFault_Handler)
    DebugMon_Handler                         0x080014b9   Thumb Code     2  stm32f1xx_it.o(.text.DebugMon_Handler)
    ESP8266_AT_Test                          0x080014bd   Thumb Code   210  esp8266.o(.text.ESP8266_AT_Test)
    ESP8266_Cmd                              0x08001591   Thumb Code   194  esp8266.o(.text.ESP8266_Cmd)
    ESP8266_Init                             0x08001655   Thumb Code   240  esp8266.o(.text.ESP8266_Init)
    ESP8266_StaTcpClient                     0x08001745   Thumb Code   612  esp8266.o(.text.ESP8266_StaTcpClient)
    EXTI0_IRQHandler                         0x08001a25   Thumb Code    58  exti.o(.text.EXTI0_IRQHandler)
    EXTI3_IRQHandler                         0x08001a61   Thumb Code    68  exti.o(.text.EXTI3_IRQHandler)
    EXTI4_IRQHandler                         0x08001aa5   Thumb Code    54  exti.o(.text.EXTI4_IRQHandler)
    FSMC_NORSRAM_Extended_Timing_Init        0x08001add   Thumb Code    72  stm32f1xx_ll_fsmc.o(.text.FSMC_NORSRAM_Extended_Timing_Init)
    FSMC_NORSRAM_Init                        0x08001b25   Thumb Code   134  stm32f1xx_ll_fsmc.o(.text.FSMC_NORSRAM_Init)
    FSMC_NORSRAM_Timing_Init                 0x08001bad   Thumb Code    68  stm32f1xx_ll_fsmc.o(.text.FSMC_NORSRAM_Timing_Init)
    HAL_DMA_Abort_IT                         0x08001bf1   Thumb Code   288  stm32f1xx_hal_dma.o(.text.HAL_DMA_Abort_IT)
    HAL_GPIO_EXTI_Callback                   0x08001d11   Thumb Code     2  exti.o(.text.HAL_GPIO_EXTI_Callback)
    HAL_GPIO_EXTI_IRQHandler                 0x08001d15   Thumb Code    22  stm32f1xx_hal_gpio.o(.text.HAL_GPIO_EXTI_IRQHandler)
    HAL_GPIO_Init                            0x08001d2d   Thumb Code   474  stm32f1xx_hal_gpio.o(.text.HAL_GPIO_Init)
    HAL_GPIO_ReadPin                         0x08001f09   Thumb Code    10  stm32f1xx_hal_gpio.o(.text.HAL_GPIO_ReadPin)
    HAL_GPIO_TogglePin                       0x08001f15   Thumb Code    16  stm32f1xx_hal_gpio.o(.text.HAL_GPIO_TogglePin)
    HAL_GPIO_WritePin                        0x08001f25   Thumb Code    10  stm32f1xx_hal_gpio.o(.text.HAL_GPIO_WritePin)
    HAL_GetTick                              0x08001f31   Thumb Code    12  stm32f1xx_hal.o(.text.HAL_GetTick)
    HAL_IncTick                              0x08001f3d   Thumb Code    26  stm32f1xx_hal.o(.text.HAL_IncTick)
    HAL_Init                                 0x08001f59   Thumb Code    38  stm32f1xx_hal.o(.text.HAL_Init)
    HAL_InitTick                             0x08001f81   Thumb Code    80  stm32f1xx_hal.o(.text.HAL_InitTick)
    HAL_MspInit                              0x08001fd1   Thumb Code     2  stm32f1xx_hal.o(.text.HAL_MspInit)
    HAL_NVIC_EnableIRQ                       0x08001fd5   Thumb Code    34  stm32f1xx_hal_cortex.o(.text.HAL_NVIC_EnableIRQ)
    HAL_NVIC_SetPriority                     0x08001ff9   Thumb Code    86  stm32f1xx_hal_cortex.o(.text.HAL_NVIC_SetPriority)
    HAL_NVIC_SetPriorityGrouping             0x08002051   Thumb Code    32  stm32f1xx_hal_cortex.o(.text.HAL_NVIC_SetPriorityGrouping)
    HAL_RCC_ClockConfig                      0x08002071   Thumb Code   434  stm32f1xx_hal_rcc.o(.text.HAL_RCC_ClockConfig)
    HAL_RCC_GetPCLK1Freq                     0x08002225   Thumb Code    38  stm32f1xx_hal_rcc.o(.text.HAL_RCC_GetPCLK1Freq)
    HAL_RCC_GetPCLK2Freq                     0x0800224d   Thumb Code    38  stm32f1xx_hal_rcc.o(.text.HAL_RCC_GetPCLK2Freq)
    HAL_RCC_OscConfig                        0x08002275   Thumb Code   824  stm32f1xx_hal_rcc.o(.text.HAL_RCC_OscConfig)
    HAL_SRAM_Init                            0x080025ad   Thumb Code   108  stm32f1xx_hal_sram.o(.text.HAL_SRAM_Init)
    HAL_SRAM_MspInit                         0x08002619   Thumb Code   128  lcd.o(.text.HAL_SRAM_MspInit)
    HAL_SYSTICK_Config                       0x08002699   Thumb Code    44  stm32f1xx_hal_cortex.o(.text.HAL_SYSTICK_Config)
    HAL_TIMEx_BreakCallback                  0x080026c5   Thumb Code     2  stm32f1xx_hal_tim_ex.o(.text.HAL_TIMEx_BreakCallback)
    HAL_TIMEx_CommutCallback                 0x080026c9   Thumb Code     2  stm32f1xx_hal_tim_ex.o(.text.HAL_TIMEx_CommutCallback)
    HAL_TIM_IC_CaptureCallback               0x080026cd   Thumb Code   146  gtim.o(.text.HAL_TIM_IC_CaptureCallback)
    HAL_TIM_IC_ConfigChannel                 0x08002761   Thumb Code   350  stm32f1xx_hal_tim.o(.text.HAL_TIM_IC_ConfigChannel)
    HAL_TIM_IC_Init                          0x080028c1   Thumb Code    90  stm32f1xx_hal_tim.o(.text.HAL_TIM_IC_Init)
    HAL_TIM_IC_MspInit                       0x0800291d   Thumb Code   112  gtim.o(.text.HAL_TIM_IC_MspInit)
    HAL_TIM_IC_Start_IT                      0x0800298d   Thumb Code   224  stm32f1xx_hal_tim.o(.text.HAL_TIM_IC_Start_IT)
    HAL_TIM_IRQHandler                       0x08002a6d   Thumb Code   362  stm32f1xx_hal_tim.o(.text.HAL_TIM_IRQHandler)
    HAL_TIM_OC_DelayElapsedCallback          0x08002bd9   Thumb Code     2  stm32f1xx_hal_tim.o(.text.HAL_TIM_OC_DelayElapsedCallback)
    HAL_TIM_PWM_PulseFinishedCallback        0x08002bdd   Thumb Code     2  stm32f1xx_hal_tim.o(.text.HAL_TIM_PWM_PulseFinishedCallback)
    HAL_TIM_PeriodElapsedCallback            0x08002be1   Thumb Code    92  gtim.o(.text.HAL_TIM_PeriodElapsedCallback)
    HAL_TIM_ReadCapturedValue                0x08002c3d   Thumb Code    22  stm32f1xx_hal_tim.o(.text.HAL_TIM_ReadCapturedValue)
    HAL_TIM_TriggerCallback                  0x08002c55   Thumb Code     2  stm32f1xx_hal_tim.o(.text.HAL_TIM_TriggerCallback)
    HAL_UART_ErrorCallback                   0x08002c59   Thumb Code     2  stm32f1xx_hal_uart.o(.text.HAL_UART_ErrorCallback)
    HAL_UART_IRQHandler                      0x08002c5d   Thumb Code   386  stm32f1xx_hal_uart.o(.text.HAL_UART_IRQHandler)
    HAL_UART_Init                            0x08002de1   Thumb Code   222  stm32f1xx_hal_uart.o(.text.HAL_UART_Init)
    HAL_UART_MspInit                         0x08002ec1   Thumb Code   178  usart.o(.text.HAL_UART_MspInit)
    HAL_UART_Receive_IT                      0x08002f75   Thumb Code    84  stm32f1xx_hal_uart.o(.text.HAL_UART_Receive_IT)
    HAL_UART_RxCpltCallback                  0x08002fc9   Thumb Code   186  usart.o(.text.HAL_UART_RxCpltCallback)
    HAL_UART_Transmit                        0x08003085   Thumb Code   306  stm32f1xx_hal_uart.o(.text.HAL_UART_Transmit)
    HAL_UART_TxCpltCallback                  0x080031b9   Thumb Code     2  stm32f1xx_hal_uart.o(.text.HAL_UART_TxCpltCallback)
    HardFault_Handler                        0x080031bd   Thumb Code     2  stm32f1xx_it.o(.text.HardFault_Handler)
    Init_HC_SR04                             0x080031c1   Thumb Code   138  hc-sr04.o(.text.Init_HC_SR04)
    MemManage_Handler                        0x0800324d   Thumb Code     2  stm32f1xx_it.o(.text.MemManage_Handler)
    NMI_Handler                              0x08003251   Thumb Code     2  stm32f1xx_it.o(.text.NMI_Handler)
    PendSV_Handler                           0x08003255   Thumb Code     2  stm32f1xx_it.o(.text.PendSV_Handler)
    SVC_Handler                              0x08003259   Thumb Code     2  stm32f1xx_it.o(.text.SVC_Handler)
    SysTick_Handler                          0x0800325d   Thumb Code     4  stm32f1xx_it.o(.text.SysTick_Handler)
    SystemInit                               0x08003261   Thumb Code     2  system_stm32f1xx.o(.text.SystemInit)
    TIM2_IRQHandler                          0x08003265   Thumb Code    44  gtim.o(.text.TIM2_IRQHandler)
    TIM3_IRQHandler                          0x08003291   Thumb Code    14  gtim.o(.text.TIM3_IRQHandler)
    TIM4_IRQHandler                          0x080032a1   Thumb Code    12  gtim.o(.text.TIM4_IRQHandler)
    TIM6_IRQHandler                          0x080032ad   Thumb Code    48  btim.o(.text.TIM6_IRQHandler)
    TIM7_IRQHandler                          0x080032f1   Thumb Code    48  btim.o(.text.TIM7_IRQHandler)
    TIM_Base_SetConfig                       0x08003335   Thumb Code   206  stm32f1xx_hal_tim.o(.text.TIM_Base_SetConfig)
    USART1_IRQHandler                        0x0800348d   Thumb Code    14  stm32f1xx_it.o(.text.USART1_IRQHandler)
    USART2_IRQHandler                        0x0800349d   Thumb Code   112  stm32f1xx_it.o(.text.USART2_IRQHandler)
    UsageFault_Handler                       0x0800350d   Thumb Code     2  stm32f1xx_it.o(.text.UsageFault_Handler)
    _sys_exit                                0x08003511   Thumb Code     2  usart.o(.text._sys_exit)
    beep_init                                0x08003515   Thumb Code    78  beep.o(.text.beep_init)
    delay_init                               0x08003565   Thumb Code    12  delay.o(.text.delay_init)
    delay_ms                                 0x08003571   Thumb Code    66  delay.o(.text.delay_ms)
    delay_us                                 0x080035b5   Thumb Code    58  delay.o(.text.delay_us)
    fputc                                    0x080035f1   Thumb Code    24  usart.o(.text.fputc)
    gtim_timx_cap_chy_init                   0x08003609   Thumb Code    86  gtim.o(.text.gtim_timx_cap_chy_init)
    key_init                                 0x08003661   Thumb Code   150  key.o(.text.key_init)
    lcd_clear                                0x080036f9   Thumb Code    54  lcd.o(.text.lcd_clear)
    lcd_ex_ili9341_reginit                   0x08003731   Thumb Code  1828  lcd.o(.text.lcd_ex_ili9341_reginit)
    lcd_ex_ili9806_reginit                   0x08003e55   Thumb Code  2674  lcd.o(.text.lcd_ex_ili9806_reginit)
    lcd_ex_nt35310_reginit                   0x080048c9   Thumb Code 12068  lcd.o(.text.lcd_ex_nt35310_reginit)
    lcd_ex_nt35510_reginit                   0x080077ed   Thumb Code  3502  lcd.o(.text.lcd_ex_nt35510_reginit)
    lcd_ex_ssd1963_reginit                   0x0800859d   Thumb Code  1126  lcd.o(.text.lcd_ex_ssd1963_reginit)
    lcd_ex_st7789_reginit                    0x08008a05   Thumb Code  1406  lcd.o(.text.lcd_ex_st7789_reginit)
    lcd_ex_st7796_reginit                    0x08008f85   Thumb Code  1500  lcd.o(.text.lcd_ex_st7796_reginit)
    lcd_init                                 0x08009561   Thumb Code  1502  lcd.o(.text.lcd_init)
    lcd_scan_dir                             0x08009b41   Thumb Code   736  lcd.o(.text.lcd_scan_dir)
    lcd_set_cursor                           0x08009e29   Thumb Code   648  lcd.o(.text.lcd_set_cursor)
    led_init                                 0x0800a0b1   Thumb Code   118  led.o(.text.led_init)
    main                                     0x0800a129   Thumb Code   164  main.o(.text.main)
    my_USART_printf                          0x0800a1e1   Thumb Code    54  usart.o(.text.my_USART_printf)
    sys_stm32_clock_init                     0x0800a219   Thumb Code    90  sys.o(.text.sys_stm32_clock_init)
    usart_init                               0x0800a275   Thumb Code    52  usart.o(.text.usart_init)
    _btod_d2e                                0x0800a2a9   Thumb Code    62  btod.o(CL$$btod_d2e)
    _d2e_denorm_low                          0x0800a2e7   Thumb Code    70  btod.o(CL$$btod_d2e_denorm_low)
    _d2e_norm_op1                            0x0800a32d   Thumb Code    96  btod.o(CL$$btod_d2e_norm_op1)
    __btod_div_common                        0x0800a38d   Thumb Code   696  btod.o(CL$$btod_div_common)
    _e2e                                     0x0800a6c5   Thumb Code   220  btod.o(CL$$btod_e2e)
    _btod_ediv                               0x0800a7a1   Thumb Code    42  btod.o(CL$$btod_ediv)
    _btod_emul                               0x0800a7cb   Thumb Code    42  btod.o(CL$$btod_emul)
    __btod_mult_common                       0x0800a7f5   Thumb Code   580  btod.o(CL$$btod_mult_common)
    __ARM_fpclassify                         0x0800aa39   Thumb Code    40  fpclassify.o(i.__ARM_fpclassify)
    _is_digit                                0x0800aa61   Thumb Code    14  __printf_wp.o(i._is_digit)
    _get_lc_numeric                          0x0800aa71   Thumb Code    44  lc_numeric_c.o(locale$$code)
    _get_lc_ctype                            0x0800aa9d   Thumb Code    44  lc_ctype_c.o(locale$$code)
    _printf_fp_dec                           0x0800aac9   Thumb Code     4  printf1.o(x$fpl$printf1)
    _printf_fp_hex                           0x0800aacd   Thumb Code     4  printf2.o(x$fpl$printf2)
    __I$use$fp                               0x0800aad0   Number         0  usenofp.o(x$fpl$usenofp)
    AHBPrescTable                            0x0800abe0   Data          16  system_stm32f1xx.o(.rodata.AHBPrescTable)
    APBPrescTable                            0x0800abf0   Data           8  system_stm32f1xx.o(.rodata.APBPrescTable)
    Region$$Table$$Base                      0x0800acec   Number         0  anon$$obj.o(Region$$Table)
    Region$$Table$$Limit                     0x0800ad0c   Number         0  anon$$obj.o(Region$$Table)
    __ctype                                  0x0800ad35   Data           0  lc_ctype_c.o(locale$$data)
    __ARM_use_no_argv                        0x20000000   Data           4  main.o(.ARM.use_no_argv)
    SystemCoreClock                          0x20000004   Data           4  system_stm32f1xx.o(.data.SystemCoreClock)
    USARTx                                   0x20000008   Data          16  usart.o(.data.USARTx)
    g_point_color                            0x20000018   Data           4  lcd.o(.data.g_point_color)
    printf_USART                             0x2000001c   Data           4  usart.o(.data.printf_USART)
    uwTickFreq                               0x20000020   Data           1  stm32f1xx_hal.o(.data.uwTickFreq)
    uwTickPrio                               0x20000024   Data           4  stm32f1xx_hal.o(.data.uwTickPrio)
    __libspace_start                         0x20000028   Data          96  libspace.o(.bss)
    ESP8266_USART_receiveByte                0x20000088   Data           1  esp8266.o(.bss.ESP8266_USART_receiveByte)
    __temporary_stack_top$libspace           0x20000088   Data           0  libspace.o(.bss)
    __stdout                                 0x2000008c   Data          84  usart.o(.bss.__stdout)
    exit_bool                                0x200000e0   Data           4  exti.o(.bss.exit_bool)
    g_back_color                             0x200000e4   Data           4  lcd.o(.bss.g_back_color)
    g_rx_buffer                              0x200000ec   Data           1  usart.o(.bss.g_rx_buffer)
    g_sram_handle                            0x200000f0   Data          72  lcd.o(.bss.g_sram_handle)
    g_tim2_handle                            0x20000138   Data          72  gtim.o(.bss.g_tim2_handle)
    g_tim3_handle                            0x20000180   Data          72  gtim.o(.bss.g_tim3_handle)
    g_tim6_handle                            0x200001c8   Data          72  btim.o(.bss.g_tim6_handle)
    g_tim7_handle                            0x20000210   Data          72  btim.o(.bss.g_tim7_handle)
    g_timx_cap_chy_handle                    0x20000258   Data          72  gtim.o(.bss.g_timx_cap_chy_handle)
    g_timxchy_cap_sta                        0x200002a0   Data           1  gtim.o(.bss.g_timxchy_cap_sta)
    g_timxchy_cap_val                        0x200002a2   Data           2  gtim.o(.bss.g_timxchy_cap_val)
    g_uart2_rx_buffer                        0x200002a4   Data           1  usart.o(.bss.g_uart2_rx_buffer)
    g_uartx_handle                           0x200002a8   Data         256  usart.o(.bss.g_uartx_handle)
    g_usart_rx_buf                           0x200003a8   Data         200  usart.o(.bss.g_usart_rx_buf)
    g_usart_rx_sta                           0x20000470   Data           2  usart.o(.bss.g_usart_rx_sta)
    lcddev                                   0x20000472   Data          14  lcd.o(.bss.lcddev)
    strEsp8266_Fram_Record                   0x20000480   Data        1026  esp8266.o(.bss.strEsp8266_Fram_Record)
    uwTick                                   0x20000884   Data           4  stm32f1xx_hal.o(.bss.uwTick)



==============================================================================

Memory Map of the image

  Image Entry point : 0x08000131

  Load Region LR_IROM1 (Base: 0x08000000, Size: 0x0000ae60, Max: 0x00080000, ABSOLUTE)

    Execution Region ER_IROM1 (Exec base: 0x08000000, Load base: 0x08000000, Size: 0x0000ae38, Max: 0x00080000, ABSOLUTE)

    Exec Addr    Load Addr    Size         Type   Attr      Idx    E Section Name        Object

    0x08000000   0x08000000   0x00000130   Data   RO            3    RESET               startup_stm32f103xe.o
    0x08000130   0x08000130   0x00000008   Code   RO         1469  * !!!main             c_w.l(__main.o)
    0x08000138   0x08000138   0x0000005c   Code   RO         1883    !!!scatter          c_w.l(__scatter.o)
    0x08000194   0x08000194   0x0000001a   Code   RO         1887    !!handler_copy      c_w.l(__scatter_copy.o)
    0x080001ae   0x080001ae   0x00000002   PAD
    0x080001b0   0x080001b0   0x00000002   Code   RO         1884    !!handler_null      c_w.l(__scatter.o)
    0x080001b2   0x080001b2   0x00000002   PAD
    0x080001b4   0x080001b4   0x0000001c   Code   RO         1889    !!handler_zi        c_w.l(__scatter_zi.o)
    0x080001d0   0x080001d0   0x00000000   Code   RO         1458    .ARM.Collect$$_printf_percent$$00000000  c_w.l(_printf_percent.o)
    0x080001d0   0x080001d0   0x00000006   Code   RO         1575    .ARM.Collect$$_printf_percent$$00000001  c_w.l(_printf_n.o)
    0x080001d6   0x080001d6   0x00000006   Code   RO         1577    .ARM.Collect$$_printf_percent$$00000002  c_w.l(_printf_p.o)
    0x080001dc   0x080001dc   0x00000006   Code   RO         1581    .ARM.Collect$$_printf_percent$$00000003  c_w.l(_printf_f.o)
    0x080001e2   0x080001e2   0x00000006   Code   RO         1582    .ARM.Collect$$_printf_percent$$00000004  c_w.l(_printf_e.o)
    0x080001e8   0x080001e8   0x00000006   Code   RO         1583    .ARM.Collect$$_printf_percent$$00000005  c_w.l(_printf_g.o)
    0x080001ee   0x080001ee   0x00000006   Code   RO         1584    .ARM.Collect$$_printf_percent$$00000006  c_w.l(_printf_a.o)
    0x080001f4   0x080001f4   0x0000000a   Code   RO         1589    .ARM.Collect$$_printf_percent$$00000007  c_w.l(_printf_ll.o)
    0x080001fe   0x080001fe   0x00000006   Code   RO         1579    .ARM.Collect$$_printf_percent$$00000008  c_w.l(_printf_i.o)
    0x08000204   0x08000204   0x00000006   Code   RO         1457    .ARM.Collect$$_printf_percent$$00000009  c_w.l(_printf_d.o)
    0x0800020a   0x0800020a   0x00000006   Code   RO         1580    .ARM.Collect$$_printf_percent$$0000000A  c_w.l(_printf_u.o)
    0x08000210   0x08000210   0x00000006   Code   RO         1578    .ARM.Collect$$_printf_percent$$0000000B  c_w.l(_printf_o.o)
    0x08000216   0x08000216   0x00000006   Code   RO         1576    .ARM.Collect$$_printf_percent$$0000000C  c_w.l(_printf_x.o)
    0x0800021c   0x0800021c   0x00000006   Code   RO         1586    .ARM.Collect$$_printf_percent$$0000000D  c_w.l(_printf_lli.o)
    0x08000222   0x08000222   0x00000006   Code   RO         1587    .ARM.Collect$$_printf_percent$$0000000E  c_w.l(_printf_lld.o)
    0x08000228   0x08000228   0x00000006   Code   RO         1588    .ARM.Collect$$_printf_percent$$0000000F  c_w.l(_printf_llu.o)
    0x0800022e   0x0800022e   0x00000006   Code   RO         1593    .ARM.Collect$$_printf_percent$$00000010  c_w.l(_printf_llo.o)
    0x08000234   0x08000234   0x00000006   Code   RO         1594    .ARM.Collect$$_printf_percent$$00000011  c_w.l(_printf_llx.o)
    0x0800023a   0x0800023a   0x0000000a   Code   RO         1590    .ARM.Collect$$_printf_percent$$00000012  c_w.l(_printf_l.o)
    0x08000244   0x08000244   0x00000006   Code   RO         1574    .ARM.Collect$$_printf_percent$$00000013  c_w.l(_printf_c.o)
    0x0800024a   0x0800024a   0x00000006   Code   RO         1456    .ARM.Collect$$_printf_percent$$00000014  c_w.l(_printf_s.o)
    0x08000250   0x08000250   0x00000006   Code   RO         1591    .ARM.Collect$$_printf_percent$$00000015  c_w.l(_printf_lc.o)
    0x08000256   0x08000256   0x00000006   Code   RO         1592    .ARM.Collect$$_printf_percent$$00000016  c_w.l(_printf_ls.o)
    0x0800025c   0x0800025c   0x00000004   Code   RO         1585    .ARM.Collect$$_printf_percent$$00000017  c_w.l(_printf_percent_end.o)
    0x08000260   0x08000260   0x00000002   Code   RO         1748    .ARM.Collect$$libinit$$00000000  c_w.l(libinit.o)
    0x08000262   0x08000262   0x00000000   Code   RO         1761    .ARM.Collect$$libinit$$00000002  c_w.l(libinit2.o)
    0x08000262   0x08000262   0x00000000   Code   RO         1763    .ARM.Collect$$libinit$$00000004  c_w.l(libinit2.o)
    0x08000262   0x08000262   0x00000000   Code   RO         1765    .ARM.Collect$$libinit$$00000006  c_w.l(libinit2.o)
    0x08000262   0x08000262   0x00000000   Code   RO         1768    .ARM.Collect$$libinit$$0000000C  c_w.l(libinit2.o)
    0x08000262   0x08000262   0x00000000   Code   RO         1770    .ARM.Collect$$libinit$$0000000E  c_w.l(libinit2.o)
    0x08000262   0x08000262   0x00000000   Code   RO         1772    .ARM.Collect$$libinit$$00000010  c_w.l(libinit2.o)
    0x08000262   0x08000262   0x00000006   Code   RO         1773    .ARM.Collect$$libinit$$00000011  c_w.l(libinit2.o)
    0x08000268   0x08000268   0x00000000   Code   RO         1775    .ARM.Collect$$libinit$$00000013  c_w.l(libinit2.o)
    0x08000268   0x08000268   0x0000000c   Code   RO         1776    .ARM.Collect$$libinit$$00000014  c_w.l(libinit2.o)
    0x08000274   0x08000274   0x00000000   Code   RO         1777    .ARM.Collect$$libinit$$00000015  c_w.l(libinit2.o)
    0x08000274   0x08000274   0x00000000   Code   RO         1779    .ARM.Collect$$libinit$$00000017  c_w.l(libinit2.o)
    0x08000274   0x08000274   0x0000000a   Code   RO         1780    .ARM.Collect$$libinit$$00000018  c_w.l(libinit2.o)
    0x0800027e   0x0800027e   0x00000000   Code   RO         1781    .ARM.Collect$$libinit$$00000019  c_w.l(libinit2.o)
    0x0800027e   0x0800027e   0x00000000   Code   RO         1783    .ARM.Collect$$libinit$$0000001B  c_w.l(libinit2.o)
    0x0800027e   0x0800027e   0x00000000   Code   RO         1785    .ARM.Collect$$libinit$$0000001D  c_w.l(libinit2.o)
    0x0800027e   0x0800027e   0x00000000   Code   RO         1787    .ARM.Collect$$libinit$$0000001F  c_w.l(libinit2.o)
    0x0800027e   0x0800027e   0x00000000   Code   RO         1789    .ARM.Collect$$libinit$$00000021  c_w.l(libinit2.o)
    0x0800027e   0x0800027e   0x00000000   Code   RO         1791    .ARM.Collect$$libinit$$00000023  c_w.l(libinit2.o)
    0x0800027e   0x0800027e   0x00000000   Code   RO         1793    .ARM.Collect$$libinit$$00000025  c_w.l(libinit2.o)
    0x0800027e   0x0800027e   0x00000000   Code   RO         1795    .ARM.Collect$$libinit$$00000027  c_w.l(libinit2.o)
    0x0800027e   0x0800027e   0x00000000   Code   RO         1799    .ARM.Collect$$libinit$$0000002E  c_w.l(libinit2.o)
    0x0800027e   0x0800027e   0x00000000   Code   RO         1801    .ARM.Collect$$libinit$$00000030  c_w.l(libinit2.o)
    0x0800027e   0x0800027e   0x00000000   Code   RO         1803    .ARM.Collect$$libinit$$00000032  c_w.l(libinit2.o)
    0x0800027e   0x0800027e   0x00000000   Code   RO         1805    .ARM.Collect$$libinit$$00000034  c_w.l(libinit2.o)
    0x0800027e   0x0800027e   0x00000002   Code   RO         1806    .ARM.Collect$$libinit$$00000035  c_w.l(libinit2.o)
    0x08000280   0x08000280   0x00000002   Code   RO         1830    .ARM.Collect$$libshutdown$$00000000  c_w.l(libshutdown.o)
    0x08000282   0x08000282   0x00000000   Code   RO         1838    .ARM.Collect$$libshutdown$$00000002  c_w.l(libshutdown2.o)
    0x08000282   0x08000282   0x00000000   Code   RO         1840    .ARM.Collect$$libshutdown$$00000004  c_w.l(libshutdown2.o)
    0x08000282   0x08000282   0x00000000   Code   RO         1843    .ARM.Collect$$libshutdown$$00000007  c_w.l(libshutdown2.o)
    0x08000282   0x08000282   0x00000000   Code   RO         1846    .ARM.Collect$$libshutdown$$0000000A  c_w.l(libshutdown2.o)
    0x08000282   0x08000282   0x00000000   Code   RO         1848    .ARM.Collect$$libshutdown$$0000000C  c_w.l(libshutdown2.o)
    0x08000282   0x08000282   0x00000000   Code   RO         1851    .ARM.Collect$$libshutdown$$0000000F  c_w.l(libshutdown2.o)
    0x08000282   0x08000282   0x00000002   Code   RO         1852    .ARM.Collect$$libshutdown$$00000010  c_w.l(libshutdown2.o)
    0x08000284   0x08000284   0x00000000   Code   RO         1523    .ARM.Collect$$rtentry$$00000000  c_w.l(__rtentry.o)
    0x08000284   0x08000284   0x00000000   Code   RO         1649    .ARM.Collect$$rtentry$$00000002  c_w.l(__rtentry2.o)
    0x08000284   0x08000284   0x00000006   Code   RO         1661    .ARM.Collect$$rtentry$$00000004  c_w.l(__rtentry4.o)
    0x0800028a   0x0800028a   0x00000000   Code   RO         1651    .ARM.Collect$$rtentry$$00000009  c_w.l(__rtentry2.o)
    0x0800028a   0x0800028a   0x00000004   Code   RO         1652    .ARM.Collect$$rtentry$$0000000A  c_w.l(__rtentry2.o)
    0x0800028e   0x0800028e   0x00000000   Code   RO         1654    .ARM.Collect$$rtentry$$0000000C  c_w.l(__rtentry2.o)
    0x0800028e   0x0800028e   0x00000008   Code   RO         1655    .ARM.Collect$$rtentry$$0000000D  c_w.l(__rtentry2.o)
    0x08000296   0x08000296   0x00000002   Code   RO         1753    .ARM.Collect$$rtexit$$00000000  c_w.l(rtexit.o)
    0x08000298   0x08000298   0x00000000   Code   RO         1810    .ARM.Collect$$rtexit$$00000002  c_w.l(rtexit2.o)
    0x08000298   0x08000298   0x00000004   Code   RO         1811    .ARM.Collect$$rtexit$$00000003  c_w.l(rtexit2.o)
    0x0800029c   0x0800029c   0x00000006   Code   RO         1812    .ARM.Collect$$rtexit$$00000004  c_w.l(rtexit2.o)
    0x080002a2   0x080002a2   0x00000002   PAD
    0x080002a4   0x080002a4   0x00000040   Code   RO            4    .text               startup_stm32f103xe.o
    0x080002e4   0x080002e4   0x00000002   Code   RO         1420    .text               c_w.l(use_no_semi_2.o)
    0x080002e6   0x080002e6   0x00000002   PAD
    0x080002e8   0x080002e8   0x0000000c   Code   RO         1422    .text               c_w.l(vprintf.o)
    0x080002f4   0x080002f4   0x0000002c   Code   RO         1426    .text               c_w.l(__2sprintf.o)
    0x08000320   0x08000320   0x00000052   Code   RO         1432    .text               c_w.l(_printf_str.o)
    0x08000372   0x08000372   0x00000002   PAD
    0x08000374   0x08000374   0x00000078   Code   RO         1434    .text               c_w.l(_printf_dec.o)
    0x080003ec   0x080003ec   0x00000188   Code   RO         1453    .text               c_w.l(__printf_flags_ss_wp.o)
    0x08000574   0x08000574   0x0000002c   Code   RO         1459    .text               c_w.l(puts.o)
    0x080005a0   0x080005a0   0x00000024   Code   RO         1461    .text               c_w.l(strstr.o)
    0x080005c4   0x080005c4   0x0000004e   Code   RO         1463    .text               c_w.l(rt_memclr_w.o)
    0x08000612   0x08000612   0x00000002   PAD
    0x08000614   0x08000614   0x00000080   Code   RO         1465    .text               c_w.l(strcmpv7m.o)
    0x08000694   0x08000694   0x00000006   Code   RO         1467    .text               c_w.l(heapauxi.o)
    0x0800069a   0x0800069a   0x00000002   Code   RO         1521    .text               c_w.l(use_no_semi.o)
    0x0800069c   0x0800069c   0x0000004e   Code   RO         1526    .text               c_w.l(_printf_pad.o)
    0x080006ea   0x080006ea   0x00000024   Code   RO         1528    .text               c_w.l(_printf_truncate.o)
    0x0800070e   0x0800070e   0x000000b2   Code   RO         1530    .text               c_w.l(_printf_intcommon.o)
    0x080007c0   0x080007c0   0x00000028   Code   RO         1532    .text               c_w.l(_printf_charcount.o)
    0x080007e8   0x080007e8   0x00000030   Code   RO         1534    .text               c_w.l(_printf_char_common.o)
    0x08000818   0x08000818   0x0000000a   Code   RO         1536    .text               c_w.l(_sputc.o)
    0x08000822   0x08000822   0x0000002c   Code   RO         1538    .text               c_w.l(_printf_char.o)
    0x0800084e   0x0800084e   0x00000002   PAD
    0x08000850   0x08000850   0x00000024   Code   RO         1540    .text               c_w.l(_printf_char_file.o)
    0x08000874   0x08000874   0x000000bc   Code   RO         1542    .text               c_w.l(_printf_wctomb.o)
    0x08000930   0x08000930   0x0000007c   Code   RO         1545    .text               c_w.l(_printf_longlong_dec.o)
    0x080009ac   0x080009ac   0x00000070   Code   RO         1551    .text               c_w.l(_printf_oct_int_ll.o)
    0x08000a1c   0x08000a1c   0x00000094   Code   RO         1571    .text               c_w.l(_printf_hex_int_ll_ptr.o)
    0x08000ab0   0x08000ab0   0x0000008a   Code   RO         1668    .text               c_w.l(lludiv10.o)
    0x08000b3a   0x08000b3a   0x0000041c   Code   RO         1670    .text               c_w.l(_printf_fp_dec.o)
    0x08000f56   0x08000f56   0x00000002   PAD
    0x08000f58   0x08000f58   0x000002fc   Code   RO         1674    .text               c_w.l(_printf_fp_hex.o)
    0x08001254   0x08001254   0x0000002c   Code   RO         1679    .text               c_w.l(_printf_wchar.o)
    0x08001280   0x08001280   0x00000008   Code   RO         1681    .text               c_w.l(ferror.o)
    0x08001288   0x08001288   0x00000048   Code   RO         1685    .text               c_w.l(_c16rtomb.o)
    0x080012d0   0x080012d0   0x00000008   Code   RO         1697    .text               c_w.l(libspace.o)
    0x080012d8   0x080012d8   0x0000004a   Code   RO         1700    .text               c_w.l(sys_stackheap_outer.o)
    0x08001322   0x08001322   0x00000002   PAD
    0x08001324   0x08001324   0x00000010   Code   RO         1702    .text               c_w.l(rt_ctype_table.o)
    0x08001334   0x08001334   0x00000008   Code   RO         1707    .text               c_w.l(rt_locale_intlibspace.o)
    0x0800133c   0x0800133c   0x00000080   Code   RO         1709    .text               c_w.l(_printf_fp_infnan.o)
    0x080013bc   0x080013bc   0x000000e4   Code   RO         1711    .text               c_w.l(bigflt0.o)
    0x080014a0   0x080014a0   0x00000012   Code   RO         1741    .text               c_w.l(exit.o)
    0x080014b2   0x080014b2   0x00000002   PAD
    0x080014b4   0x080014b4   0x00000002   Code   RO           17    .text.BusFault_Handler  stm32f1xx_it.o
    0x080014b6   0x080014b6   0x00000002   PAD
    0x080014b8   0x080014b8   0x00000002   Code   RO           23    .text.DebugMon_Handler  stm32f1xx_it.o
    0x080014ba   0x080014ba   0x00000002   PAD
    0x080014bc   0x080014bc   0x000000d2   Code   RO         1374    .text.ESP8266_AT_Test  esp8266.o
    0x0800158e   0x0800158e   0x00000002   PAD
    0x08001590   0x08001590   0x000000c2   Code   RO         1380    .text.ESP8266_Cmd   esp8266.o
    0x08001652   0x08001652   0x00000002   PAD
    0x08001654   0x08001654   0x000000f0   Code   RO         1382    .text.ESP8266_Init  esp8266.o
    0x08001744   0x08001744   0x000002e0   Code   RO         1372    .text.ESP8266_StaTcpClient  esp8266.o
    0x08001a24   0x08001a24   0x0000003a   Code   RO         1023    .text.EXTI0_IRQHandler  exti.o
    0x08001a5e   0x08001a5e   0x00000002   PAD
    0x08001a60   0x08001a60   0x00000044   Code   RO         1021    .text.EXTI3_IRQHandler  exti.o
    0x08001aa4   0x08001aa4   0x00000036   Code   RO         1019    .text.EXTI4_IRQHandler  exti.o
    0x08001ada   0x08001ada   0x00000002   PAD
    0x08001adc   0x08001adc   0x00000048   Code   RO          971    .text.FSMC_NORSRAM_Extended_Timing_Init  stm32f1xx_ll_fsmc.o
    0x08001b24   0x08001b24   0x00000086   Code   RO          965    .text.FSMC_NORSRAM_Init  stm32f1xx_ll_fsmc.o
    0x08001baa   0x08001baa   0x00000002   PAD
    0x08001bac   0x08001bac   0x00000044   Code   RO          969    .text.FSMC_NORSRAM_Timing_Init  stm32f1xx_ll_fsmc.o
    0x08001bf0   0x08001bf0   0x00000120   Code   RO          251    .text.HAL_DMA_Abort_IT  stm32f1xx_hal_dma.o
    0x08001d10   0x08001d10   0x00000002   Code   RO         1025    .text.HAL_GPIO_EXTI_Callback  exti.o
    0x08001d12   0x08001d12   0x00000002   PAD
    0x08001d14   0x08001d14   0x00000016   Code   RO          285    .text.HAL_GPIO_EXTI_IRQHandler  stm32f1xx_hal_gpio.o
    0x08001d2a   0x08001d2a   0x00000002   PAD
    0x08001d2c   0x08001d2c   0x000001da   Code   RO          273    .text.HAL_GPIO_Init  stm32f1xx_hal_gpio.o
    0x08001f06   0x08001f06   0x00000002   PAD
    0x08001f08   0x08001f08   0x0000000a   Code   RO          277    .text.HAL_GPIO_ReadPin  stm32f1xx_hal_gpio.o
    0x08001f12   0x08001f12   0x00000002   PAD
    0x08001f14   0x08001f14   0x00000010   Code   RO          281    .text.HAL_GPIO_TogglePin  stm32f1xx_hal_gpio.o
    0x08001f24   0x08001f24   0x0000000a   Code   RO          279    .text.HAL_GPIO_WritePin  stm32f1xx_hal_gpio.o
    0x08001f2e   0x08001f2e   0x00000002   PAD
    0x08001f30   0x08001f30   0x0000000c   Code   RO          152    .text.HAL_GetTick   stm32f1xx_hal.o
    0x08001f3c   0x08001f3c   0x0000001a   Code   RO          150    .text.HAL_IncTick   stm32f1xx_hal.o
    0x08001f56   0x08001f56   0x00000002   PAD
    0x08001f58   0x08001f58   0x00000026   Code   RO          140    .text.HAL_Init      stm32f1xx_hal.o
    0x08001f7e   0x08001f7e   0x00000002   PAD
    0x08001f80   0x08001f80   0x00000050   Code   RO          142    .text.HAL_InitTick  stm32f1xx_hal.o
    0x08001fd0   0x08001fd0   0x00000002   Code   RO          144    .text.HAL_MspInit   stm32f1xx_hal.o
    0x08001fd2   0x08001fd2   0x00000002   PAD
    0x08001fd4   0x08001fd4   0x00000022   Code   RO          205    .text.HAL_NVIC_EnableIRQ  stm32f1xx_hal_cortex.o
    0x08001ff6   0x08001ff6   0x00000002   PAD
    0x08001ff8   0x08001ff8   0x00000056   Code   RO          203    .text.HAL_NVIC_SetPriority  stm32f1xx_hal_cortex.o
    0x0800204e   0x0800204e   0x00000002   PAD
    0x08002050   0x08002050   0x00000020   Code   RO          201    .text.HAL_NVIC_SetPriorityGrouping  stm32f1xx_hal_cortex.o
    0x08002070   0x08002070   0x000001b2   Code   RO          315    .text.HAL_RCC_ClockConfig  stm32f1xx_hal_rcc.o
    0x08002222   0x08002222   0x00000002   PAD
    0x08002224   0x08002224   0x00000026   Code   RO          327    .text.HAL_RCC_GetPCLK1Freq  stm32f1xx_hal_rcc.o
    0x0800224a   0x0800224a   0x00000002   PAD
    0x0800224c   0x0800224c   0x00000026   Code   RO          329    .text.HAL_RCC_GetPCLK2Freq  stm32f1xx_hal_rcc.o
    0x08002272   0x08002272   0x00000002   PAD
    0x08002274   0x08002274   0x00000338   Code   RO          313    .text.HAL_RCC_OscConfig  stm32f1xx_hal_rcc.o
    0x080025ac   0x080025ac   0x0000006c   Code   RO          917    .text.HAL_SRAM_Init  stm32f1xx_hal_sram.o
    0x08002618   0x08002618   0x00000080   Code   RO         1118    .text.HAL_SRAM_MspInit  lcd.o
    0x08002698   0x08002698   0x0000002c   Code   RO          213    .text.HAL_SYSTICK_Config  stm32f1xx_hal_cortex.o
    0x080026c4   0x080026c4   0x00000002   Code   RO          858    .text.HAL_TIMEx_BreakCallback  stm32f1xx_hal_tim_ex.o
    0x080026c6   0x080026c6   0x00000002   PAD
    0x080026c8   0x080026c8   0x00000002   Code   RO          854    .text.HAL_TIMEx_CommutCallback  stm32f1xx_hal_tim_ex.o
    0x080026ca   0x080026ca   0x00000002   PAD
    0x080026cc   0x080026cc   0x00000092   Code   RO         1330    .text.HAL_TIM_IC_CaptureCallback  gtim.o
    0x0800275e   0x0800275e   0x00000002   PAD
    0x08002760   0x08002760   0x0000015e   Code   RO          703    .text.HAL_TIM_IC_ConfigChannel  stm32f1xx_hal_tim.o
    0x080028be   0x080028be   0x00000002   PAD
    0x080028c0   0x080028c0   0x0000005a   Code   RO          627    .text.HAL_TIM_IC_Init  stm32f1xx_hal_tim.o
    0x0800291a   0x0800291a   0x00000002   PAD
    0x0800291c   0x0800291c   0x00000070   Code   RO         1326    .text.HAL_TIM_IC_MspInit  gtim.o
    0x0800298c   0x0800298c   0x000000e0   Code   RO          639    .text.HAL_TIM_IC_Start_IT  stm32f1xx_hal_tim.o
    0x08002a6c   0x08002a6c   0x0000016a   Code   RO          687    .text.HAL_TIM_IRQHandler  stm32f1xx_hal_tim.o
    0x08002bd6   0x08002bd6   0x00000002   PAD
    0x08002bd8   0x08002bd8   0x00000002   Code   RO          691    .text.HAL_TIM_OC_DelayElapsedCallback  stm32f1xx_hal_tim.o
    0x08002bda   0x08002bda   0x00000002   PAD
    0x08002bdc   0x08002bdc   0x00000002   Code   RO          693    .text.HAL_TIM_PWM_PulseFinishedCallback  stm32f1xx_hal_tim.o
    0x08002bde   0x08002bde   0x00000002   PAD
    0x08002be0   0x08002be0   0x0000005c   Code   RO         1332    .text.HAL_TIM_PeriodElapsedCallback  gtim.o
    0x08002c3c   0x08002c3c   0x00000016   Code   RO          743    .text.HAL_TIM_ReadCapturedValue  stm32f1xx_hal_tim.o
    0x08002c52   0x08002c52   0x00000002   PAD
    0x08002c54   0x08002c54   0x00000002   Code   RO          697    .text.HAL_TIM_TriggerCallback  stm32f1xx_hal_tim.o
    0x08002c56   0x08002c56   0x00000002   PAD
    0x08002c58   0x08002c58   0x00000002   Code   RO          437    .text.HAL_UART_ErrorCallback  stm32f1xx_hal_uart.o
    0x08002c5a   0x08002c5a   0x00000002   PAD
    0x08002c5c   0x08002c5c   0x00000182   Code   RO          431    .text.HAL_UART_IRQHandler  stm32f1xx_hal_uart.o
    0x08002dde   0x08002dde   0x00000002   PAD
    0x08002de0   0x08002de0   0x000000de   Code   RO          363    .text.HAL_UART_Init  stm32f1xx_hal_uart.o
    0x08002ebe   0x08002ebe   0x00000002   PAD
    0x08002ec0   0x08002ec0   0x000000b2   Code   RO          118    .text.HAL_UART_MspInit  usart.o
    0x08002f72   0x08002f72   0x00000002   PAD
    0x08002f74   0x08002f74   0x00000054   Code   RO          383    .text.HAL_UART_Receive_IT  stm32f1xx_hal_uart.o
    0x08002fc8   0x08002fc8   0x000000ba   Code   RO          120    .text.HAL_UART_RxCpltCallback  usart.o
    0x08003082   0x08003082   0x00000002   PAD
    0x08003084   0x08003084   0x00000132   Code   RO          377    .text.HAL_UART_Transmit  stm32f1xx_hal_uart.o
    0x080031b6   0x080031b6   0x00000002   PAD
    0x080031b8   0x080031b8   0x00000002   Code   RO          439    .text.HAL_UART_TxCpltCallback  stm32f1xx_hal_uart.o
    0x080031ba   0x080031ba   0x00000002   PAD
    0x080031bc   0x080031bc   0x00000002   Code   RO           13    .text.HardFault_Handler  stm32f1xx_it.o
    0x080031be   0x080031be   0x00000002   PAD
    0x080031c0   0x080031c0   0x0000008a   Code   RO         1294    .text.Init_HC_SR04  hc-sr04.o
    0x0800324a   0x0800324a   0x00000002   PAD
    0x0800324c   0x0800324c   0x00000002   Code   RO           15    .text.MemManage_Handler  stm32f1xx_it.o
    0x0800324e   0x0800324e   0x00000002   PAD
    0x08003250   0x08003250   0x00000002   Code   RO           11    .text.NMI_Handler   stm32f1xx_it.o
    0x08003252   0x08003252   0x00000002   PAD
    0x08003254   0x08003254   0x00000002   Code   RO           25    .text.PendSV_Handler  stm32f1xx_it.o
    0x08003256   0x08003256   0x00000002   PAD
    0x08003258   0x08003258   0x00000002   Code   RO           21    .text.SVC_Handler   stm32f1xx_it.o
    0x0800325a   0x0800325a   0x00000002   PAD
    0x0800325c   0x0800325c   0x00000004   Code   RO           27    .text.SysTick_Handler  stm32f1xx_it.o
    0x08003260   0x08003260   0x00000002   Code   RO           50    .text.SystemInit    system_stm32f1xx.o
    0x08003262   0x08003262   0x00000002   PAD
    0x08003264   0x08003264   0x0000002c   Code   RO         1318    .text.TIM2_IRQHandler  gtim.o
    0x08003290   0x08003290   0x0000000e   Code   RO         1316    .text.TIM3_IRQHandler  gtim.o
    0x0800329e   0x0800329e   0x00000002   PAD
    0x080032a0   0x080032a0   0x0000000c   Code   RO         1328    .text.TIM4_IRQHandler  gtim.o
    0x080032ac   0x080032ac   0x00000044   Code   RO         1064    .text.TIM6_IRQHandler  btim.o
    0x080032f0   0x080032f0   0x00000044   Code   RO         1066    .text.TIM7_IRQHandler  btim.o
    0x08003334   0x08003334   0x000000ce   Code   RO          557    .text.TIM_Base_SetConfig  stm32f1xx_hal_tim.o
    0x08003402   0x08003402   0x00000002   PAD
    0x08003404   0x08003404   0x0000000c   Code   RO          435    .text.UART_DMAAbortOnError  stm32f1xx_hal_uart.o
    0x08003410   0x08003410   0x0000007c   Code   RO          433    .text.UART_Receive_IT  stm32f1xx_hal_uart.o
    0x0800348c   0x0800348c   0x0000000e   Code   RO           29    .text.USART1_IRQHandler  stm32f1xx_it.o
    0x0800349a   0x0800349a   0x00000002   PAD
    0x0800349c   0x0800349c   0x00000070   Code   RO           31    .text.USART2_IRQHandler  stm32f1xx_it.o
    0x0800350c   0x0800350c   0x00000002   Code   RO           19    .text.UsageFault_Handler  stm32f1xx_it.o
    0x0800350e   0x0800350e   0x00000002   PAD
    0x08003510   0x08003510   0x00000002   Code   RO          110    .text._sys_exit     usart.o
    0x08003512   0x08003512   0x00000002   PAD
    0x08003514   0x08003514   0x0000004e   Code   RO         1009    .text.beep_init     beep.o
    0x08003562   0x08003562   0x00000002   PAD
    0x08003564   0x08003564   0x0000000c   Code   RO           65    .text.delay_init    delay.o
    0x08003570   0x08003570   0x00000042   Code   RO           69    .text.delay_ms      delay.o
    0x080035b2   0x080035b2   0x00000002   PAD
    0x080035b4   0x080035b4   0x0000003a   Code   RO           67    .text.delay_us      delay.o
    0x080035ee   0x080035ee   0x00000002   PAD
    0x080035f0   0x080035f0   0x00000018   Code   RO          114    .text.fputc         usart.o
    0x08003608   0x08003608   0x00000056   Code   RO         1324    .text.gtim_timx_cap_chy_init  gtim.o
    0x0800365e   0x0800365e   0x00000002   PAD
    0x08003660   0x08003660   0x00000096   Code   RO         1037    .text.key_init      key.o
    0x080036f6   0x080036f6   0x00000002   PAD
    0x080036f8   0x080036f8   0x00000036   Code   RO         1122    .text.lcd_clear     lcd.o
    0x0800372e   0x0800372e   0x00000002   PAD
    0x08003730   0x08003730   0x00000724   Code   RO         1084    .text.lcd_ex_ili9341_reginit  lcd.o
    0x08003e54   0x08003e54   0x00000a72   Code   RO         1094    .text.lcd_ex_ili9806_reginit  lcd.o
    0x080048c6   0x080048c6   0x00000002   PAD
    0x080048c8   0x080048c8   0x00002f24   Code   RO         1086    .text.lcd_ex_nt35310_reginit  lcd.o
    0x080077ec   0x080077ec   0x00000dae   Code   RO         1090    .text.lcd_ex_nt35510_reginit  lcd.o
    0x0800859a   0x0800859a   0x00000002   PAD
    0x0800859c   0x0800859c   0x00000466   Code   RO         1096    .text.lcd_ex_ssd1963_reginit  lcd.o
    0x08008a02   0x08008a02   0x00000002   PAD
    0x08008a04   0x08008a04   0x0000057e   Code   RO         1078    .text.lcd_ex_st7789_reginit  lcd.o
    0x08008f82   0x08008f82   0x00000002   PAD
    0x08008f84   0x08008f84   0x000005dc   Code   RO         1088    .text.lcd_ex_st7796_reginit  lcd.o
    0x08009560   0x08009560   0x000005de   Code   RO         1120    .text.lcd_init      lcd.o
    0x08009b3e   0x08009b3e   0x00000002   PAD
    0x08009b40   0x08009b40   0x000002e8   Code   RO         1108    .text.lcd_scan_dir  lcd.o
    0x08009e28   0x08009e28   0x00000288   Code   RO         1102    .text.lcd_set_cursor  lcd.o
    0x0800a0b0   0x0800a0b0   0x00000076   Code   RO         1050    .text.led_init      led.o
    0x0800a126   0x0800a126   0x00000002   PAD
    0x0800a128   0x0800a128   0x000000b8   Code   RO           40    .text.main          main.o
    0x0800a1e0   0x0800a1e0   0x00000036   Code   RO          122    .text.my_USART_printf  usart.o
    0x0800a216   0x0800a216   0x00000002   PAD
    0x0800a218   0x0800a218   0x0000005a   Code   RO           98    .text.sys_stm32_clock_init  sys.o
    0x0800a272   0x0800a272   0x00000002   PAD
    0x0800a274   0x0800a274   0x00000034   Code   RO          116    .text.usart_init    usart.o
    0x0800a2a8   0x0800a2a8   0x0000003e   Code   RO         1714    CL$$btod_d2e        c_w.l(btod.o)
    0x0800a2e6   0x0800a2e6   0x00000046   Code   RO         1716    CL$$btod_d2e_denorm_low  c_w.l(btod.o)
    0x0800a32c   0x0800a32c   0x00000060   Code   RO         1715    CL$$btod_d2e_norm_op1  c_w.l(btod.o)
    0x0800a38c   0x0800a38c   0x00000338   Code   RO         1724    CL$$btod_div_common  c_w.l(btod.o)
    0x0800a6c4   0x0800a6c4   0x000000dc   Code   RO         1721    CL$$btod_e2e        c_w.l(btod.o)
    0x0800a7a0   0x0800a7a0   0x0000002a   Code   RO         1718    CL$$btod_ediv       c_w.l(btod.o)
    0x0800a7ca   0x0800a7ca   0x0000002a   Code   RO         1717    CL$$btod_emul       c_w.l(btod.o)
    0x0800a7f4   0x0800a7f4   0x00000244   Code   RO         1723    CL$$btod_mult_common  c_w.l(btod.o)
    0x0800aa38   0x0800aa38   0x00000028   Code   RO         1693    i.__ARM_fpclassify  m_ws.l(fpclassify.o)
    0x0800aa60   0x0800aa60   0x0000000e   Code   RO         1446    i._is_digit         c_w.l(__printf_wp.o)
    0x0800aa6e   0x0800aa6e   0x00000002   PAD
    0x0800aa70   0x0800aa70   0x0000002c   Code   RO         1739    locale$$code        c_w.l(lc_numeric_c.o)
    0x0800aa9c   0x0800aa9c   0x0000002c   Code   RO         1758    locale$$code        c_w.l(lc_ctype_c.o)
    0x0800aac8   0x0800aac8   0x00000004   Code   RO         1619    x$fpl$printf1       fz_ws.l(printf1.o)
    0x0800aacc   0x0800aacc   0x00000004   Code   RO         1621    x$fpl$printf2       fz_ws.l(printf2.o)
    0x0800aad0   0x0800aad0   0x00000000   Code   RO         1627    x$fpl$usenofp       fz_ws.l(usenofp.o)
    0x0800aad0   0x0800aad0   0x00000011   Data   RO         1454    .constdata          c_w.l(__printf_flags_ss_wp.o)
    0x0800aae1   0x0800aae1   0x00000003   PAD
    0x0800aae4   0x0800aae4   0x00000008   Data   RO         1543    .constdata          c_w.l(_printf_wctomb.o)
    0x0800aaec   0x0800aaec   0x00000028   Data   RO         1572    .constdata          c_w.l(_printf_hex_int_ll_ptr.o)
    0x0800ab14   0x0800ab14   0x00000026   Data   RO         1675    .constdata          c_w.l(_printf_fp_hex.o)
    0x0800ab3a   0x0800ab3a   0x00000002   PAD
    0x0800ab3c   0x0800ab3c   0x00000094   Data   RO         1712    .constdata          c_w.l(bigflt0.o)
    0x0800abd0   0x0800abd0   0x00000002   Data   RO          340    .rodata..L__const.HAL_RCC_GetSysClockFreq.aPredivFactorTable  stm32f1xx_hal_rcc.o
    0x0800abd2   0x0800abd2   0x0000000e   Data   RO         1167    .rodata..Lswitch.table.lcd_scan_dir.1  lcd.o
    0x0800abe0   0x0800abe0   0x00000010   Data   RO           55    .rodata.AHBPrescTable  system_stm32f1xx.o
    0x0800abf0   0x0800abf0   0x00000008   Data   RO           56    .rodata.APBPrescTable  system_stm32f1xx.o
    0x0800abf8   0x0800abf8   0x00000010   Data   RO          339    .rodata.cst16       stm32f1xx_hal_rcc.o
    0x0800ac08   0x0800ac08   0x00000030   Data   RO          773    .rodata.cst16       stm32f1xx_hal_tim.o
    0x0800ac38   0x0800ac38   0x000000b2   Data   RO         1410    .rodata.str1.1      esp8266.o
    0x0800acea   0x0800acea   0x00000002   PAD
    0x0800acec   0x0800acec   0x00000020   Data   RO         1882    Region$$Table       anon$$obj.o
    0x0800ad0c   0x0800ad0c   0x0000001c   Data   RO         1738    locale$$data        c_w.l(lc_numeric_c.o)
    0x0800ad28   0x0800ad28   0x00000110   Data   RO         1757    locale$$data        c_w.l(lc_ctype_c.o)


    Execution Region RW_IRAM1 (Exec base: 0x20000000, Load base: 0x0800ae38, Size: 0x00000e88, Max: 0x00010000, ABSOLUTE)

    Exec Addr    Load Addr    Size         Type   Attr      Idx    E Section Name        Object

    0x20000000   0x0800ae38   0x00000004   Data   RW           42    .ARM.use_no_argv    main.o
    0x20000004   0x0800ae3c   0x00000004   Data   RW           54    .data.SystemCoreClock  system_stm32f1xx.o
    0x20000008   0x0800ae40   0x00000010   Data   RW          126    .data.USARTx        usart.o
    0x20000018   0x0800ae50   0x00000004   Data   RW         1163    .data.g_point_color  lcd.o
    0x2000001c   0x0800ae54   0x00000004   Data   RW          124    .data.printf_USART  usart.o
    0x20000020   0x0800ae58   0x00000001   Data   RW          191    .data.uwTickFreq    stm32f1xx_hal.o
    0x20000021   0x0800ae59   0x00000003   PAD
    0x20000024   0x0800ae5c   0x00000004   Data   RW          190    .data.uwTickPrio    stm32f1xx_hal.o
    0x20000028        -       0x00000060   Zero   RW         1698    .bss                c_w.l(libspace.o)
    0x20000088        -       0x00000001   Zero   RW         1407    .bss.ESP8266_USART_receiveByte  esp8266.o
    0x20000089   0x0800ae60   0x00000003   PAD
    0x2000008c        -       0x00000054   Zero   RW          131    .bss.__stdout       usart.o
    0x200000e0        -       0x00000004   Zero   RW         1029    .bss.exit_bool      exti.o
    0x200000e4        -       0x00000004   Zero   RW         1164    .bss.g_back_color   lcd.o
    0x200000e8        -       0x00000004   Zero   RW           73    .bss.g_fac_us       delay.o
    0x200000ec        -       0x00000001   Zero   RW          128    .bss.g_rx_buffer    usart.o
    0x200000ed   0x0800ae60   0x00000003   PAD
    0x200000f0        -       0x00000048   Zero   RW         1166    .bss.g_sram_handle  lcd.o
    0x20000138        -       0x00000048   Zero   RW         1335    .bss.g_tim2_handle  gtim.o
    0x20000180        -       0x00000048   Zero   RW         1334    .bss.g_tim3_handle  gtim.o
    0x200001c8        -       0x00000048   Zero   RW         1068    .bss.g_tim6_handle  btim.o
    0x20000210        -       0x00000048   Zero   RW         1069    .bss.g_tim7_handle  btim.o
    0x20000258        -       0x00000048   Zero   RW         1337    .bss.g_timx_cap_chy_handle  gtim.o
    0x200002a0        -       0x00000001   Zero   RW         1338    .bss.g_timxchy_cap_sta  gtim.o
    0x200002a1   0x0800ae60   0x00000001   PAD
    0x200002a2        -       0x00000002   Zero   RW         1339    .bss.g_timxchy_cap_val  gtim.o
    0x200002a4        -       0x00000001   Zero   RW          130    .bss.g_uart2_rx_buffer  usart.o
    0x200002a5   0x0800ae60   0x00000003   PAD
    0x200002a8        -       0x00000100   Zero   RW          127    .bss.g_uartx_handle  usart.o
    0x200003a8        -       0x000000c8   Zero   RW          129    .bss.g_usart_rx_buf  usart.o
    0x20000470        -       0x00000002   Zero   RW          125    .bss.g_usart_rx_sta  usart.o
    0x20000472        -       0x0000000e   Zero   RW         1165    .bss.lcddev         lcd.o
    0x20000480        -       0x00000402   Zero   RW         1409    .bss.strEsp8266_Fram_Record  esp8266.o
    0x20000882   0x0800ae60   0x00000002   PAD
    0x20000884        -       0x00000004   Zero   RW          192    .bss.uwTick         stm32f1xx_hal.o
    0x20000888        -       0x00000200   Zero   RW            2    HEAP                startup_stm32f103xe.o
    0x20000a88        -       0x00000400   Zero   RW            1    STACK               startup_stm32f103xe.o


==============================================================================

Image component sizes


      Code (inc. data)   RO Data    RW Data    ZI Data      Debug   Object Name

        78          0          0          0          0       1454   beep.o
       136         40          0          0        144       6664   btim.o
       136          0          0          0          4       2506   delay.o
      1380        124        178          0       1027      13446   esp8266.o
       182          0          0          0          4       3826   exti.o
       506          0          0          0        219       8840   gtim.o
       138          0          0          0          0       2404   hc-sr04.o
       150          0          0          0          0       2064   key.o
     27180          8         14          4         90     122820   lcd.o
       118          0          0          0          0       1489   led.o
       184         20          0          4          0       1367   main.o
        64         26        304          0       1536        932   startup_stm32f103xe.o
       158          0          0          5          4       6100   stm32f1xx_hal.o
       196          0          0          0          0       8755   stm32f1xx_hal_cortex.o
       288          0          0          0          0       8210   stm32f1xx_hal_dma.o
       532         20          0          0          0       4650   stm32f1xx_hal_gpio.o
      1334          0         18          0          0       7597   stm32f1xx_hal_rcc.o
       108          0          0          0          0      10181   stm32f1xx_hal_sram.o
      1260          0         48          0          0      53350   stm32f1xx_hal_tim.o
         4          0          0          0          0      20420   stm32f1xx_hal_tim_ex.o
      1138          0          0          0          0      18977   stm32f1xx_hal_uart.o
       146          0          0          0          0       3953   stm32f1xx_it.o
       274          0          0          0          0       7533   stm32f1xx_ll_fsmc.o
        90          0          0          0          0       3716   sys.o
         2          0         24          4          0       1692   system_stm32f1xx.o
       496          0          0         20        544       7335   usart.o

    ----------------------------------------------------------------------
     36404        238        620         40       3584     330281   Object Totals
         0          0         32          0          0          0   (incl. Generated)
       126          0          2          3         12          0   (incl. Padding)

    ----------------------------------------------------------------------

      Code (inc. data)   RO Data    RW Data    ZI Data      Debug   Library Member Name

        44          6          0          0          0         84   __2sprintf.o
         8          0          0          0          0         68   __main.o
       392          4         17          0          0         92   __printf_flags_ss_wp.o
        14          0          0          0          0         68   __printf_wp.o
         0          0          0          0          0          0   __rtentry.o
        12          0          0          0          0          0   __rtentry2.o
         6          0          0          0          0          0   __rtentry4.o
        94          8          0          0          0          0   __scatter.o
        26          0          0          0          0          0   __scatter_copy.o
        28          0          0          0          0          0   __scatter_zi.o
        72          0          0          0          0         96   _c16rtomb.o
         6          0          0          0          0          0   _printf_a.o
         6          0          0          0          0          0   _printf_c.o
        44          0          0          0          0        108   _printf_char.o
        48          6          0          0          0         96   _printf_char_common.o
        36          4          0          0          0         80   _printf_char_file.o
        40          0          0          0          0         68   _printf_charcount.o
         6          0          0          0          0          0   _printf_d.o
       120         16          0          0          0         92   _printf_dec.o
         6          0          0          0          0          0   _printf_e.o
         6          0          0          0          0          0   _printf_f.o
      1052          0          0          0          0        148   _printf_fp_dec.o
       764          8         38          0          0        100   _printf_fp_hex.o
       128         16          0          0          0         84   _printf_fp_infnan.o
         6          0          0          0          0          0   _printf_g.o
       148          4         40          0          0        160   _printf_hex_int_ll_ptr.o
         6          0          0          0          0          0   _printf_i.o
       178          0          0          0          0         88   _printf_intcommon.o
        10          0          0          0          0          0   _printf_l.o
         6          0          0          0          0          0   _printf_lc.o
        10          0          0          0          0          0   _printf_ll.o
         6          0          0          0          0          0   _printf_lld.o
         6          0          0          0          0          0   _printf_lli.o
         6          0          0          0          0          0   _printf_llo.o
         6          0          0          0          0          0   _printf_llu.o
         6          0          0          0          0          0   _printf_llx.o
       124         16          0          0          0         92   _printf_longlong_dec.o
         6          0          0          0          0          0   _printf_ls.o
         6          0          0          0          0          0   _printf_n.o
         6          0          0          0          0          0   _printf_o.o
       112          8          0          0          0        124   _printf_oct_int_ll.o
         6          0          0          0          0          0   _printf_p.o
        78          0          0          0          0        108   _printf_pad.o
         0          0          0          0          0          0   _printf_percent.o
         4          0          0          0          0          0   _printf_percent_end.o
         6          0          0          0          0          0   _printf_s.o
        82          0          0          0          0         80   _printf_str.o
        36          0          0          0          0         84   _printf_truncate.o
         6          0          0          0          0          0   _printf_u.o
        44          0          0          0          0        108   _printf_wchar.o
       188          6          8          0          0         92   _printf_wctomb.o
         6          0          0          0          0          0   _printf_x.o
        10          0          0          0          0         68   _sputc.o
       228          4        148          0          0         96   bigflt0.o
      1936        128          0          0          0        668   btod.o
        18          0          0          0          0         80   exit.o
         8          0          0          0          0         68   ferror.o
         6          0          0          0          0        152   heapauxi.o
        44         10        272          0          0         76   lc_ctype_c.o
        44         10         28          0          0         76   lc_numeric_c.o
         2          0          0          0          0          0   libinit.o
        30          0          0          0          0          0   libinit2.o
         2          0          0          0          0          0   libshutdown.o
         2          0          0          0          0          0   libshutdown2.o
         8          4          0          0         96         68   libspace.o
       138          0          0          0          0         80   lludiv10.o
        44          4          0          0          0         84   puts.o
        16          4          0          0          0         76   rt_ctype_table.o
         8          4          0          0          0         68   rt_locale_intlibspace.o
        78          0          0          0          0         80   rt_memclr_w.o
         2          0          0          0          0          0   rtexit.o
        10          0          0          0          0          0   rtexit2.o
       128          0          0          0          0         68   strcmpv7m.o
        36          0          0          0          0         80   strstr.o
        74          0          0          0          0         80   sys_stackheap_outer.o
         2          0          0          0          0         68   use_no_semi.o
         2          0          0          0          0         68   use_no_semi_2.o
        12          4          0          0          0         68   vprintf.o
         4          0          0          0          0         68   printf1.o
         4          0          0          0          0         68   printf2.o
         0          0          0          0          0          0   usenofp.o
        40          0          0          0          0         68   fpclassify.o

    ----------------------------------------------------------------------
      7020        274        556          0         96       4496   Library Totals
        22          0          5          0          0          0   (incl. Padding)

    ----------------------------------------------------------------------

      Code (inc. data)   RO Data    RW Data    ZI Data      Debug   Library Name

      6950        274        551          0         96       4292   c_w.l
         8          0          0          0          0        136   fz_ws.l
        40          0          0          0          0         68   m_ws.l

    ----------------------------------------------------------------------
      7020        274        556          0         96       4496   Library Totals

    ----------------------------------------------------------------------

==============================================================================


      Code (inc. data)   RO Data    RW Data    ZI Data      Debug   

     43424        512       1176         40       3680     331917   Grand Totals
     43424        512       1176         40       3680     331917   ELF Image Totals
     43424        512       1176         40          0          0   ROM Totals

==============================================================================

    Total RO  Size (Code + RO Data)                44600 (  43.55kB)
    Total RW  Size (RW Data + ZI Data)              3720 (   3.63kB)
    Total ROM Size (Code + RO Data + RW Data)      44640 (  43.59kB)

==============================================================================

