Component: Arm Compiler for Embedded 6.22 Tool: armlink [5ee90200]

==============================================================================

Section Cross References

    startup_stm32f103xe.o(STACK) refers (Special) to heapauxi.o(.text) for __use_two_region_memory
    startup_stm32f103xe.o(HEAP) refers (Special) to heapauxi.o(.text) for __use_two_region_memory
    startup_stm32f103xe.o(RESET) refers (Special) to heapauxi.o(.text) for __use_two_region_memory
    startup_stm32f103xe.o(RESET) refers to startup_stm32f103xe.o(STACK) for __initial_sp
    startup_stm32f103xe.o(RESET) refers to startup_stm32f103xe.o(.text) for Reset_Handler
    startup_stm32f103xe.o(RESET) refers to stm32f1xx_it.o(.text.NMI_Handler) for NMI_Handler
    startup_stm32f103xe.o(RESET) refers to stm32f1xx_it.o(.text.HardFault_Handler) for HardFault_Handler
    startup_stm32f103xe.o(RESET) refers to stm32f1xx_it.o(.text.MemManage_Handler) for MemManage_Handler
    startup_stm32f103xe.o(RESET) refers to stm32f1xx_it.o(.text.BusFault_Handler) for BusFault_Handler
    startup_stm32f103xe.o(RESET) refers to stm32f1xx_it.o(.text.UsageFault_Handler) for UsageFault_Handler
    startup_stm32f103xe.o(RESET) refers to stm32f1xx_it.o(.text.SVC_Handler) for SVC_Handler
    startup_stm32f103xe.o(RESET) refers to stm32f1xx_it.o(.text.DebugMon_Handler) for DebugMon_Handler
    startup_stm32f103xe.o(RESET) refers to stm32f1xx_it.o(.text.PendSV_Handler) for PendSV_Handler
    startup_stm32f103xe.o(RESET) refers to stm32f1xx_it.o(.text.SysTick_Handler) for SysTick_Handler
    startup_stm32f103xe.o(RESET) refers to exti.o(.text.EXTI0_IRQHandler) for EXTI0_IRQHandler
    startup_stm32f103xe.o(RESET) refers to exti.o(.text.EXTI3_IRQHandler) for EXTI3_IRQHandler
    startup_stm32f103xe.o(RESET) refers to exti.o(.text.EXTI4_IRQHandler) for EXTI4_IRQHandler
    startup_stm32f103xe.o(RESET) refers to adc.o(.text.DMA1_Channel1_IRQHandler) for DMA1_Channel1_IRQHandler
    startup_stm32f103xe.o(RESET) refers to dma.o(.text.DMA1_Channel4_IRQHandler) for DMA1_Channel4_IRQHandler
    startup_stm32f103xe.o(RESET) refers to adc.o(.text.ADC1_2_IRQHandler) for ADC1_2_IRQHandler
    startup_stm32f103xe.o(RESET) refers to main.o(.text.TIM1_UP_IRQHandler) for TIM1_UP_IRQHandler
    startup_stm32f103xe.o(RESET) refers to gtim.o(.text.TIM2_IRQHandler) for TIM2_IRQHandler
    startup_stm32f103xe.o(RESET) refers to gtim.o(.text.TIM3_IRQHandler) for TIM3_IRQHandler
    startup_stm32f103xe.o(RESET) refers to gtim.o(.text.TIM4_IRQHandler) for TIM4_IRQHandler
    startup_stm32f103xe.o(RESET) refers to stm32f1xx_it.o(.text.USART1_IRQHandler) for USART1_IRQHandler
    startup_stm32f103xe.o(RESET) refers to atim.o(.text.TIM8_CC_IRQHandler) for TIM8_CC_IRQHandler
    startup_stm32f103xe.o(.text) refers (Special) to heapauxi.o(.text) for __use_two_region_memory
    startup_stm32f103xe.o(.text) refers to system_stm32f1xx.o(.text.SystemInit) for SystemInit
    startup_stm32f103xe.o(.text) refers to __main.o(!!!main) for __main
    startup_stm32f103xe.o(.text) refers to startup_stm32f103xe.o(HEAP) for Heap_Mem
    startup_stm32f103xe.o(.text) refers to startup_stm32f103xe.o(STACK) for Stack_Mem
    stm32f1xx_it.o(.ARM.exidx.text.NMI_Handler) refers to stm32f1xx_it.o(.text.NMI_Handler) for [Anonymous Symbol]
    stm32f1xx_it.o(.ARM.exidx.text.HardFault_Handler) refers to stm32f1xx_it.o(.text.HardFault_Handler) for [Anonymous Symbol]
    stm32f1xx_it.o(.ARM.exidx.text.MemManage_Handler) refers to stm32f1xx_it.o(.text.MemManage_Handler) for [Anonymous Symbol]
    stm32f1xx_it.o(.ARM.exidx.text.BusFault_Handler) refers to stm32f1xx_it.o(.text.BusFault_Handler) for [Anonymous Symbol]
    stm32f1xx_it.o(.ARM.exidx.text.UsageFault_Handler) refers to stm32f1xx_it.o(.text.UsageFault_Handler) for [Anonymous Symbol]
    stm32f1xx_it.o(.ARM.exidx.text.SVC_Handler) refers to stm32f1xx_it.o(.text.SVC_Handler) for [Anonymous Symbol]
    stm32f1xx_it.o(.ARM.exidx.text.DebugMon_Handler) refers to stm32f1xx_it.o(.text.DebugMon_Handler) for [Anonymous Symbol]
    stm32f1xx_it.o(.ARM.exidx.text.PendSV_Handler) refers to stm32f1xx_it.o(.text.PendSV_Handler) for [Anonymous Symbol]
    stm32f1xx_it.o(.text.SysTick_Handler) refers to stm32f1xx_hal.o(.text.HAL_IncTick) for HAL_IncTick
    stm32f1xx_it.o(.ARM.exidx.text.SysTick_Handler) refers to stm32f1xx_it.o(.text.SysTick_Handler) for [Anonymous Symbol]
    stm32f1xx_it.o(.text.USART1_IRQHandler) refers to usart.o(.bss.g_uartx_handle) for g_uartx_handle
    stm32f1xx_it.o(.text.USART1_IRQHandler) refers to stm32f1xx_hal_uart.o(.text.HAL_UART_IRQHandler) for HAL_UART_IRQHandler
    stm32f1xx_it.o(.ARM.exidx.text.USART1_IRQHandler) refers to stm32f1xx_it.o(.text.USART1_IRQHandler) for [Anonymous Symbol]
    main.o(.text.main) refers to stm32f1xx_hal.o(.text.HAL_Init) for HAL_Init
    main.o(.text.main) refers to sys.o(.text.sys_stm32_clock_init) for sys_stm32_clock_init
    main.o(.text.main) refers to delay.o(.text.delay_init) for delay_init
[...]
    __fp_init_empty                          0x00000000   Number         0  fpinit_empty.o ABSOLUTE
    _printf_flags                            0x00000000   Number         0  printf_stubs.o ABSOLUTE
    _printf_return_value                     0x00000000   Number         0  printf_stubs.o ABSOLUTE
    _printf_sizespec                         0x00000000   Number         0  printf_stubs.o ABSOLUTE
    _printf_widthprec                        0x00000000   Number         0  printf_stubs.o ABSOLUTE
    __ARM_exceptions_init                     - Undefined Weak Reference
    __alloca_initialize                       - Undefined Weak Reference
    __arm_preinit_                            - Undefined Weak Reference
    __arm_relocate_pie_                       - Undefined Weak Reference
    __cpp_initialize__aeabi_                  - Undefined Weak Reference
    __cxa_finalize                            - Undefined Weak Reference
    __sigvec_lookup                           - Undefined Weak Reference
    _atexit_init                              - Undefined Weak Reference
    _call_atexit_fns                          - Undefined Weak Reference
    _clock_init                               - Undefined Weak Reference
    _fp_trap_init                             - Undefined Weak Reference
    _fp_trap_shutdown                         - Undefined Weak Reference
    _get_lc_collate                           - Undefined Weak Reference
    _get_lc_monetary                          - Undefined Weak Reference
    _get_lc_time                              - Undefined Weak Reference
    _getenv_init                              - Undefined Weak Reference
    _handle_redirection                       - Undefined Weak Reference
    _init_alloc                               - Undefined Weak Reference
    _init_user_alloc                          - Undefined Weak Reference
    _initio                                   - Undefined Weak Reference
    _mutex_acquire                            - Undefined Weak Reference
    _mutex_release                            - Undefined Weak Reference
    _printf_mbtowc                            - Undefined Weak Reference
    _printf_wc                                - Undefined Weak Reference
    _rand_init                                - Undefined Weak Reference
    _signal_finish                            - Undefined Weak Reference
    _signal_init                              - Undefined Weak Reference
    _terminate_alloc                          - Undefined Weak Reference
    _terminate_user_alloc                     - Undefined Weak Reference
    _terminateio                              - Undefined Weak Reference
    __Vectors_Size                           0x00000130   Number         0  startup_stm32f103xe.o ABSOLUTE
    __Vectors                                0x08000000   Data           4  startup_stm32f103xe.o(RESET)
    __Vectors_End                            0x08000130   Data           0  startup_stm32f103xe.o(RESET)
    __main                                   0x08000131   Thumb Code     8  __main.o(!!!main)
    __scatterload                            0x08000139   Thumb Code     0  __scatter.o(!!!scatter)
    __scatterload_rt2                        0x08000139   Thumb Code    84  __scatter.o(!!!scatter)
    __scatterload_rt2_thumb_only             0x08000139   Thumb Code     0  __scatter.o(!!!scatter)
    __scatterload_loop                       0x08000143   Thumb Code     0  __scatter.o(!!!scatter)
    __scatterload_copy                       0x08000195   Thumb Code    26  __scatter_copy.o(!!handler_copy)
    __scatterload_null                       0x080001b1   Thumb Code     2  __scatter.o(!!handler_null)
    __scatterload_zeroinit                   0x080001b5   Thumb Code    28  __scatter_zi.o(!!handler_zi)
    _printf_n                                0x080001d1   Thumb Code     0  _printf_n.o(.ARM.Collect$$_printf_percent$$00000001)
    _printf_percent                          0x080001d1   Thumb Code     0  _printf_percent.o(.ARM.Collect$$_printf_percent$$00000000)
    _printf_p                                0x080001d7   Thumb Code     0  _printf_p.o(.ARM.Collect$$_printf_percent$$00000002)
    _printf_f                                0x080001dd   Thumb Code     0  _printf_f.o(.ARM.Collect$$_printf_percent$$00000003)
    _printf_e                                0x080001e3   Thumb Code     0  _printf_e.o(.ARM.Collect$$_printf_percent$$00000004)
    _printf_g                                0x080001e9   Thumb Code     0  _printf_g.o(.ARM.Collect$$_printf_percent$$00000005)
    _printf_a                                0x080001ef   Thumb Code     0  _printf_a.o(.ARM.Collect$$_printf_percent$$00000006)
    _printf_ll                               0x080001f5   Thumb Code     0  _printf_ll.o(.ARM.Collect$$_printf_percent$$00000007)
    _printf_i                                0x080001ff   Thumb Code     0  _printf_i.o(.ARM.Collect$$_printf_percent$$00000008)
    _printf_d                                0x08000205   Thumb Code     0  _printf_d.o(.ARM.Collect$$_printf_percent$$00000009)
    _printf_u                                0x0800020b   Thumb Code     0  _printf_u.o(.ARM.Collect$$_printf_percent$$0000000A)
    _printf_o                                0x08000211   Thumb Code     0  _printf_o.o(.ARM.Collect$$_printf_percent$$0000000B)
    _printf_x                                0x08000217   Thumb Code     0  _printf_x.o(.ARM.Collect$$_printf_percent$$0000000C)
    _printf_lli                              0x0800021d   Thumb Code     0  _printf_lli.o(.ARM.Collect$$_printf_percent$$0000000D)
    _printf_lld                              0x08000223   Thumb Code     0  _printf_lld.o(.ARM.Collect$$_printf_percent$$0000000E)
    _printf_llu                              0x08000229   Thumb Code     0  _printf_llu.o(.ARM.Collect$$_printf_percent$$0000000F)
    _printf_llo                              0x0800022f   Thumb Code     0  _printf_llo.o(.ARM.Collect$$_printf_percent$$00000010)
    _printf_llx                              0x08000235   Thumb Code     0  _printf_llx.o(.ARM.Collect$$_printf_percent$$00000011)
    _printf_l                                0x0800023b   Thumb Code     0  _printf_l.o(.ARM.Collect$$_printf_percent$$00000012)
    _printf_c                                0x08000245   Thumb Code     0  _printf_c.o(.ARM.Collect$$_printf_percent$$00000013)
    _printf_s                                0x0800024b   Thumb Code     0  _printf_s.o(.ARM.Collect$$_printf_percent$$00000014)
    _printf_lc                               0x08000251   Thumb Code     0  _printf_lc.o(.ARM.Collect$$_printf_percent$$00000015)
    _printf_ls                               0x08000257   Thumb Code     0  _printf_ls.o(.ARM.Collect$$_printf_percent$$00000016)
    _printf_percent_end                      0x0800025d   Thumb Code     0  _printf_percent_end.o(.ARM.Collect$$_printf_percent$$00000017)
    __rt_lib_init                            0x08000261   Thumb Code     0  libinit.o(.ARM.Collect$$libinit$$00000000)
    __rt_lib_init_fp_1                       0x08000263   Thumb Code     0  libinit2.o(.ARM.Collect$$libinit$$00000002)
    __rt_lib_init_heap_1                     0x08000263   Thumb Code     0  libinit2.o(.ARM.Collect$$libinit$$0000000C)
    __rt_lib_init_lc_common                  0x08000263   Thumb Code     0  libinit2.o(.ARM.Collect$$libinit$$00000011)
    __rt_lib_init_preinit_1                  0x08000263   Thumb Code     0  libinit2.o(.ARM.Collect$$libinit$$00000006)
    __rt_lib_init_rand_1                     0x08000263   Thumb Code     0  libinit2.o(.ARM.Collect$$libinit$$00000010)
    __rt_lib_init_relocate_pie_1             0x08000263   Thumb Code     0  libinit2.o(.ARM.Collect$$libinit$$00000004)
    __rt_lib_init_user_alloc_1               0x08000263   Thumb Code     0  libinit2.o(.ARM.Collect$$libinit$$0000000E)
    __rt_lib_init_lc_collate_1               0x08000269   Thumb Code     0  libinit2.o(.ARM.Collect$$libinit$$00000013)
    __rt_lib_init_lc_ctype_2                 0x08000269   Thumb Code     0  libinit2.o(.ARM.Collect$$libinit$$00000014)
    __rt_lib_init_lc_ctype_1                 0x08000275   Thumb Code     0  libinit2.o(.ARM.Collect$$libinit$$00000015)
    __rt_lib_init_lc_monetary_1              0x08000275   Thumb Code     0  libinit2.o(.ARM.Collect$$libinit$$00000017)
    __rt_lib_init_lc_numeric_2               0x08000275   Thumb Code     0  libinit2.o(.ARM.Collect$$libinit$$00000018)
    __rt_lib_init_alloca_1                   0x0800027f   Thumb Code     0  libinit2.o(.ARM.Collect$$libinit$$00000030)
    __rt_lib_init_argv_1                     0x0800027f   Thumb Code     0  libinit2.o(.ARM.Collect$$libinit$$0000002E)
    __rt_lib_init_atexit_1                   0x0800027f   Thumb Code     0  libinit2.o(.ARM.Collect$$libinit$$0000001D)
    __rt_lib_init_clock_1                    0x0800027f   Thumb Code     0  libinit2.o(.ARM.Collect$$libinit$$00000023)
    __rt_lib_init_cpp_1                      0x0800027f   Thumb Code     0  libinit2.o(.ARM.Collect$$libinit$$00000034)
    __rt_lib_init_exceptions_1               0x0800027f   Thumb Code     0  libinit2.o(.ARM.Collect$$libinit$$00000032)
    __rt_lib_init_fp_trap_1                  0x0800027f   Thumb Code     0  libinit2.o(.ARM.Collect$$libinit$$00000021)
    __rt_lib_init_getenv_1                   0x0800027f   Thumb Code     0  libinit2.o(.ARM.Collect$$libinit$$00000025)
    __rt_lib_init_lc_numeric_1               0x0800027f   Thumb Code     0  libinit2.o(.ARM.Collect$$libinit$$00000019)
    __rt_lib_init_lc_time_1                  0x0800027f   Thumb Code     0  libinit2.o(.ARM.Collect$$libinit$$0000001B)
    __rt_lib_init_return                     0x0800027f   Thumb Code     0  libinit2.o(.ARM.Collect$$libinit$$00000035)
    __rt_lib_init_signal_1                   0x0800027f   Thumb Code     0  libinit2.o(.ARM.Collect$$libinit$$0000001F)
    __rt_lib_init_stdio_1                    0x0800027f   Thumb Code     0  libinit2.o(.ARM.Collect$$libinit$$00000027)
    __rt_lib_shutdown                        0x08000281   Thumb Code     0  libshutdown.o(.ARM.Collect$$libshutdown$$00000000)
    __rt_lib_shutdown_cpp_1                  0x08000283   Thumb Code     0  libshutdown2.o(.ARM.Collect$$libshutdown$$00000002)
    __rt_lib_shutdown_fp_trap_1              0x08000283   Thumb Code     0  libshutdown2.o(.ARM.Collect$$libshutdown$$00000007)
    __rt_lib_shutdown_heap_1                 0x08000283   Thumb Code     0  libshutdown2.o(.ARM.Collect$$libshutdown$$0000000F)
    __rt_lib_shutdown_return                 0x08000283   Thumb Code     0  libshutdown2.o(.ARM.Collect$$libshutdown$$00000010)
    __rt_lib_shutdown_signal_1               0x08000283   Thumb Code     0  libshutdown2.o(.ARM.Collect$$libshutdown$$0000000A)
    __rt_lib_shutdown_stdio_1                0x08000283   Thumb Code     0  libshutdown2.o(.ARM.Collect$$libshutdown$$00000004)
    __rt_lib_shutdown_user_alloc_1           0x08000283   Thumb Code     0  libshutdown2.o(.ARM.Collect$$libshutdown$$0000000C)
    __rt_entry                               0x08000285   Thumb Code     0  __rtentry.o(.ARM.Collect$$rtentry$$00000000)
    __rt_entry_presh_1                       0x08000285   Thumb Code     0  __rtentry2.o(.ARM.Collect$$rtentry$$00000002)
    __rt_entry_sh                            0x08000285   Thumb Code     0  __rtentry4.o(.ARM.Collect$$rtentry$$00000004)
    __rt_entry_li                            0x0800028b   Thumb Code     0  __rtentry2.o(.ARM.Collect$$rtentry$$0000000A)
    __rt_entry_postsh_1                      0x0800028b   Thumb Code     0  __rtentry2.o(.ARM.Collect$$rtentry$$00000009)
    __rt_entry_main                          0x0800028f   Thumb Code     0  __rtentry2.o(.ARM.Collect$$rtentry$$0000000D)
    __rt_entry_postli_1                      0x0800028f   Thumb Code     0  __rtentry2.o(.ARM.Collect$$rtentry$$0000000C)
    __rt_exit                                0x08000297   Thumb Code     0  rtexit.o(.ARM.Collect$$rtexit$$00000000)
    __rt_exit_ls                             0x08000299   Thumb Code     0  rtexit2.o(.ARM.Collect$$rtexit$$00000003)
    __rt_exit_prels_1                        0x08000299   Thumb Code     0  rtexit2.o(.ARM.Collect$$rtexit$$00000002)
    __rt_exit_exit                           0x0800029d   Thumb Code     0  rtexit2.o(.ARM.Collect$$rtexit$$00000004)
    Reset_Handler                            0x080002a5   Thumb Code     8  startup_stm32f103xe.o(.text)
    ADC3_IRQHandler                          0x080002bf   Thumb Code     0  startup_stm32f103xe.o(.text)
    CAN1_RX1_IRQHandler                      0x080002bf   Thumb Code     0  startup_stm32f103xe.o(.text)
    CAN1_SCE_IRQHandler                      0x080002bf   Thumb Code     0  startup_stm32f103xe.o(.text)
    DMA1_Channel2_IRQHandler                 0x080002bf   Thumb Code     0  startup_stm32f103xe.o(.text)
    DMA1_Channel3_IRQHandler                 0x080002bf   Thumb Code     0  startup_stm32f103xe.o(.text)
    DMA1_Channel5_IRQHandler                 0x080002bf   Thumb Code     0  startup_stm32f103xe.o(.text)
    DMA1_Channel6_IRQHandler                 0x080002bf   Thumb Code     0  startup_stm32f103xe.o(.text)
    DMA1_Channel7_IRQHandler                 0x080002bf   Thumb Code     0  startup_stm32f103xe.o(.text)
    DMA2_Channel1_IRQHandler                 0x080002bf   Thumb Code     0  startup_stm32f103xe.o(.text)
    DMA2_Channel2_IRQHandler                 0x080002bf   Thumb Code     0  startup_stm32f103xe.o(.text)
    DMA2_Channel3_IRQHandler                 0x080002bf   Thumb Code     0  startup_stm32f103xe.o(.text)
    DMA2_Channel4_5_IRQHandler               0x080002bf   Thumb Code     0  startup_stm32f103xe.o(.text)
    EXTI15_10_IRQHandler                     0x080002bf   Thumb Code     0  startup_stm32f103xe.o(.text)
    EXTI1_IRQHandler                         0x080002bf   Thumb Code     0  startup_stm32f103xe.o(.text)
    EXTI2_IRQHandler                         0x080002bf   Thumb Code     0  startup_stm32f103xe.o(.text)
    EXTI9_5_IRQHandler                       0x080002bf   Thumb Code     0  startup_stm32f103xe.o(.text)
    FLASH_IRQHandler                         0x080002bf   Thumb Code     0  startup_stm32f103xe.o(.text)
    FSMC_IRQHandler                          0x080002bf   Thumb Code     0  startup_stm32f103xe.o(.text)
    I2C1_ER_IRQHandler                       0x080002bf   Thumb Code     0  startup_stm32f103xe.o(.text)
    I2C1_EV_IRQHandler                       0x080002bf   Thumb Code     0  startup_stm32f103xe.o(.text)
    I2C2_ER_IRQHandler                       0x080002bf   Thumb Code     0  startup_stm32f103xe.o(.text)
    I2C2_EV_IRQHandler                       0x080002bf   Thumb Code     0  startup_stm32f103xe.o(.text)
    PVD_IRQHandler                           0x080002bf   Thumb Code     0  startup_stm32f103xe.o(.text)
    RCC_IRQHandler                           0x080002bf   Thumb Code     0  startup_stm32f103xe.o(.text)
    RTC_Alarm_IRQHandler                     0x080002bf   Thumb Code     0  startup_stm32f103xe.o(.text)
    RTC_IRQHandler                           0x080002bf   Thumb Code     0  startup_stm32f103xe.o(.text)
    SDIO_IRQHandler                          0x080002bf   Thumb Code     0  startup_stm32f103xe.o(.text)
    SPI1_IRQHandler                          0x080002bf   Thumb Code     0  startup_stm32f103xe.o(.text)
    SPI2_IRQHandler                          0x080002bf   Thumb Code     0  startup_stm32f103xe.o(.text)
    SPI3_IRQHandler                          0x080002bf   Thumb Code     0  startup_stm32f103xe.o(.text)
    TAMPER_IRQHandler                        0x080002bf   Thumb Code     0  startup_stm32f103xe.o(.text)
    TIM1_BRK_IRQHandler                      0x080002bf   Thumb Code     0  startup_stm32f103xe.o(.text)
    TIM1_CC_IRQHandler                       0x080002bf   Thumb Code     0  startup_stm32f103xe.o(.text)
    TIM1_TRG_COM_IRQHandler                  0x080002bf   Thumb Code     0  startup_stm32f103xe.o(.text)
    TIM5_IRQHandler                          0x080002bf   Thumb Code     0  startup_stm32f103xe.o(.text)
    TIM6_IRQHandler                          0x080002bf   Thumb Code     0  startup_stm32f103xe.o(.text)
    TIM7_IRQHandler                          0x080002bf   Thumb Code     0  startup_stm32f103xe.o(.text)
    TIM8_BRK_IRQHandler                      0x080002bf   Thumb Code     0  startup_stm32f103xe.o(.text)
    TIM8_TRG_COM_IRQHandler                  0x080002bf   Thumb Code     0  startup_stm32f103xe.o(.text)
    TIM8_UP_IRQHandler                       0x080002bf   Thumb Code     0  startup_stm32f103xe.o(.text)
    UART4_IRQHandler                         0x080002bf   Thumb Code     0  startup_stm32f103xe.o(.text)
    UART5_IRQHandler                         0x080002bf   Thumb Code     0  startup_stm32f103xe.o(.text)
    USART2_IRQHandler                        0x080002bf   Thumb Code     0  startup_stm32f103xe.o(.text)
    USART3_IRQHandler                        0x080002bf   Thumb Code     0  startup_stm32f103xe.o(.text)
    USBWakeUp_IRQHandler                     0x080002bf   Thumb Code     0  startup_stm32f103xe.o(.text)
    USB_HP_CAN1_TX_IRQHandler                0x080002bf   Thumb Code     0  startup_stm32f103xe.o(.text)
    USB_LP_CAN1_RX0_IRQHandler               0x080002bf   Thumb Code     0  startup_stm32f103xe.o(.text)
    WWDG_IRQHandler                          0x080002bf   Thumb Code     0  startup_stm32f103xe.o(.text)
    __user_initial_stackheap                 0x080002c1   Thumb Code     0  startup_stm32f103xe.o(.text)
    __use_no_semihosting                     0x080002e5   Thumb Code     2  use_no_semi_2.o(.text)
    vsprintf                                 0x080002e9   Thumb Code    32  vsprintf.o(.text)
    puts                                     0x0800030d   Thumb Code    40  puts.o(.text)
    __aeabi_memclr4                          0x08000339   Thumb Code     0  rt_memclr_w.o(.text)
    __aeabi_memclr8                          0x08000339   Thumb Code     0  rt_memclr_w.o(.text)
    __rt_memclr_w                            0x08000339   Thumb Code     0  rt_memclr_w.o(.text)
    _memset_w                                0x0800033d   Thumb Code    74  rt_memclr_w.o(.text)
    strcmp                                   0x08000389   Thumb Code   128  strcmpv7m.o(.text)
    __use_two_region_memory                  0x08000409   Thumb Code     2  heapauxi.o(.text)
    __rt_heap_escrow$2region                 0x0800040b   Thumb Code     2  heapauxi.o(.text)
    __rt_heap_expand$2region                 0x0800040d   Thumb Code     2  heapauxi.o(.text)
    __semihosting$guard                      0x0800040f   Thumb Code     0  use_no_semi.o(.text)
    __use_no_semihosting_swi                 0x0800040f   Thumb Code     2  use_no_semi.o(.text)
    _printf_pre_padding                      0x08000411   Thumb Code    44  _printf_pad.o(.text)
    _printf_post_padding                     0x0800043d   Thumb Code    34  _printf_pad.o(.text)
    _printf_truncate_signed                  0x0800045f   Thumb Code    18  _printf_truncate.o(.text)
    _printf_truncate_unsigned                0x08000471   Thumb Code    18  _printf_truncate.o(.text)
    _printf_str                              0x08000483   Thumb Code    82  _printf_str.o(.text)
    _printf_int_dec                          0x080004d5   Thumb Code   104  _printf_dec.o(.text)
    _printf_charcount                        0x0800054d   Thumb Code    40  _printf_charcount.o(.text)
    _printf_char_common                      0x0800057f   Thumb Code    32  _printf_char_common.o(.text)
    _sputc                                   0x080005a5   Thumb Code    10  _sputc.o(.text)
    _printf_wctomb                           0x080005b1   Thumb Code   182  _printf_wctomb.o(.text)
    _printf_longlong_dec                     0x0800066d   Thumb Code   108  _printf_longlong_dec.o(.text)
    _printf_longlong_oct                     0x080006e9   Thumb Code    68  _printf_oct_int_ll.o(.text)
    _printf_int_oct                          0x0800072d   Thumb Code    24  _printf_oct_int_ll.o(.text)
    _printf_ll_oct                           0x08000745   Thumb Code    12  _printf_oct_int_ll.o(.text)
    _printf_longlong_hex                     0x08000759   Thumb Code    86  _printf_hex_int_ll_ptr.o(.text)
    _printf_int_hex                          0x080007af   Thumb Code    28  _printf_hex_int_ll_ptr.o(.text)
    _printf_ll_hex                           0x080007cb   Thumb Code    12  _printf_hex_int_ll_ptr.o(.text)
    _printf_hex_ptr                          0x080007d7   Thumb Code    18  _printf_hex_int_ll_ptr.o(.text)
    __printf                                 0x080007ed   Thumb Code   388  __printf_flags_ss_wp.o(.text)
    _ll_udiv10                               0x08000975   Thumb Code   138  lludiv10.o(.text)
    _printf_int_common                       0x080009ff   Thumb Code   178  _printf_intcommon.o(.text)
    _printf_fp_dec_real                      0x08000c61   Thumb Code   620  _printf_fp_dec.o(.text)
    _printf_fp_hex_real                      0x08000ecd   Thumb Code   756  _printf_fp_hex.o(.text)
    _printf_cs_common                        0x080011c9   Thumb Code    20  _printf_char.o(.text)
    _printf_char                             0x080011dd   Thumb Code    16  _printf_char.o(.text)
    _printf_string                           0x080011ed   Thumb Code     8  _printf_char.o(.text)
    _printf_lcs_common                       0x080011f5   Thumb Code    20  _printf_wchar.o(.text)
    _printf_wchar                            0x08001209   Thumb Code    16  _printf_wchar.o(.text)
    _printf_wstring                          0x08001219   Thumb Code     8  _printf_wchar.o(.text)
    _c16rtomb                                0x08001221   Thumb Code    72  _c16rtomb.o(.text)
    _wcrtomb                                 0x08001221   Thumb Code     0  _c16rtomb.o(.text)
    __user_libspace                          0x08001269   Thumb Code     8  libspace.o(.text)
    __user_perproc_libspace                  0x08001269   Thumb Code     0  libspace.o(.text)
    __user_perthread_libspace                0x08001269   Thumb Code     0  libspace.o(.text)
    __user_setup_stackheap                   0x08001271   Thumb Code    74  sys_stackheap_outer.o(.text)
    __rt_ctype_table                         0x080012bd   Thumb Code    16  rt_ctype_table.o(.text)
    __rt_locale                              0x080012cd   Thumb Code     8  rt_locale_intlibspace.o(.text)
    _printf_fp_infnan                        0x080012d5   Thumb Code   112  _printf_fp_infnan.o(.text)
    _btod_etento                             0x08001355   Thumb Code   224  bigflt0.o(.text)
    exit                                     0x08001439   Thumb Code    18  exit.o(.text)
    ADC1_2_IRQHandler                        0x0800144d   Thumb Code    64  adc.o(.text.ADC1_2_IRQHandler)
    ADC2_Init                                0x0800148d   Thumb Code   274  adc.o(.text.ADC2_Init)
    ADC_ConversionStop_Disable               0x080015a1   Thumb Code    70  stm32f1xx_hal_adc.o(.text.ADC_ConversionStop_Disable)
    ADC_DMAConvCplt                          0x080015e9   Thumb Code    80  stm32f1xx_hal_adc.o(.text.ADC_DMAConvCplt)
    ADC_DMAError                             0x08001639   Thumb Code    22  stm32f1xx_hal_adc.o(.text.ADC_DMAError)
    ADC_DMAHalfConvCplt                      0x08001651   Thumb Code     6  stm32f1xx_hal_adc.o(.text.ADC_DMAHalfConvCplt)
    ADC_Enable                               0x08001659   Thumb Code   124  stm32f1xx_hal_adc.o(.text.ADC_Enable)
    BusFault_Handler                         0x080016d5   Thumb Code     2  stm32f1xx_it.o(.text.BusFault_Handler)
    DMA1_Channel1_IRQHandler                 0x080016d9   Thumb Code    38  adc.o(.text.DMA1_Channel1_IRQHandler)
    DMA1_Channel4_IRQHandler                 0x08001701   Thumb Code    24  dma.o(.text.DMA1_Channel4_IRQHandler)
    DebugMon_Handler                         0x08001721   Thumb Code     2  stm32f1xx_it.o(.text.DebugMon_Handler)
    EXTI0_IRQHandler                         0x08001725   Thumb Code    60  exti.o(.text.EXTI0_IRQHandler)
    EXTI3_IRQHandler                         0x08001761   Thumb Code    72  exti.o(.text.EXTI3_IRQHandler)
    EXTI4_IRQHandler                         0x080017a9   Thumb Code    56  exti.o(.text.EXTI4_IRQHandler)
    Encoder_Init                             0x080017e1   Thumb Code   226  encoder.o(.text.Encoder_Init)
    HAL_ADCEx_Calibration_Start              0x080018c5   Thumb Code   202  stm32f1xx_hal_adc_ex.o(.text.HAL_ADCEx_Calibration_Start)
    HAL_ADCEx_InjectedConvCpltCallback       0x08001991   Thumb Code     2  stm32f1xx_hal_adc_ex.o(.text.HAL_ADCEx_InjectedConvCpltCallback)
    HAL_ADC_ConfigChannel                    0x08001995   Thumb Code   270  stm32f1xx_hal_adc.o(.text.HAL_ADC_ConfigChannel)
    HAL_ADC_ConvCpltCallback                 0x08001aa5   Thumb Code     2  adc.o(.text.HAL_ADC_ConvCpltCallback)
    HAL_ADC_ConvHalfCpltCallback             0x08001aa9   Thumb Code     2  stm32f1xx_hal_adc.o(.text.HAL_ADC_ConvHalfCpltCallback)
    HAL_ADC_ErrorCallback                    0x08001aad   Thumb Code     2  stm32f1xx_hal_adc.o(.text.HAL_ADC_ErrorCallback)
    HAL_ADC_IRQHandler                       0x08001ab1   Thumb Code   250  stm32f1xx_hal_adc.o(.text.HAL_ADC_IRQHandler)
    HAL_ADC_Init                             0x08001bad   Thumb Code   350  stm32f1xx_hal_adc.o(.text.HAL_ADC_Init)
    HAL_ADC_LevelOutOfWindowCallback         0x08001d0d   Thumb Code     2  stm32f1xx_hal_adc.o(.text.HAL_ADC_LevelOutOfWindowCallback)
    HAL_ADC_MspInit                          0x08001d11   Thumb Code   120  adc.o(.text.HAL_ADC_MspInit)
    HAL_ADC_Start_DMA                        0x08001d89   Thumb Code   442  stm32f1xx_hal_adc.o(.text.HAL_ADC_Start_DMA)
    HAL_ADC_Start_IT                         0x08001f45   Thumb Code   348  stm32f1xx_hal_adc.o(.text.HAL_ADC_Start_IT)
    HAL_DMA_Abort_IT                         0x080020a1   Thumb Code   288  stm32f1xx_hal_dma.o(.text.HAL_DMA_Abort_IT)
    HAL_DMA_IRQHandler                       0x080021c1   Thumb Code   630  stm32f1xx_hal_dma.o(.text.HAL_DMA_IRQHandler)
    HAL_DMA_Init                             0x08002439   Thumb Code   140  stm32f1xx_hal_dma.o(.text.HAL_DMA_Init)
    HAL_DMA_Start_IT                         0x080024c5   Thumb Code   156  stm32f1xx_hal_dma.o(.text.HAL_DMA_Start_IT)
    HAL_GPIO_EXTI_Callback                   0x08002561   Thumb Code     2  exti.o(.text.HAL_GPIO_EXTI_Callback)
    HAL_GPIO_EXTI_IRQHandler                 0x08002565   Thumb Code    22  stm32f1xx_hal_gpio.o(.text.HAL_GPIO_EXTI_IRQHandler)
    HAL_GPIO_Init                            0x0800257d   Thumb Code   474  stm32f1xx_hal_gpio.o(.text.HAL_GPIO_Init)
    HAL_GPIO_ReadPin                         0x08002759   Thumb Code    10  stm32f1xx_hal_gpio.o(.text.HAL_GPIO_ReadPin)
    HAL_GPIO_TogglePin                       0x08002765   Thumb Code    16  stm32f1xx_hal_gpio.o(.text.HAL_GPIO_TogglePin)
    HAL_GPIO_WritePin                        0x08002775   Thumb Code    10  stm32f1xx_hal_gpio.o(.text.HAL_GPIO_WritePin)
    HAL_GetTick                              0x08002781   Thumb Code    12  stm32f1xx_hal.o(.text.HAL_GetTick)
    HAL_IncTick                              0x0800278d   Thumb Code    26  stm32f1xx_hal.o(.text.HAL_IncTick)
    HAL_Init                                 0x080027a9   Thumb Code    38  stm32f1xx_hal.o(.text.HAL_Init)
    HAL_InitTick                             0x080027d1   Thumb Code    80  stm32f1xx_hal.o(.text.HAL_InitTick)
    HAL_MspInit                              0x08002821   Thumb Code     2  stm32f1xx_hal.o(.text.HAL_MspInit)
    HAL_NVIC_EnableIRQ                       0x08002825   Thumb Code    34  stm32f1xx_hal_cortex.o(.text.HAL_NVIC_EnableIRQ)
    HAL_NVIC_SetPriority                     0x08002849   Thumb Code    86  stm32f1xx_hal_cortex.o(.text.HAL_NVIC_SetPriority)
    HAL_NVIC_SetPriorityGrouping             0x080028a1   Thumb Code    32  stm32f1xx_hal_cortex.o(.text.HAL_NVIC_SetPriorityGrouping)
    HAL_RCCEx_GetPeriphCLKFreq               0x080028c1   Thumb Code   252  stm32f1xx_hal_rcc_ex.o(.text.HAL_RCCEx_GetPeriphCLKFreq)
    HAL_RCCEx_PeriphCLKConfig                0x080029d1   Thumb Code   254  stm32f1xx_hal_rcc_ex.o(.text.HAL_RCCEx_PeriphCLKConfig)
    HAL_RCC_ClockConfig                      0x08002ad1   Thumb Code   434  stm32f1xx_hal_rcc.o(.text.HAL_RCC_ClockConfig)
    HAL_RCC_GetPCLK1Freq                     0x08002c85   Thumb Code    38  stm32f1xx_hal_rcc.o(.text.HAL_RCC_GetPCLK1Freq)
    HAL_RCC_GetPCLK2Freq                     0x08002cad   Thumb Code    38  stm32f1xx_hal_rcc.o(.text.HAL_RCC_GetPCLK2Freq)
    HAL_RCC_GetSysClockFreq                  0x08002cd5   Thumb Code    86  stm32f1xx_hal_rcc.o(.text.HAL_RCC_GetSysClockFreq)
    HAL_RCC_OscConfig                        0x08002d2d   Thumb Code   824  stm32f1xx_hal_rcc.o(.text.HAL_RCC_OscConfig)
    HAL_SYSTICK_Config                       0x08003065   Thumb Code    44  stm32f1xx_hal_cortex.o(.text.HAL_SYSTICK_Config)
    HAL_TIMEx_BreakCallback                  0x08003091   Thumb Code     2  stm32f1xx_hal_tim_ex.o(.text.HAL_TIMEx_BreakCallback)
    HAL_TIMEx_CommutCallback                 0x08003095   Thumb Code     2  stm32f1xx_hal_tim_ex.o(.text.HAL_TIMEx_CommutCallback)
    HAL_TIM_Base_Init                        0x08003099   Thumb Code    90  stm32f1xx_hal_tim.o(.text.HAL_TIM_Base_Init)
    HAL_TIM_Base_MspInit                     0x080030f5   Thumb Code     2  stm32f1xx_hal_tim.o(.text.HAL_TIM_Base_MspInit)
    HAL_TIM_Base_Start_IT                    0x080030f9   Thumb Code   134  stm32f1xx_hal_tim.o(.text.HAL_TIM_Base_Start_IT)
    HAL_TIM_Encoder_Init                     0x08003181   Thumb Code   178  stm32f1xx_hal_tim.o(.text.HAL_TIM_Encoder_Init)
    HAL_TIM_Encoder_MspInit                  0x08003235   Thumb Code     2  stm32f1xx_hal_tim.o(.text.HAL_TIM_Encoder_MspInit)
    HAL_TIM_Encoder_Start                    0x08003239   Thumb Code   188  stm32f1xx_hal_tim.o(.text.HAL_TIM_Encoder_Start)
    HAL_TIM_IC_CaptureCallback               0x080032f5   Thumb Code   146  gtim.o(.text.HAL_TIM_IC_CaptureCallback)
    HAL_TIM_IRQHandler                       0x08003389   Thumb Code   362  stm32f1xx_hal_tim.o(.text.HAL_TIM_IRQHandler)
    HAL_TIM_OC_DelayElapsedCallback          0x080034f5   Thumb Code     2  stm32f1xx_hal_tim.o(.text.HAL_TIM_OC_DelayElapsedCallback)
    HAL_TIM_PWM_ConfigChannel                0x080034f9   Thumb Code   594  stm32f1xx_hal_tim.o(.text.HAL_TIM_PWM_ConfigChannel)
    HAL_TIM_PWM_Init                         0x0800374d   Thumb Code    90  stm32f1xx_hal_tim.o(.text.HAL_TIM_PWM_Init)
    HAL_TIM_PWM_MspInit                      0x080037a9   Thumb Code   136  gtim.o(.text.HAL_TIM_PWM_MspInit)
    HAL_TIM_PWM_PulseFinishedCallback        0x08003831   Thumb Code     2  stm32f1xx_hal_tim.o(.text.HAL_TIM_PWM_PulseFinishedCallback)
    HAL_TIM_PWM_Start                        0x08003835   Thumb Code   226  stm32f1xx_hal_tim.o(.text.HAL_TIM_PWM_Start)
    HAL_TIM_PeriodElapsedCallback            0x08003919   Thumb Code    92  gtim.o(.text.HAL_TIM_PeriodElapsedCallback)
    HAL_TIM_ReadCapturedValue                0x08003975   Thumb Code    22  stm32f1xx_hal_tim.o(.text.HAL_TIM_ReadCapturedValue)
    HAL_TIM_TriggerCallback                  0x0800398d   Thumb Code     2  stm32f1xx_hal_tim.o(.text.HAL_TIM_TriggerCallback)
    HAL_UART_ErrorCallback                   0x08003991   Thumb Code     2  stm32f1xx_hal_uart.o(.text.HAL_UART_ErrorCallback)
    HAL_UART_IRQHandler                      0x08003995   Thumb Code   386  stm32f1xx_hal_uart.o(.text.HAL_UART_IRQHandler)
    HAL_UART_Init                            0x08003b19   Thumb Code   222  stm32f1xx_hal_uart.o(.text.HAL_UART_Init)
    HAL_UART_MspInit                         0x08003bf9   Thumb Code   178  usart.o(.text.HAL_UART_MspInit)
    HAL_UART_Receive_IT                      0x08003cad   Thumb Code    84  stm32f1xx_hal_uart.o(.text.HAL_UART_Receive_IT)
    HAL_UART_RxCpltCallback                  0x08003d01   Thumb Code   186  usart.o(.text.HAL_UART_RxCpltCallback)
    HAL_UART_Transmit                        0x08003dbd   Thumb Code   306  stm32f1xx_hal_uart.o(.text.HAL_UART_Transmit)
    HAL_UART_TxCpltCallback                  0x08003ef1   Thumb Code     2  stm32f1xx_hal_uart.o(.text.HAL_UART_TxCpltCallback)
    HardFault_Handler                        0x08003ef5   Thumb Code     2  stm32f1xx_it.o(.text.HardFault_Handler)
    Key_Tick                                 0x08003ef9   Thumb Code   156  key.o(.text.Key_Tick)
    MemManage_Handler                        0x08003f95   Thumb Code     2  stm32f1xx_it.o(.text.MemManage_Handler)
    Motor_Init                               0x08003f99   Thumb Code   116  motor.o(.text.Motor_Init)
    Motor_SetPWM                             0x0800400d   Thumb Code   110  motor.o(.text.Motor_SetPWM)
    NMI_Handler                              0x0800407d   Thumb Code     2  stm32f1xx_it.o(.text.NMI_Handler)
    OLED_Clear                               0x08004081   Thumb Code    20  oled.o(.text.OLED_Clear)
    OLED_GPIO_Init                           0x08004095   Thumb Code   174  oled.o(.text.OLED_GPIO_Init)
    OLED_I2C_SendByte                        0x08004145   Thumb Code    92  oled.o(.text.OLED_I2C_SendByte)
    OLED_Init                                0x080041a1   Thumb Code   206  oled.o(.text.OLED_Init)
    OLED_Printf                              0x08004271   Thumb Code    40  oled.o(.text.OLED_Printf)
    OLED_Reverse                             0x08004299   Thumb Code    48  oled.o(.text.OLED_Reverse)
    OLED_ShowImage                           0x080042c9   Thumb Code   298  oled.o(.text.OLED_ShowImage)
    OLED_ShowString                          0x080043f5   Thumb Code   478  oled.o(.text.OLED_ShowString)
    OLED_Update                              0x080045d5   Thumb Code    54  oled.o(.text.OLED_Update)
    OLED_WriteCommand                        0x0800460d   Thumb Code   178  oled.o(.text.OLED_WriteCommand)
    OLED_WriteData                           0x080046c1   Thumb Code   132  oled.o(.text.OLED_WriteData)
    PendSV_Handler                           0x08004745   Thumb Code     2  stm32f1xx_it.o(.text.PendSV_Handler)
    SVC_Handler                              0x08004749   Thumb Code     2  stm32f1xx_it.o(.text.SVC_Handler)
    SysTick_Handler                          0x0800474d   Thumb Code     4  stm32f1xx_it.o(.text.SysTick_Handler)
    SystemInit                               0x08004751   Thumb Code     2  system_stm32f1xx.o(.text.SystemInit)
    TIM1_UP_IRQHandler                       0x08004755   Thumb Code   106  main.o(.text.TIM1_UP_IRQHandler)
    TIM2_IRQHandler                          0x080047c1   Thumb Code    24  gtim.o(.text.TIM2_IRQHandler)
    TIM3_IRQHandler                          0x080047d9   Thumb Code    24  gtim.o(.text.TIM3_IRQHandler)
    TIM4_IRQHandler                          0x080047f1   Thumb Code    12  gtim.o(.text.TIM4_IRQHandler)
    TIM8_CC_IRQHandler                       0x080047fd   Thumb Code   392  atim.o(.text.TIM8_CC_IRQHandler)
    TIM_Base_SetConfig                       0x08004985   Thumb Code   206  stm32f1xx_hal_tim.o(.text.TIM_Base_SetConfig)
    Timer_Init                               0x08004a55   Thumb Code   108  atim.o(.text.Timer_Init)
    USART1_IRQHandler                        0x08004b49   Thumb Code    14  stm32f1xx_it.o(.text.USART1_IRQHandler)
    UsageFault_Handler                       0x08004b59   Thumb Code     2  stm32f1xx_it.o(.text.UsageFault_Handler)
    _sys_exit                                0x08004b5d   Thumb Code     2  usart.o(.text._sys_exit)
    adc_dma_enable                           0x08004b61   Thumb Code    66  adc.o(.text.adc_dma_enable)
    adc_dma_init                             0x08004ba5   Thumb Code   302  adc.o(.text.adc_dma_init)
    delay_init                               0x08004cd5   Thumb Code    12  delay.o(.text.delay_init)
    delay_ms                                 0x08004ce1   Thumb Code    66  delay.o(.text.delay_ms)
    fputc                                    0x08004d25   Thumb Code    24  usart.o(.text.fputc)
    gtim_timx_pwm_chy_init                   0x08004d3d   Thumb Code    78  gtim.o(.text.gtim_timx_pwm_chy_init)
    key_init                                 0x08004d8d   Thumb Code   148  key.o(.text.key_init)
    led_init                                 0x08004e21   Thumb Code    96  led.o(.text.led_init)
    main                                     0x08004e81   Thumb Code   144  main.o(.text.main)
    sys_intx_disable                         0x08004f1d   Thumb Code     4  sys.o(.text.sys_intx_disable)
    sys_intx_enable                          0x08004f21   Thumb Code     4  sys.o(.text.sys_intx_enable)
    sys_stm32_clock_init                     0x08004f25   Thumb Code    90  sys.o(.text.sys_stm32_clock_init)
    usart_init                               0x08004f81   Thumb Code    52  usart.o(.text.usart_init)
    _btod_d2e                                0x08004fb5   Thumb Code    62  btod.o(CL$$btod_d2e)
    _d2e_denorm_low                          0x08004ff3   Thumb Code    70  btod.o(CL$$btod_d2e_denorm_low)
    _d2e_norm_op1                            0x08005039   Thumb Code    96  btod.o(CL$$btod_d2e_norm_op1)
    __btod_div_common                        0x08005099   Thumb Code   696  btod.o(CL$$btod_div_common)
    _e2e                                     0x080053d1   Thumb Code   220  btod.o(CL$$btod_e2e)
    _btod_ediv                               0x080054ad   Thumb Code    42  btod.o(CL$$btod_ediv)
    _btod_emul                               0x080054d7   Thumb Code    42  btod.o(CL$$btod_emul)
    __btod_mult_common                       0x08005501   Thumb Code   580  btod.o(CL$$btod_mult_common)
    __ARM_fpclassify                         0x08005745   Thumb Code    40  fpclassify.o(i.__ARM_fpclassify)
    _is_digit                                0x0800576d   Thumb Code    14  __printf_wp.o(i._is_digit)
    _get_lc_numeric                          0x0800577d   Thumb Code    44  lc_numeric_c.o(locale$$code)
    _get_lc_ctype                            0x080057a9   Thumb Code    44  lc_ctype_c.o(locale$$code)
    _printf_fp_dec                           0x080057d5   Thumb Code     4  printf1.o(x$fpl$printf1)
    _printf_fp_hex                           0x080057d9   Thumb Code     4  printf2.o(x$fpl$printf2)
    __I$use$fp                               0x080057dc   Number         0  usenofp.o(x$fpl$usenofp)
    AHBPrescTable                            0x080058da   Data          16  system_stm32f1xx.o(.rodata.AHBPrescTable)
    APBPrescTable                            0x080058ea   Data           8  system_stm32f1xx.o(.rodata.APBPrescTable)
    OLED_CF16x16                             0x080058f2   Data         259  oled_data.o(.rodata.OLED_CF16x16)
    OLED_F6x8                                0x080059f5   Data         570  oled_data.o(.rodata.OLED_F6x8)
    OLED_F8x16                               0x08005c2f   Data        1520  oled_data.o(.rodata.OLED_F8x16)
    Region$$Table$$Base                      0x08006230   Number         0  anon$$obj.o(Region$$Table)
    Region$$Table$$Limit                     0x08006250   Number         0  anon$$obj.o(Region$$Table)
    __ctype                                  0x08006279   Data           0  lc_ctype_c.o(locale$$data)
    __ARM_use_no_argv                        0x20000000   Data           4  main.o(.ARM.use_no_argv)
    SystemCoreClock                          0x20000004   Data           4  system_stm32f1xx.o(.data.SystemCoreClock)
    USARTx                                   0x20000008   Data          16  usart.o(.data.USARTx)
    exit_bool                                0x20000018   Data           4  exti.o(.data.exit_bool)
    printf_USART                             0x2000001c   Data           4  usart.o(.data.printf_USART)
    uwTickFreq                               0x20000020   Data           1  stm32f1xx_hal.o(.data.uwTickFreq)
    uwTickPrio                               0x20000024   Data           4  stm32f1xx_hal.o(.data.uwTickPrio)
    __libspace_start                         0x20000028   Data          96  libspace.o(.bss)
    Encoder_ConfigStructure                  0x20000088   Data          36  encoder.o(.bss.Encoder_ConfigStructure)
    __temporary_stack_top$libspace           0x20000088   Data           0  libspace.o(.bss)
    Key_Num                                  0x200000ac   Data           1  key.o(.bss.Key_Num)
    OLED_DisplayBuf                          0x200000b0   Data        1024  oled.o(.bss.OLED_DisplayBuf)
    TIM_EncoderHandle                        0x200004b4   Data          72  encoder.o(.bss.TIM_EncoderHandle)
    __stdout                                 0x200004fc   Data          84  usart.o(.bss.__stdout)
    angle                                    0x20000550   Data           2  main.o(.bss.angle)
    g_adc1_handle                            0x20000554   Data          48  adc.o(.bss.g_adc1_handle)
    g_adc2_handle                            0x20000584   Data          48  adc.o(.bss.g_adc2_handle)
    g_adc_dma_handle                         0x200005b4   Data          48  adc.o(.bss.g_adc_dma_handle)
    g_adc_dma_sta                            0x200005e4   Data           1  adc.o(.bss.g_adc_dma_sta)
    g_dma_adc_handle                         0x200005e8   Data          68  adc.o(.bss.g_dma_adc_handle)
    g_dma_handle                             0x2000062c   Data          68  dma.o(.bss.g_dma_handle)
    g_rx_buffer                              0x20000674   Data           1  usart.o(.bss.g_rx_buffer)
    g_tim1_handle                            0x20000678   Data          72  atim.o(.bss.g_tim1_handle)
    g_tim2_handle                            0x200006c0   Data          72  gtim.o(.bss.g_tim2_handle)
    g_tim3_handle                            0x20000708   Data          72  gtim.o(.bss.g_tim3_handle)
    g_timx_cap_chy_handle                    0x20000750   Data          72  gtim.o(.bss.g_timx_cap_chy_handle)
    g_timx_pwm_chy_handle                    0x20000798   Data          72  gtim.o(.bss.g_timx_pwm_chy_handle)
    g_timx_pwmin_chy_handle                  0x200007e0   Data          72  atim.o(.bss.g_timx_pwmin_chy_handle)
    g_timxchy_cap_sta                        0x20000828   Data           1  gtim.o(.bss.g_timxchy_cap_sta)
    g_timxchy_cap_val                        0x2000082a   Data           2  gtim.o(.bss.g_timxchy_cap_val)
    g_timxchy_pwmin_cval                     0x2000082c   Data           4  atim.o(.bss.g_timxchy_pwmin_cval)
    g_timxchy_pwmin_hval                     0x20000830   Data           4  atim.o(.bss.g_timxchy_pwmin_hval)
    g_timxchy_pwmin_psc                      0x20000834   Data           2  atim.o(.bss.g_timxchy_pwmin_psc)
    g_timxchy_pwmin_sta                      0x20000836   Data           1  atim.o(.bss.g_timxchy_pwmin_sta)
    g_uart2_rx_buffer                        0x20000837   Data           1  usart.o(.bss.g_uart2_rx_buffer)
    g_uartx_handle                           0x20000838   Data         256  usart.o(.bss.g_uartx_handle)
    g_usart_rx_buf                           0x20000938   Data         200  usart.o(.bss.g_usart_rx_buf)
    g_usart_rx_sta                           0x20000a00   Data           2  usart.o(.bss.g_usart_rx_sta)
    uwTick                                   0x20000a04   Data           4  stm32f1xx_hal.o(.bss.uwTick)



==============================================================================

Memory Map of the image

  Image Entry point : 0x08000131

  Load Region LR_IROM1 (Base: 0x08000000, Size: 0x000063a8, Max: 0x00010000, ABSOLUTE)

    Execution Region ER_IROM1 (Exec base: 0x08000000, Load base: 0x08000000, Size: 0x0000637c, Max: 0x00010000, ABSOLUTE)

    Exec Addr    Load Addr    Size         Type   Attr      Idx    E Section Name        Object

    0x08000000   0x08000000   0x00000130   Data   RO            3    RESET               startup_stm32f103xe.o
    0x08000130   0x08000130   0x00000008   Code   RO         1389  * !!!main             c_w.l(__main.o)
    0x08000138   0x08000138   0x0000005c   Code   RO         1836    !!!scatter          c_w.l(__scatter.o)
    0x08000194   0x08000194   0x0000001a   Code   RO         1840    !!handler_copy      c_w.l(__scatter_copy.o)
    0x080001ae   0x080001ae   0x00000002   PAD
    0x080001b0   0x080001b0   0x00000002   Code   RO         1837    !!handler_null      c_w.l(__scatter.o)
    0x080001b2   0x080001b2   0x00000002   PAD
    0x080001b4   0x080001b4   0x0000001c   Code   RO         1842    !!handler_zi        c_w.l(__scatter_zi.o)
    0x080001d0   0x080001d0   0x00000000   Code   RO         1533    .ARM.Collect$$_printf_percent$$00000000  c_w.l(_printf_percent.o)
    0x080001d0   0x080001d0   0x00000006   Code   RO         1522    .ARM.Collect$$_printf_percent$$00000001  c_w.l(_printf_n.o)
    0x080001d6   0x080001d6   0x00000006   Code   RO         1524    .ARM.Collect$$_printf_percent$$00000002  c_w.l(_printf_p.o)
    0x080001dc   0x080001dc   0x00000006   Code   RO         1529    .ARM.Collect$$_printf_percent$$00000003  c_w.l(_printf_f.o)
    0x080001e2   0x080001e2   0x00000006   Code   RO         1530    .ARM.Collect$$_printf_percent$$00000004  c_w.l(_printf_e.o)
    0x080001e8   0x080001e8   0x00000006   Code   RO         1531    .ARM.Collect$$_printf_percent$$00000005  c_w.l(_printf_g.o)
    0x080001ee   0x080001ee   0x00000006   Code   RO         1532    .ARM.Collect$$_printf_percent$$00000006  c_w.l(_printf_a.o)
    0x080001f4   0x080001f4   0x0000000a   Code   RO         1537    .ARM.Collect$$_printf_percent$$00000007  c_w.l(_printf_ll.o)
    0x080001fe   0x080001fe   0x00000006   Code   RO         1526    .ARM.Collect$$_printf_percent$$00000008  c_w.l(_printf_i.o)
    0x08000204   0x08000204   0x00000006   Code   RO         1527    .ARM.Collect$$_printf_percent$$00000009  c_w.l(_printf_d.o)
    0x0800020a   0x0800020a   0x00000006   Code   RO         1528    .ARM.Collect$$_printf_percent$$0000000A  c_w.l(_printf_u.o)
    0x08000210   0x08000210   0x00000006   Code   RO         1525    .ARM.Collect$$_printf_percent$$0000000B  c_w.l(_printf_o.o)
    0x08000216   0x08000216   0x00000006   Code   RO         1523    .ARM.Collect$$_printf_percent$$0000000C  c_w.l(_printf_x.o)
    0x0800021c   0x0800021c   0x00000006   Code   RO         1534    .ARM.Collect$$_printf_percent$$0000000D  c_w.l(_printf_lli.o)
    0x08000222   0x08000222   0x00000006   Code   RO         1535    .ARM.Collect$$_printf_percent$$0000000E  c_w.l(_printf_lld.o)
    0x08000228   0x08000228   0x00000006   Code   RO         1536    .ARM.Collect$$_printf_percent$$0000000F  c_w.l(_printf_llu.o)
    0x0800022e   0x0800022e   0x00000006   Code   RO         1541    .ARM.Collect$$_printf_percent$$00000010  c_w.l(_printf_llo.o)
    0x08000234   0x08000234   0x00000006   Code   RO         1542    .ARM.Collect$$_printf_percent$$00000011  c_w.l(_printf_llx.o)
    0x0800023a   0x0800023a   0x0000000a   Code   RO         1538    .ARM.Collect$$_printf_percent$$00000012  c_w.l(_printf_l.o)
    0x08000244   0x08000244   0x00000006   Code   RO         1520    .ARM.Collect$$_printf_percent$$00000013  c_w.l(_printf_c.o)
    0x0800024a   0x0800024a   0x00000006   Code   RO         1521    .ARM.Collect$$_printf_percent$$00000014  c_w.l(_printf_s.o)
    0x08000250   0x08000250   0x00000006   Code   RO         1539    .ARM.Collect$$_printf_percent$$00000015  c_w.l(_printf_lc.o)
    0x08000256   0x08000256   0x00000006   Code   RO         1540    .ARM.Collect$$_printf_percent$$00000016  c_w.l(_printf_ls.o)
    0x0800025c   0x0800025c   0x00000004   Code   RO         1633    .ARM.Collect$$_printf_percent$$00000017  c_w.l(_printf_percent_end.o)
    0x08000260   0x08000260   0x00000002   Code   RO         1701    .ARM.Collect$$libinit$$00000000  c_w.l(libinit.o)
    0x08000262   0x08000262   0x00000000   Code   RO         1714    .ARM.Collect$$libinit$$00000002  c_w.l(libinit2.o)
    0x08000262   0x08000262   0x00000000   Code   RO         1716    .ARM.Collect$$libinit$$00000004  c_w.l(libinit2.o)
    0x08000262   0x08000262   0x00000000   Code   RO         1718    .ARM.Collect$$libinit$$00000006  c_w.l(libinit2.o)
    0x08000262   0x08000262   0x00000000   Code   RO         1721    .ARM.Collect$$libinit$$0000000C  c_w.l(libinit2.o)
    0x08000262   0x08000262   0x00000000   Code   RO         1723    .ARM.Collect$$libinit$$0000000E  c_w.l(libinit2.o)
    0x08000262   0x08000262   0x00000000   Code   RO         1725    .ARM.Collect$$libinit$$00000010  c_w.l(libinit2.o)
    0x08000262   0x08000262   0x00000006   Code   RO         1726    .ARM.Collect$$libinit$$00000011  c_w.l(libinit2.o)
    0x08000268   0x08000268   0x00000000   Code   RO         1728    .ARM.Collect$$libinit$$00000013  c_w.l(libinit2.o)
    0x08000268   0x08000268   0x0000000c   Code   RO         1729    .ARM.Collect$$libinit$$00000014  c_w.l(libinit2.o)
    0x08000274   0x08000274   0x00000000   Code   RO         1730    .ARM.Collect$$libinit$$00000015  c_w.l(libinit2.o)
    0x08000274   0x08000274   0x00000000   Code   RO         1732    .ARM.Collect$$libinit$$00000017  c_w.l(libinit2.o)
    0x08000274   0x08000274   0x0000000a   Code   RO         1733    .ARM.Collect$$libinit$$00000018  c_w.l(libinit2.o)
    0x0800027e   0x0800027e   0x00000000   Code   RO         1734    .ARM.Collect$$libinit$$00000019  c_w.l(libinit2.o)
    0x0800027e   0x0800027e   0x00000000   Code   RO         1736    .ARM.Collect$$libinit$$0000001B  c_w.l(libinit2.o)
    0x0800027e   0x0800027e   0x00000000   Code   RO         1738    .ARM.Collect$$libinit$$0000001D  c_w.l(libinit2.o)
    0x0800027e   0x0800027e   0x00000000   Code   RO         1740    .ARM.Collect$$libinit$$0000001F  c_w.l(libinit2.o)
    0x0800027e   0x0800027e   0x00000000   Code   RO         1742    .ARM.Collect$$libinit$$00000021  c_w.l(libinit2.o)
    0x0800027e   0x0800027e   0x00000000   Code   RO         1744    .ARM.Collect$$libinit$$00000023  c_w.l(libinit2.o)
    0x0800027e   0x0800027e   0x00000000   Code   RO         1746    .ARM.Collect$$libinit$$00000025  c_w.l(libinit2.o)
    0x0800027e   0x0800027e   0x00000000   Code   RO         1748    .ARM.Collect$$libinit$$00000027  c_w.l(libinit2.o)
    0x0800027e   0x0800027e   0x00000000   Code   RO         1752    .ARM.Collect$$libinit$$0000002E  c_w.l(libinit2.o)
    0x0800027e   0x0800027e   0x00000000   Code   RO         1754    .ARM.Collect$$libinit$$00000030  c_w.l(libinit2.o)
    0x0800027e   0x0800027e   0x00000000   Code   RO         1756    .ARM.Collect$$libinit$$00000032  c_w.l(libinit2.o)
    0x0800027e   0x0800027e   0x00000000   Code   RO         1758    .ARM.Collect$$libinit$$00000034  c_w.l(libinit2.o)
    0x0800027e   0x0800027e   0x00000002   Code   RO         1759    .ARM.Collect$$libinit$$00000035  c_w.l(libinit2.o)
    0x08000280   0x08000280   0x00000002   Code   RO         1783    .ARM.Collect$$libshutdown$$00000000  c_w.l(libshutdown.o)
    0x08000282   0x08000282   0x00000000   Code   RO         1791    .ARM.Collect$$libshutdown$$00000002  c_w.l(libshutdown2.o)
    0x08000282   0x08000282   0x00000000   Code   RO         1793    .ARM.Collect$$libshutdown$$00000004  c_w.l(libshutdown2.o)
    0x08000282   0x08000282   0x00000000   Code   RO         1796    .ARM.Collect$$libshutdown$$00000007  c_w.l(libshutdown2.o)
    0x08000282   0x08000282   0x00000000   Code   RO         1799    .ARM.Collect$$libshutdown$$0000000A  c_w.l(libshutdown2.o)
    0x08000282   0x08000282   0x00000000   Code   RO         1801    .ARM.Collect$$libshutdown$$0000000C  c_w.l(libshutdown2.o)
    0x08000282   0x08000282   0x00000000   Code   RO         1804    .ARM.Collect$$libshutdown$$0000000F  c_w.l(libshutdown2.o)
    0x08000282   0x08000282   0x00000002   Code   RO         1805    .ARM.Collect$$libshutdown$$00000010  c_w.l(libshutdown2.o)
    0x08000284   0x08000284   0x00000000   Code   RO         1447    .ARM.Collect$$rtentry$$00000000  c_w.l(__rtentry.o)
    0x08000284   0x08000284   0x00000000   Code   RO         1597    .ARM.Collect$$rtentry$$00000002  c_w.l(__rtentry2.o)
    0x08000284   0x08000284   0x00000006   Code   RO         1609    .ARM.Collect$$rtentry$$00000004  c_w.l(__rtentry4.o)
    0x0800028a   0x0800028a   0x00000000   Code   RO         1599    .ARM.Collect$$rtentry$$00000009  c_w.l(__rtentry2.o)
    0x0800028a   0x0800028a   0x00000004   Code   RO         1600    .ARM.Collect$$rtentry$$0000000A  c_w.l(__rtentry2.o)
    0x0800028e   0x0800028e   0x00000000   Code   RO         1602    .ARM.Collect$$rtentry$$0000000C  c_w.l(__rtentry2.o)
    0x0800028e   0x0800028e   0x00000008   Code   RO         1603    .ARM.Collect$$rtentry$$0000000D  c_w.l(__rtentry2.o)
    0x08000296   0x08000296   0x00000002   Code   RO         1706    .ARM.Collect$$rtexit$$00000000  c_w.l(rtexit.o)
    0x08000298   0x08000298   0x00000000   Code   RO         1763    .ARM.Collect$$rtexit$$00000002  c_w.l(rtexit2.o)
    0x08000298   0x08000298   0x00000004   Code   RO         1764    .ARM.Collect$$rtexit$$00000003  c_w.l(rtexit2.o)
    0x0800029c   0x0800029c   0x00000006   Code   RO         1765    .ARM.Collect$$rtexit$$00000004  c_w.l(rtexit2.o)
    0x080002a2   0x080002a2   0x00000002   PAD
    0x080002a4   0x080002a4   0x00000040   Code   RO            4    .text               startup_stm32f103xe.o
    0x080002e4   0x080002e4   0x00000002   Code   RO         1375    .text               c_w.l(use_no_semi_2.o)
    0x080002e6   0x080002e6   0x00000002   PAD
    0x080002e8   0x080002e8   0x00000024   Code   RO         1379    .text               c_w.l(vsprintf.o)
    0x0800030c   0x0800030c   0x0000002c   Code   RO         1381    .text               c_w.l(puts.o)
    0x08000338   0x08000338   0x0000004e   Code   RO         1383    .text               c_w.l(rt_memclr_w.o)
    0x08000386   0x08000386   0x00000002   PAD
    0x08000388   0x08000388   0x00000080   Code   RO         1385    .text               c_w.l(strcmpv7m.o)
    0x08000408   0x08000408   0x00000006   Code   RO         1387    .text               c_w.l(heapauxi.o)
    0x0800040e   0x0800040e   0x00000002   Code   RO         1445    .text               c_w.l(use_no_semi.o)
    0x08000410   0x08000410   0x0000004e   Code   RO         1452    .text               c_w.l(_printf_pad.o)
    0x0800045e   0x0800045e   0x00000024   Code   RO         1454    .text               c_w.l(_printf_truncate.o)
    0x08000482   0x08000482   0x00000052   Code   RO         1456    .text               c_w.l(_printf_str.o)
    0x080004d4   0x080004d4   0x00000078   Code   RO         1458    .text               c_w.l(_printf_dec.o)
    0x0800054c   0x0800054c   0x00000028   Code   RO         1460    .text               c_w.l(_printf_charcount.o)
    0x08000574   0x08000574   0x00000030   Code   RO         1462    .text               c_w.l(_printf_char_common.o)
    0x080005a4   0x080005a4   0x0000000a   Code   RO         1464    .text               c_w.l(_sputc.o)
    0x080005ae   0x080005ae   0x00000002   PAD
    0x080005b0   0x080005b0   0x000000bc   Code   RO         1468    .text               c_w.l(_printf_wctomb.o)
    0x0800066c   0x0800066c   0x0000007c   Code   RO         1471    .text               c_w.l(_printf_longlong_dec.o)
    0x080006e8   0x080006e8   0x00000070   Code   RO         1477    .text               c_w.l(_printf_oct_int_ll.o)
    0x08000758   0x08000758   0x00000094   Code   RO         1497    .text               c_w.l(_printf_hex_int_ll_ptr.o)
    0x080007ec   0x080007ec   0x00000188   Code   RO         1517    .text               c_w.l(__printf_flags_ss_wp.o)
    0x08000974   0x08000974   0x0000008a   Code   RO         1616    .text               c_w.l(lludiv10.o)
    0x080009fe   0x080009fe   0x000000b2   Code   RO         1618    .text               c_w.l(_printf_intcommon.o)
    0x08000ab0   0x08000ab0   0x0000041c   Code   RO         1620    .text               c_w.l(_printf_fp_dec.o)
    0x08000ecc   0x08000ecc   0x000002fc   Code   RO         1624    .text               c_w.l(_printf_fp_hex.o)
    0x080011c8   0x080011c8   0x0000002c   Code   RO         1629    .text               c_w.l(_printf_char.o)
    0x080011f4   0x080011f4   0x0000002c   Code   RO         1631    .text               c_w.l(_printf_wchar.o)
    0x08001220   0x08001220   0x00000048   Code   RO         1638    .text               c_w.l(_c16rtomb.o)
    0x08001268   0x08001268   0x00000008   Code   RO         1650    .text               c_w.l(libspace.o)
    0x08001270   0x08001270   0x0000004a   Code   RO         1653    .text               c_w.l(sys_stackheap_outer.o)
    0x080012ba   0x080012ba   0x00000002   PAD
    0x080012bc   0x080012bc   0x00000010   Code   RO         1655    .text               c_w.l(rt_ctype_table.o)
    0x080012cc   0x080012cc   0x00000008   Code   RO         1660    .text               c_w.l(rt_locale_intlibspace.o)
    0x080012d4   0x080012d4   0x00000080   Code   RO         1662    .text               c_w.l(_printf_fp_infnan.o)
    0x08001354   0x08001354   0x000000e4   Code   RO         1664    .text               c_w.l(bigflt0.o)
    0x08001438   0x08001438   0x00000012   Code   RO         1694    .text               c_w.l(exit.o)
    0x0800144a   0x0800144a   0x00000002   PAD
    0x0800144c   0x0800144c   0x00000040   Code   RO         1300    .text.ADC1_2_IRQHandler  adc.o
    0x0800148c   0x0800148c   0x00000112   Code   RO         1296    .text.ADC2_Init     adc.o
    0x0800159e   0x0800159e   0x00000002   PAD
    0x080015a0   0x080015a0   0x00000046   Code   RO          945    .text.ADC_ConversionStop_Disable  stm32f1xx_hal_adc.o
    0x080015e6   0x080015e6   0x00000002   PAD
    0x080015e8   0x080015e8   0x00000050   Code   RO          967    .text.ADC_DMAConvCplt  stm32f1xx_hal_adc.o
    0x08001638   0x08001638   0x00000016   Code   RO          971    .text.ADC_DMAError  stm32f1xx_hal_adc.o
    0x0800164e   0x0800164e   0x00000002   PAD
    0x08001650   0x08001650   0x00000006   Code   RO          969    .text.ADC_DMAHalfConvCplt  stm32f1xx_hal_adc.o
    0x08001656   0x08001656   0x00000002   PAD
    0x08001658   0x08001658   0x0000007c   Code   RO          953    .text.ADC_Enable    stm32f1xx_hal_adc.o
    0x080016d4   0x080016d4   0x00000002   Code   RO           17    .text.BusFault_Handler  stm32f1xx_it.o
    0x080016d6   0x080016d6   0x00000002   PAD
    0x080016d8   0x080016d8   0x00000026   Code   RO         1294    .text.DMA1_Channel1_IRQHandler  adc.o
    0x080016fe   0x080016fe   0x00000002   PAD
    0x08001700   0x08001700   0x00000020   Code   RO         1332    .text.DMA1_Channel4_IRQHandler  dma.o
    0x08001720   0x08001720   0x00000002   Code   RO           23    .text.DebugMon_Handler  stm32f1xx_it.o
    0x08001722   0x08001722   0x00000002   PAD
    0x08001724   0x08001724   0x0000003c   Code   RO         1043    .text.EXTI0_IRQHandler  exti.o
    0x08001760   0x08001760   0x00000048   Code   RO         1041    .text.EXTI3_IRQHandler  exti.o
    0x080017a8   0x080017a8   0x00000038   Code   RO         1039    .text.EXTI4_IRQHandler  exti.o
    0x080017e0   0x080017e0   0x000000e2   Code   RO         1360    .text.Encoder_Init  encoder.o
    0x080018c2   0x080018c2   0x00000002   PAD
    0x080018c4   0x080018c4   0x000000ca   Code   RO         1003    .text.HAL_ADCEx_Calibration_Start  stm32f1xx_hal_adc_ex.o
    0x0800198e   0x0800198e   0x00000002   PAD
    0x08001990   0x08001990   0x00000002   Code   RO         1023    .text.HAL_ADCEx_InjectedConvCpltCallback  stm32f1xx_hal_adc_ex.o
    0x08001992   0x08001992   0x00000002   PAD
    0x08001994   0x08001994   0x0000010e   Code   RO          987    .text.HAL_ADC_ConfigChannel  stm32f1xx_hal_adc.o
    0x08001aa2   0x08001aa2   0x00000002   PAD
    0x08001aa4   0x08001aa4   0x00000002   Code   RO         1298    .text.HAL_ADC_ConvCpltCallback  adc.o
    0x08001aa6   0x08001aa6   0x00000002   PAD
    0x08001aa8   0x08001aa8   0x00000002   Code   RO          983    .text.HAL_ADC_ConvHalfCpltCallback  stm32f1xx_hal_adc.o
    0x08001aaa   0x08001aaa   0x00000002   PAD
    0x08001aac   0x08001aac   0x00000002   Code   RO          985    .text.HAL_ADC_ErrorCallback  stm32f1xx_hal_adc.o
    0x08001aae   0x08001aae   0x00000002   PAD
    0x08001ab0   0x08001ab0   0x000000fa   Code   RO          977    .text.HAL_ADC_IRQHandler  stm32f1xx_hal_adc.o
    0x08001baa   0x08001baa   0x00000002   PAD
    0x08001bac   0x08001bac   0x0000015e   Code   RO          941    .text.HAL_ADC_Init  stm32f1xx_hal_adc.o
    0x08001d0a   0x08001d0a   0x00000002   PAD
    0x08001d0c   0x08001d0c   0x00000002   Code   RO          981    .text.HAL_ADC_LevelOutOfWindowCallback  stm32f1xx_hal_adc.o
    0x08001d0e   0x08001d0e   0x00000002   PAD
    0x08001d10   0x08001d10   0x00000078   Code   RO         1280    .text.HAL_ADC_MspInit  adc.o
    0x08001d88   0x08001d88   0x000001ba   Code   RO          965    .text.HAL_ADC_Start_DMA  stm32f1xx_hal_adc.o
    0x08001f42   0x08001f42   0x00000002   PAD
    0x08001f44   0x08001f44   0x0000015c   Code   RO          961    .text.HAL_ADC_Start_IT  stm32f1xx_hal_adc.o
    0x080020a0   0x080020a0   0x00000120   Code   RO          276    .text.HAL_DMA_Abort_IT  stm32f1xx_hal_dma.o
    0x080021c0   0x080021c0   0x00000276   Code   RO          280    .text.HAL_DMA_IRQHandler  stm32f1xx_hal_dma.o
    0x08002436   0x08002436   0x00000002   PAD
    0x08002438   0x08002438   0x0000008c   Code   RO          266    .text.HAL_DMA_Init  stm32f1xx_hal_dma.o
    0x080024c4   0x080024c4   0x0000009c   Code   RO          272    .text.HAL_DMA_Start_IT  stm32f1xx_hal_dma.o
    0x08002560   0x08002560   0x00000002   Code   RO         1045    .text.HAL_GPIO_EXTI_Callback  exti.o
    0x08002562   0x08002562   0x00000002   PAD
    0x08002564   0x08002564   0x00000016   Code   RO          310    .text.HAL_GPIO_EXTI_IRQHandler  stm32f1xx_hal_gpio.o
    0x0800257a   0x0800257a   0x00000002   PAD
    0x0800257c   0x0800257c   0x000001da   Code   RO          298    .text.HAL_GPIO_Init  stm32f1xx_hal_gpio.o
    0x08002756   0x08002756   0x00000002   PAD
    0x08002758   0x08002758   0x0000000a   Code   RO          302    .text.HAL_GPIO_ReadPin  stm32f1xx_hal_gpio.o
    0x08002762   0x08002762   0x00000002   PAD
    0x08002764   0x08002764   0x00000010   Code   RO          306    .text.HAL_GPIO_TogglePin  stm32f1xx_hal_gpio.o
    0x08002774   0x08002774   0x0000000a   Code   RO          304    .text.HAL_GPIO_WritePin  stm32f1xx_hal_gpio.o
    0x0800277e   0x0800277e   0x00000002   PAD
    0x08002780   0x08002780   0x0000000c   Code   RO          177    .text.HAL_GetTick   stm32f1xx_hal.o
    0x0800278c   0x0800278c   0x0000001a   Code   RO          175    .text.HAL_IncTick   stm32f1xx_hal.o
    0x080027a6   0x080027a6   0x00000002   PAD
    0x080027a8   0x080027a8   0x00000026   Code   RO          165    .text.HAL_Init      stm32f1xx_hal.o
    0x080027ce   0x080027ce   0x00000002   PAD
    0x080027d0   0x080027d0   0x00000050   Code   RO          167    .text.HAL_InitTick  stm32f1xx_hal.o
    0x08002820   0x08002820   0x00000002   Code   RO          169    .text.HAL_MspInit   stm32f1xx_hal.o
    0x08002822   0x08002822   0x00000002   PAD
    0x08002824   0x08002824   0x00000022   Code   RO          230    .text.HAL_NVIC_EnableIRQ  stm32f1xx_hal_cortex.o
    0x08002846   0x08002846   0x00000002   PAD
    0x08002848   0x08002848   0x00000056   Code   RO          228    .text.HAL_NVIC_SetPriority  stm32f1xx_hal_cortex.o
    0x0800289e   0x0800289e   0x00000002   PAD
    0x080028a0   0x080028a0   0x00000020   Code   RO          226    .text.HAL_NVIC_SetPriorityGrouping  stm32f1xx_hal_cortex.o
    0x080028c0   0x080028c0   0x00000110   Code   RO          378    .text.HAL_RCCEx_GetPeriphCLKFreq  stm32f1xx_hal_rcc_ex.o
    0x080029d0   0x080029d0   0x000000fe   Code   RO          374    .text.HAL_RCCEx_PeriphCLKConfig  stm32f1xx_hal_rcc_ex.o
    0x08002ace   0x08002ace   0x00000002   PAD
    0x08002ad0   0x08002ad0   0x000001b2   Code   RO          340    .text.HAL_RCC_ClockConfig  stm32f1xx_hal_rcc.o
    0x08002c82   0x08002c82   0x00000002   PAD
    0x08002c84   0x08002c84   0x00000026   Code   RO          352    .text.HAL_RCC_GetPCLK1Freq  stm32f1xx_hal_rcc.o
    0x08002caa   0x08002caa   0x00000002   PAD
    0x08002cac   0x08002cac   0x00000026   Code   RO          354    .text.HAL_RCC_GetPCLK2Freq  stm32f1xx_hal_rcc.o
    0x08002cd2   0x08002cd2   0x00000002   PAD
    0x08002cd4   0x08002cd4   0x00000056   Code   RO          342    .text.HAL_RCC_GetSysClockFreq  stm32f1xx_hal_rcc.o
    0x08002d2a   0x08002d2a   0x00000002   PAD
    0x08002d2c   0x08002d2c   0x00000338   Code   RO          338    .text.HAL_RCC_OscConfig  stm32f1xx_hal_rcc.o
    0x08003064   0x08003064   0x0000002c   Code   RO          238    .text.HAL_SYSTICK_Config  stm32f1xx_hal_cortex.o
    0x08003090   0x08003090   0x00000002   Code   RO          883    .text.HAL_TIMEx_BreakCallback  stm32f1xx_hal_tim_ex.o
    0x08003092   0x08003092   0x00000002   PAD
    0x08003094   0x08003094   0x00000002   Code   RO          879    .text.HAL_TIMEx_CommutCallback  stm32f1xx_hal_tim_ex.o
    0x08003096   0x08003096   0x00000002   PAD
    0x08003098   0x08003098   0x0000005a   Code   RO          578    .text.HAL_TIM_Base_Init  stm32f1xx_hal_tim.o
    0x080030f2   0x080030f2   0x00000002   PAD
    0x080030f4   0x080030f4   0x00000002   Code   RO          580    .text.HAL_TIM_Base_MspInit  stm32f1xx_hal_tim.o
    0x080030f6   0x080030f6   0x00000002   PAD
    0x080030f8   0x080030f8   0x00000086   Code   RO          592    .text.HAL_TIM_Base_Start_IT  stm32f1xx_hal_tim.o
    0x0800317e   0x0800317e   0x00000002   PAD
    0x08003180   0x08003180   0x000000b2   Code   RO          692    .text.HAL_TIM_Encoder_Init  stm32f1xx_hal_tim.o
    0x08003232   0x08003232   0x00000002   PAD
    0x08003234   0x08003234   0x00000002   Code   RO          694    .text.HAL_TIM_Encoder_MspInit  stm32f1xx_hal_tim.o
    0x08003236   0x08003236   0x00000002   PAD
    0x08003238   0x08003238   0x000000bc   Code   RO          700    .text.HAL_TIM_Encoder_Start  stm32f1xx_hal_tim.o
    0x080032f4   0x080032f4   0x00000092   Code   RO         1221    .text.HAL_TIM_IC_CaptureCallback  gtim.o
    0x08003386   0x08003386   0x00000002   PAD
    0x08003388   0x08003388   0x0000016a   Code   RO          712    .text.HAL_TIM_IRQHandler  stm32f1xx_hal_tim.o
    0x080034f2   0x080034f2   0x00000002   PAD
    0x080034f4   0x080034f4   0x00000002   Code   RO          716    .text.HAL_TIM_OC_DelayElapsedCallback  stm32f1xx_hal_tim.o
    0x080034f6   0x080034f6   0x00000002   PAD
    0x080034f8   0x080034f8   0x00000252   Code   RO          732    .text.HAL_TIM_PWM_ConfigChannel  stm32f1xx_hal_tim.o
    0x0800374a   0x0800374a   0x00000002   PAD
    0x0800374c   0x0800374c   0x0000005a   Code   RO          632    .text.HAL_TIM_PWM_Init  stm32f1xx_hal_tim.o
    0x080037a6   0x080037a6   0x00000002   PAD
    0x080037a8   0x080037a8   0x00000088   Code   RO         1213    .text.HAL_TIM_PWM_MspInit  gtim.o
    0x08003830   0x08003830   0x00000002   Code   RO          718    .text.HAL_TIM_PWM_PulseFinishedCallback  stm32f1xx_hal_tim.o
    0x08003832   0x08003832   0x00000002   PAD
    0x08003834   0x08003834   0x000000e2   Code   RO          640    .text.HAL_TIM_PWM_Start  stm32f1xx_hal_tim.o
    0x08003916   0x08003916   0x00000002   PAD
    0x08003918   0x08003918   0x0000005c   Code   RO         1223    .text.HAL_TIM_PeriodElapsedCallback  gtim.o
    0x08003974   0x08003974   0x00000016   Code   RO          768    .text.HAL_TIM_ReadCapturedValue  stm32f1xx_hal_tim.o
    0x0800398a   0x0800398a   0x00000002   PAD
    0x0800398c   0x0800398c   0x00000002   Code   RO          722    .text.HAL_TIM_TriggerCallback  stm32f1xx_hal_tim.o
    0x0800398e   0x0800398e   0x00000002   PAD
    0x08003990   0x08003990   0x00000002   Code   RO          462    .text.HAL_UART_ErrorCallback  stm32f1xx_hal_uart.o
    0x08003992   0x08003992   0x00000002   PAD
    0x08003994   0x08003994   0x00000182   Code   RO          456    .text.HAL_UART_IRQHandler  stm32f1xx_hal_uart.o
    0x08003b16   0x08003b16   0x00000002   PAD
    0x08003b18   0x08003b18   0x000000de   Code   RO          388    .text.HAL_UART_Init  stm32f1xx_hal_uart.o
    0x08003bf6   0x08003bf6   0x00000002   PAD
    0x08003bf8   0x08003bf8   0x000000b2   Code   RO          143    .text.HAL_UART_MspInit  usart.o
    0x08003caa   0x08003caa   0x00000002   PAD
    0x08003cac   0x08003cac   0x00000054   Code   RO          408    .text.HAL_UART_Receive_IT  stm32f1xx_hal_uart.o
    0x08003d00   0x08003d00   0x000000ba   Code   RO          145    .text.HAL_UART_RxCpltCallback  usart.o
    0x08003dba   0x08003dba   0x00000002   PAD
    0x08003dbc   0x08003dbc   0x00000132   Code   RO          402    .text.HAL_UART_Transmit  stm32f1xx_hal_uart.o
    0x08003eee   0x08003eee   0x00000002   PAD
    0x08003ef0   0x08003ef0   0x00000002   Code   RO          464    .text.HAL_UART_TxCpltCallback  stm32f1xx_hal_uart.o
    0x08003ef2   0x08003ef2   0x00000002   PAD
    0x08003ef4   0x08003ef4   0x00000002   Code   RO           13    .text.HardFault_Handler  stm32f1xx_it.o
    0x08003ef6   0x08003ef6   0x00000002   PAD
    0x08003ef8   0x08003ef8   0x0000009c   Code   RO         1063    .text.Key_Tick      key.o
    0x08003f94   0x08003f94   0x00000002   Code   RO           15    .text.MemManage_Handler  stm32f1xx_it.o
    0x08003f96   0x08003f96   0x00000002   PAD
    0x08003f98   0x08003f98   0x00000074   Code   RO         1344    .text.Motor_Init    motor.o
    0x0800400c   0x0800400c   0x0000006e   Code   RO         1346    .text.Motor_SetPWM  motor.o
    0x0800407a   0x0800407a   0x00000002   PAD
    0x0800407c   0x0800407c   0x00000002   Code   RO           11    .text.NMI_Handler   stm32f1xx_it.o
    0x0800407e   0x0800407e   0x00000002   PAD
    0x08004080   0x08004080   0x00000014   Code   RO         1131    .text.OLED_Clear    oled.o
    0x08004094   0x08004094   0x000000ae   Code   RO         1117    .text.OLED_GPIO_Init  oled.o
    0x08004142   0x08004142   0x00000002   PAD
    0x08004144   0x08004144   0x0000005c   Code   RO         1123    .text.OLED_I2C_SendByte  oled.o
    0x080041a0   0x080041a0   0x000000ce   Code   RO         1129    .text.OLED_Init     oled.o
    0x0800426e   0x0800426e   0x00000002   PAD
    0x08004270   0x08004270   0x00000028   Code   RO         1167    .text.OLED_Printf   oled.o
    0x08004298   0x08004298   0x00000030   Code   RO         1147    .text.OLED_Reverse  oled.o
    0x080042c8   0x080042c8   0x0000012a   Code   RO         1153    .text.OLED_ShowImage  oled.o
    0x080043f2   0x080043f2   0x00000002   PAD
    0x080043f4   0x080043f4   0x000001de   Code   RO         1155    .text.OLED_ShowString  oled.o
    0x080045d2   0x080045d2   0x00000002   PAD
    0x080045d4   0x080045d4   0x00000036   Code   RO         1133    .text.OLED_Update   oled.o
    0x0800460a   0x0800460a   0x00000002   PAD
    0x0800460c   0x0800460c   0x000000b2   Code   RO         1125    .text.OLED_WriteCommand  oled.o
    0x080046be   0x080046be   0x00000002   PAD
    0x080046c0   0x080046c0   0x00000084   Code   RO         1127    .text.OLED_WriteData  oled.o
    0x08004744   0x08004744   0x00000002   Code   RO           25    .text.PendSV_Handler  stm32f1xx_it.o
    0x08004746   0x08004746   0x00000002   PAD
    0x08004748   0x08004748   0x00000002   Code   RO           21    .text.SVC_Handler   stm32f1xx_it.o
    0x0800474a   0x0800474a   0x00000002   PAD
    0x0800474c   0x0800474c   0x00000004   Code   RO           27    .text.SysTick_Handler  stm32f1xx_it.o
    0x08004750   0x08004750   0x00000002   Code   RO           57    .text.SystemInit    system_stm32f1xx.o
    0x08004752   0x08004752   0x00000002   PAD
    0x08004754   0x08004754   0x0000006a   Code   RO           40    .text.TIM1_UP_IRQHandler  main.o
    0x080047be   0x080047be   0x00000002   PAD
    0x080047c0   0x080047c0   0x00000018   Code   RO         1209    .text.TIM2_IRQHandler  gtim.o
    0x080047d8   0x080047d8   0x00000018   Code   RO         1207    .text.TIM3_IRQHandler  gtim.o
    0x080047f0   0x080047f0   0x0000000c   Code   RO         1219    .text.TIM4_IRQHandler  gtim.o
    0x080047fc   0x080047fc   0x00000188   Code   RO         1255    .text.TIM8_CC_IRQHandler  atim.o
    0x08004984   0x08004984   0x000000ce   Code   RO          582    .text.TIM_Base_SetConfig  stm32f1xx_hal_tim.o
    0x08004a52   0x08004a52   0x00000002   PAD
    0x08004a54   0x08004a54   0x0000006c   Code   RO         1257    .text.Timer_Init    atim.o
    0x08004ac0   0x08004ac0   0x0000000c   Code   RO          460    .text.UART_DMAAbortOnError  stm32f1xx_hal_uart.o
    0x08004acc   0x08004acc   0x0000007c   Code   RO          458    .text.UART_Receive_IT  stm32f1xx_hal_uart.o
    0x08004b48   0x08004b48   0x0000000e   Code   RO           29    .text.USART1_IRQHandler  stm32f1xx_it.o
    0x08004b56   0x08004b56   0x00000002   PAD
    0x08004b58   0x08004b58   0x00000002   Code   RO           19    .text.UsageFault_Handler  stm32f1xx_it.o
    0x08004b5a   0x08004b5a   0x00000002   PAD
    0x08004b5c   0x08004b5c   0x00000002   Code   RO          135    .text._sys_exit     usart.o
    0x08004b5e   0x08004b5e   0x00000002   PAD
    0x08004b60   0x08004b60   0x00000042   Code   RO         1292    .text.adc_dma_enable  adc.o
    0x08004ba2   0x08004ba2   0x00000002   PAD
    0x08004ba4   0x08004ba4   0x0000012e   Code   RO         1288    .text.adc_dma_init  adc.o
    0x08004cd2   0x08004cd2   0x00000002   PAD
    0x08004cd4   0x08004cd4   0x0000000c   Code   RO           90    .text.delay_init    delay.o
    0x08004ce0   0x08004ce0   0x00000042   Code   RO           94    .text.delay_ms      delay.o
    0x08004d22   0x08004d22   0x00000002   PAD
    0x08004d24   0x08004d24   0x00000018   Code   RO          139    .text.fputc         usart.o
    0x08004d3c   0x08004d3c   0x0000004e   Code   RO         1211    .text.gtim_timx_pwm_chy_init  gtim.o
    0x08004d8a   0x08004d8a   0x00000002   PAD
    0x08004d8c   0x08004d8c   0x00000094   Code   RO         1057    .text.key_init      key.o
    0x08004e20   0x08004e20   0x00000060   Code   RO         1077    .text.led_init      led.o
    0x08004e80   0x08004e80   0x0000009c   Code   RO           38    .text.main          main.o
    0x08004f1c   0x08004f1c   0x00000004   Code   RO          111    .text.sys_intx_disable  sys.o
    0x08004f20   0x08004f20   0x00000004   Code   RO          113    .text.sys_intx_enable  sys.o
    0x08004f24   0x08004f24   0x0000005a   Code   RO          123    .text.sys_stm32_clock_init  sys.o
    0x08004f7e   0x08004f7e   0x00000002   PAD
    0x08004f80   0x08004f80   0x00000034   Code   RO          141    .text.usart_init    usart.o
    0x08004fb4   0x08004fb4   0x0000003e   Code   RO         1667    CL$$btod_d2e        c_w.l(btod.o)
    0x08004ff2   0x08004ff2   0x00000046   Code   RO         1669    CL$$btod_d2e_denorm_low  c_w.l(btod.o)
    0x08005038   0x08005038   0x00000060   Code   RO         1668    CL$$btod_d2e_norm_op1  c_w.l(btod.o)
    0x08005098   0x08005098   0x00000338   Code   RO         1677    CL$$btod_div_common  c_w.l(btod.o)
    0x080053d0   0x080053d0   0x000000dc   Code   RO         1674    CL$$btod_e2e        c_w.l(btod.o)
    0x080054ac   0x080054ac   0x0000002a   Code   RO         1671    CL$$btod_ediv       c_w.l(btod.o)
    0x080054d6   0x080054d6   0x0000002a   Code   RO         1670    CL$$btod_emul       c_w.l(btod.o)
    0x08005500   0x08005500   0x00000244   Code   RO         1676    CL$$btod_mult_common  c_w.l(btod.o)
    0x08005744   0x08005744   0x00000028   Code   RO         1646    i.__ARM_fpclassify  m_ws.l(fpclassify.o)
    0x0800576c   0x0800576c   0x0000000e   Code   RO         1510    i._is_digit         c_w.l(__printf_wp.o)
    0x0800577a   0x0800577a   0x00000002   PAD
    0x0800577c   0x0800577c   0x0000002c   Code   RO         1692    locale$$code        c_w.l(lc_numeric_c.o)
    0x080057a8   0x080057a8   0x0000002c   Code   RO         1711    locale$$code        c_w.l(lc_ctype_c.o)
    0x080057d4   0x080057d4   0x00000004   Code   RO         1567    x$fpl$printf1       fz_ws.l(printf1.o)
    0x080057d8   0x080057d8   0x00000004   Code   RO         1569    x$fpl$printf2       fz_ws.l(printf2.o)
    0x080057dc   0x080057dc   0x00000000   Code   RO         1575    x$fpl$usenofp       fz_ws.l(usenofp.o)
    0x080057dc   0x080057dc   0x00000008   Data   RO         1469    .constdata          c_w.l(_printf_wctomb.o)
    0x080057e4   0x080057e4   0x00000028   Data   RO         1498    .constdata          c_w.l(_printf_hex_int_ll_ptr.o)
    0x0800580c   0x0800580c   0x00000011   Data   RO         1518    .constdata          c_w.l(__printf_flags_ss_wp.o)
    0x0800581d   0x0800581d   0x00000026   Data   RO         1625    .constdata          c_w.l(_printf_fp_hex.o)
    0x08005843   0x08005843   0x00000001   PAD
    0x08005844   0x08005844   0x00000094   Data   RO         1665    .constdata          c_w.l(bigflt0.o)
    0x080058d8   0x080058d8   0x00000002   Data   RO          365    .rodata..L__const.HAL_RCC_GetSysClockFreq.aPredivFactorTable  stm32f1xx_hal_rcc.o
    0x080058da   0x080058da   0x00000010   Data   RO           62    .rodata.AHBPrescTable  system_stm32f1xx.o
    0x080058ea   0x080058ea   0x00000008   Data   RO           63    .rodata.APBPrescTable  system_stm32f1xx.o
    0x080058f2   0x080058f2   0x00000103   Data   RO         1196    .rodata.OLED_CF16x16  oled_data.o
    0x080059f5   0x080059f5   0x0000023a   Data   RO         1195    .rodata.OLED_F6x8   oled_data.o
    0x08005c2f   0x08005c2f   0x000005f0   Data   RO         1194    .rodata.OLED_F8x16  oled_data.o
    0x0800621f   0x0800621f   0x00000010   Data   RO          364    .rodata.cst16       stm32f1xx_hal_rcc.o
    0x0800622f   0x0800622f   0x00000001   PAD
    0x08006230   0x08006230   0x00000020   Data   RO         1835    Region$$Table       anon$$obj.o
    0x08006250   0x08006250   0x0000001c   Data   RO         1691    locale$$data        c_w.l(lc_numeric_c.o)
    0x0800626c   0x0800626c   0x00000110   Data   RO         1710    locale$$data        c_w.l(lc_ctype_c.o)


    Execution Region RW_IRAM1 (Exec base: 0x20000000, Load base: 0x08006380, Size: 0x00001008, Max: 0x00005000, ABSOLUTE)

    Exec Addr    Load Addr    Size         Type   Attr      Idx    E Section Name        Object

    0x20000000   0x08006380   0x00000004   Data   RW           48    .ARM.use_no_argv    main.o
    0x20000004   0x08006384   0x00000004   Data   RW           61    .data.SystemCoreClock  system_stm32f1xx.o
    0x20000008   0x08006388   0x00000010   Data   RW          151    .data.USARTx        usart.o
    0x20000018   0x08006398   0x00000004   Data   RW         1049    .data.exit_bool     exti.o
    0x2000001c   0x0800639c   0x00000004   Data   RW          149    .data.printf_USART  usart.o
    0x20000020   0x080063a0   0x00000001   Data   RW          216    .data.uwTickFreq    stm32f1xx_hal.o
    0x20000021   0x080063a1   0x00000003   PAD
    0x20000024   0x080063a4   0x00000004   Data   RW          215    .data.uwTickPrio    stm32f1xx_hal.o
    0x20000028        -       0x00000060   Zero   RW         1651    .bss                c_w.l(libspace.o)
    0x20000088        -       0x00000024   Zero   RW         1365    .bss.Encoder_ConfigStructure  encoder.o
    0x200000ac        -       0x00000001   Zero   RW         1065    .bss.Key_Num        key.o
    0x200000ad        -       0x00000001   Zero   RW         1066    .bss.Key_Tick.Count  key.o
    0x200000ae        -       0x00000001   Zero   RW         1067    .bss.Key_Tick.CurrState  key.o
    0x200000af        -       0x00000001   Zero   RW         1068    .bss.Key_Tick.PrevState  key.o
    0x200000b0        -       0x00000400   Zero   RW         1185    .bss.OLED_DisplayBuf  oled.o
    0x200004b0        -       0x00000001   Zero   RW           45    .bss.TIM1_UP_IRQHandler.count  main.o
    0x200004b1   0x080063a8   0x00000003   PAD
    0x200004b4        -       0x00000048   Zero   RW         1364    .bss.TIM_EncoderHandle  encoder.o
    0x200004fc        -       0x00000054   Zero   RW          156    .bss.__stdout       usart.o
    0x20000550        -       0x00000002   Zero   RW           44    .bss.angle          main.o
    0x20000552        -       0x00000001   Zero   RW         1269    .bss.atim_timx_pwmin_chy_process.sflag  atim.o
    0x20000553   0x080063a8   0x00000001   PAD
    0x20000554        -       0x00000030   Zero   RW         1311    .bss.g_adc1_handle  adc.o
    0x20000584        -       0x00000030   Zero   RW         1310    .bss.g_adc2_handle  adc.o
    0x200005b4        -       0x00000030   Zero   RW         1306    .bss.g_adc_dma_handle  adc.o
    0x200005e4        -       0x00000001   Zero   RW         1307    .bss.g_adc_dma_sta  adc.o
    0x200005e5   0x080063a8   0x00000003   PAD
    0x200005e8        -       0x00000044   Zero   RW         1305    .bss.g_dma_adc_handle  adc.o
    0x2000062c        -       0x00000044   Zero   RW         1334    .bss.g_dma_handle   dma.o
    0x20000670        -       0x00000004   Zero   RW           98    .bss.g_fac_us       delay.o
    0x20000674        -       0x00000001   Zero   RW          153    .bss.g_rx_buffer    usart.o
    0x20000675   0x080063a8   0x00000003   PAD
    0x20000678        -       0x00000048   Zero   RW         1268    .bss.g_tim1_handle  atim.o
    0x200006c0        -       0x00000048   Zero   RW         1226    .bss.g_tim2_handle  gtim.o
    0x20000708        -       0x00000048   Zero   RW         1225    .bss.g_tim3_handle  gtim.o
    0x20000750        -       0x00000048   Zero   RW         1228    .bss.g_timx_cap_chy_handle  gtim.o
    0x20000798        -       0x00000048   Zero   RW         1227    .bss.g_timx_pwm_chy_handle  gtim.o
    0x200007e0        -       0x00000048   Zero   RW         1267    .bss.g_timx_pwmin_chy_handle  atim.o
    0x20000828        -       0x00000001   Zero   RW         1229    .bss.g_timxchy_cap_sta  gtim.o
    0x20000829   0x080063a8   0x00000001   PAD
    0x2000082a        -       0x00000002   Zero   RW         1230    .bss.g_timxchy_cap_val  gtim.o
    0x2000082c        -       0x00000004   Zero   RW         1266    .bss.g_timxchy_pwmin_cval  atim.o
    0x20000830        -       0x00000004   Zero   RW         1265    .bss.g_timxchy_pwmin_hval  atim.o
    0x20000834        -       0x00000002   Zero   RW         1264    .bss.g_timxchy_pwmin_psc  atim.o
    0x20000836        -       0x00000001   Zero   RW         1263    .bss.g_timxchy_pwmin_sta  atim.o
    0x20000837        -       0x00000001   Zero   RW          155    .bss.g_uart2_rx_buffer  usart.o
    0x20000838        -       0x00000100   Zero   RW          152    .bss.g_uartx_handle  usart.o
    0x20000938        -       0x000000c8   Zero   RW          154    .bss.g_usart_rx_buf  usart.o
    0x20000a00        -       0x00000002   Zero   RW          150    .bss.g_usart_rx_sta  usart.o
    0x20000a02   0x080063a8   0x00000002   PAD
    0x20000a04        -       0x00000004   Zero   RW          217    .bss.uwTick         stm32f1xx_hal.o
    0x20000a08        -       0x00000200   Zero   RW            2    HEAP                startup_stm32f103xe.o
    0x20000c08        -       0x00000400   Zero   RW            1    STACK               startup_stm32f103xe.o


==============================================================================

Image component sizes


      Code (inc. data)   RO Data    RW Data    ZI Data      Debug   Object Name

       866          0          0          0        213       9689   adc.o
       500          0          0          0        156      10642   atim.o
        78          0          0          0          4       2516   delay.o
        32          8          0          0         68       6400   dma.o
       226          0          0          0        108       6225   encoder.o
       190          0          0          4          0       3836   exti.o
       512          0          0          0        291       9044   gtim.o
       304          0          0          0          4       2373   key.o
        96          0          0          0          0       1485   led.o
       262         12          0          4          3       2326   main.o
       226          0          0          0          0       2223   motor.o
      1720          0          0          0       1024      36815   oled.o
         0          0       2349          0          0        823   oled_data.o
        64         26        304          0       1536        944   startup_stm32f103xe.o
       158          0          0          5          4       6110   stm32f1xx_hal.o
      1968          0          0          0          0      12959   stm32f1xx_hal_adc.o
       204          0          0          0          0       8686   stm32f1xx_hal_adc_ex.o
       196          0          0          0          0       8765   stm32f1xx_hal_cortex.o
      1214          0          0          0          0       8220   stm32f1xx_hal_dma.o
       532         20          0          0          0       4660   stm32f1xx_hal_gpio.o
      1420          0         18          0          0       7607   stm32f1xx_hal_rcc.o
       526         36          0          0          0       3774   stm32f1xx_hal_rcc_ex.o
      2100          4          0          0          0      53360   stm32f1xx_hal_tim.o
         4          0          0          0          0      20430   stm32f1xx_hal_tim_ex.o
      1138          0          0          0          0      18987   stm32f1xx_hal_uart.o
        34          0          0          0          0       3706   stm32f1xx_it.o
        98          0          0          0          0       3726   sys.o
         2          0         24          4          0       1702   system_stm32f1xx.o
       442          0          0         20        544       7311   usart.o

    ----------------------------------------------------------------------
     15272        106       2728         40       3968     265344   Object Totals
         0          0         32          0          0          0   (incl. Generated)
       160          0          1          3         13          0   (incl. Padding)

    ----------------------------------------------------------------------

      Code (inc. data)   RO Data    RW Data    ZI Data      Debug   Library Member Name

         8          0          0          0          0         68   __main.o
       392          4         17          0          0         92   __printf_flags_ss_wp.o
        14          0          0          0          0         68   __printf_wp.o
         0          0          0          0          0          0   __rtentry.o
        12          0          0          0          0          0   __rtentry2.o
         6          0          0          0          0          0   __rtentry4.o
        94          8          0          0          0          0   __scatter.o
        26          0          0          0          0          0   __scatter_copy.o
        28          0          0          0          0          0   __scatter_zi.o
        72          0          0          0          0         96   _c16rtomb.o
         6          0          0          0          0          0   _printf_a.o
         6          0          0          0          0          0   _printf_c.o
        44          0          0          0          0        108   _printf_char.o
        48          6          0          0          0         96   _printf_char_common.o
        40          0          0          0          0         68   _printf_charcount.o
         6          0          0          0          0          0   _printf_d.o
       120         16          0          0          0         92   _printf_dec.o
         6          0          0          0          0          0   _printf_e.o
         6          0          0          0          0          0   _printf_f.o
      1052          0          0          0          0        148   _printf_fp_dec.o
       764          8         38          0          0        100   _printf_fp_hex.o
       128         16          0          0          0         84   _printf_fp_infnan.o
         6          0          0          0          0          0   _printf_g.o
       148          4         40          0          0        160   _printf_hex_int_ll_ptr.o
         6          0          0          0          0          0   _printf_i.o
       178          0          0          0          0         88   _printf_intcommon.o
        10          0          0          0          0          0   _printf_l.o
         6          0          0          0          0          0   _printf_lc.o
        10          0          0          0          0          0   _printf_ll.o
         6          0          0          0          0          0   _printf_lld.o
         6          0          0          0          0          0   _printf_lli.o
         6          0          0          0          0          0   _printf_llo.o
         6          0          0          0          0          0   _printf_llu.o
         6          0          0          0          0          0   _printf_llx.o
       124         16          0          0          0         92   _printf_longlong_dec.o
         6          0          0          0          0          0   _printf_ls.o
         6          0          0          0          0          0   _printf_n.o
         6          0          0          0          0          0   _printf_o.o
       112          8          0          0          0        124   _printf_oct_int_ll.o
         6          0          0          0          0          0   _printf_p.o
        78          0          0          0          0        108   _printf_pad.o
         0          0          0          0          0          0   _printf_percent.o
         4          0          0          0          0          0   _printf_percent_end.o
         6          0          0          0          0          0   _printf_s.o
        82          0          0          0          0         80   _printf_str.o
        36          0          0          0          0         84   _printf_truncate.o
         6          0          0          0          0          0   _printf_u.o
        44          0          0          0          0        108   _printf_wchar.o
       188          6          8          0          0         92   _printf_wctomb.o
         6          0          0          0          0          0   _printf_x.o
        10          0          0          0          0         68   _sputc.o
       228          4        148          0          0         96   bigflt0.o
      1936        128          0          0          0        668   btod.o
        18          0          0          0          0         80   exit.o
         6          0          0          0          0        152   heapauxi.o
        44         10        272          0          0         76   lc_ctype_c.o
        44         10         28          0          0         76   lc_numeric_c.o
         2          0          0          0          0          0   libinit.o
        30          0          0          0          0          0   libinit2.o
         2          0          0          0          0          0   libshutdown.o
         2          0          0          0          0          0   libshutdown2.o
         8          4          0          0         96         68   libspace.o
       138          0          0          0          0         80   lludiv10.o
        44          4          0          0          0         84   puts.o
        16          4          0          0          0         76   rt_ctype_table.o
         8          4          0          0          0         68   rt_locale_intlibspace.o
        78          0          0          0          0         80   rt_memclr_w.o
         2          0          0          0          0          0   rtexit.o
        10          0          0          0          0          0   rtexit2.o
       128          0          0          0          0         68   strcmpv7m.o
        74          0          0          0          0         80   sys_stackheap_outer.o
         2          0          0          0          0         68   use_no_semi.o
         2          0          0          0          0         68   use_no_semi_2.o
        36          4          0          0          0         76   vsprintf.o
         4          0          0          0          0         68   printf1.o
         4          0          0          0          0         68   printf2.o
         0          0          0          0          0          0   usenofp.o
        40          0          0          0          0         68   fpclassify.o

    ----------------------------------------------------------------------
      6916        264        552          0         96       4192   Library Totals
        18          0          1          0          0          0   (incl. Padding)

    ----------------------------------------------------------------------

      Code (inc. data)   RO Data    RW Data    ZI Data      Debug   Library Name

      6850        264        551          0         96       3988   c_w.l
         8          0          0          0          0        136   fz_ws.l
        40          0          0          0          0         68   m_ws.l

    ----------------------------------------------------------------------
      6916        264        552          0         96       4192   Library Totals

    ----------------------------------------------------------------------

==============================================================================


      Code (inc. data)   RO Data    RW Data    ZI Data      Debug   

     22188        370       3280         40       4064     266844   Grand Totals
     22188        370       3280         40       4064     266844   ELF Image Totals
     22188        370       3280         40          0          0   ROM Totals

==============================================================================

    Total RO  Size (Code + RO Data)                25468 (  24.87kB)
    Total RW  Size (RW Data + ZI Data)              4104 (   4.01kB)
    Total ROM Size (Code + RO Data + RW Data)      25508 (  24.91kB)

==============================================================================

